Archive member included to satisfy reference by file (symbol)

c:/sysgcc/arm-eabi/bin/../lib/gcc/arm-none-eabi/12.3.1/thumb/v7-m/nofp\libg.a(libc_a-exit.o)
                              c:/sysgcc/arm-eabi/bin/../lib/gcc/arm-none-eabi/12.3.1/thumb/v7-m/nofp/crt0.o (exit)
c:/sysgcc/arm-eabi/bin/../lib/gcc/arm-none-eabi/12.3.1/thumb/v7-m/nofp\libg.a(libc_a-findfp.o)
                              c:/sysgcc/arm-eabi/bin/../lib/gcc/arm-none-eabi/12.3.1/thumb/v7-m/nofp\libg.a(libc_a-exit.o) (__stdio_exit_handler)
c:/sysgcc/arm-eabi/bin/../lib/gcc/arm-none-eabi/12.3.1/thumb/v7-m/nofp\libg.a(libc_a-fwalk.o)
                              c:/sysgcc/arm-eabi/bin/../lib/gcc/arm-none-eabi/12.3.1/thumb/v7-m/nofp\libg.a(libc_a-findfp.o) (_fwalk_sglue)
c:/sysgcc/arm-eabi/bin/../lib/gcc/arm-none-eabi/12.3.1/thumb/v7-m/nofp\libg.a(libc_a-stdio.o)
                              c:/sysgcc/arm-eabi/bin/../lib/gcc/arm-none-eabi/12.3.1/thumb/v7-m/nofp\libg.a(libc_a-findfp.o) (__sread)
c:/sysgcc/arm-eabi/bin/../lib/gcc/arm-none-eabi/12.3.1/thumb/v7-m/nofp\libg.a(libc_a-memset.o)
                              c:/sysgcc/arm-eabi/bin/../lib/gcc/arm-none-eabi/12.3.1/thumb/v7-m/nofp/crt0.o (memset)
c:/sysgcc/arm-eabi/bin/../lib/gcc/arm-none-eabi/12.3.1/thumb/v7-m/nofp\libg.a(libc_a-closer.o)
                              c:/sysgcc/arm-eabi/bin/../lib/gcc/arm-none-eabi/12.3.1/thumb/v7-m/nofp\libg.a(libc_a-stdio.o) (_close_r)
c:/sysgcc/arm-eabi/bin/../lib/gcc/arm-none-eabi/12.3.1/thumb/v7-m/nofp\libg.a(libc_a-reent.o)
                              c:/sysgcc/arm-eabi/bin/../lib/gcc/arm-none-eabi/12.3.1/thumb/v7-m/nofp\libg.a(libc_a-closer.o) (errno)
c:/sysgcc/arm-eabi/bin/../lib/gcc/arm-none-eabi/12.3.1/thumb/v7-m/nofp\libg.a(libc_a-impure.o)
                              c:/sysgcc/arm-eabi/bin/../lib/gcc/arm-none-eabi/12.3.1/thumb/v7-m/nofp\libg.a(libc_a-reent.o) (_impure_ptr)
c:/sysgcc/arm-eabi/bin/../lib/gcc/arm-none-eabi/12.3.1/thumb/v7-m/nofp\libg.a(libc_a-lseekr.o)
                              c:/sysgcc/arm-eabi/bin/../lib/gcc/arm-none-eabi/12.3.1/thumb/v7-m/nofp\libg.a(libc_a-stdio.o) (_lseek_r)
c:/sysgcc/arm-eabi/bin/../lib/gcc/arm-none-eabi/12.3.1/thumb/v7-m/nofp\libg.a(libc_a-readr.o)
                              c:/sysgcc/arm-eabi/bin/../lib/gcc/arm-none-eabi/12.3.1/thumb/v7-m/nofp\libg.a(libc_a-stdio.o) (_read_r)
c:/sysgcc/arm-eabi/bin/../lib/gcc/arm-none-eabi/12.3.1/thumb/v7-m/nofp\libg.a(libc_a-writer.o)
                              c:/sysgcc/arm-eabi/bin/../lib/gcc/arm-none-eabi/12.3.1/thumb/v7-m/nofp\libg.a(libc_a-stdio.o) (_write_r)
c:/sysgcc/arm-eabi/bin/../lib/gcc/arm-none-eabi/12.3.1/thumb/v7-m/nofp\libg.a(libc_a-errno.o)
                              CMakeFiles/30L_DRIVE_LIFE_RGB_FAN.elf.dir/Core/Src/syscalls.c.obj (__errno)
c:/sysgcc/arm-eabi/bin/../lib/gcc/arm-none-eabi/12.3.1/thumb/v7-m/nofp\libg.a(libc_a-init.o)
                              c:/sysgcc/arm-eabi/bin/../lib/gcc/arm-none-eabi/12.3.1/thumb/v7-m/nofp/crt0.o (__libc_init_array)
c:/sysgcc/arm-eabi/bin/../lib/gcc/arm-none-eabi/12.3.1/thumb/v7-m/nofp\libg.a(libc_a-lock.o)
                              c:/sysgcc/arm-eabi/bin/../lib/gcc/arm-none-eabi/12.3.1/thumb/v7-m/nofp\libg.a(libc_a-findfp.o) (__retarget_lock_init_recursive)
c:/sysgcc/arm-eabi/bin/../lib/gcc/arm-none-eabi/12.3.1/thumb/v7-m/nofp\libg.a(libc_a-__call_atexit.o)
                              c:/sysgcc/arm-eabi/bin/../lib/gcc/arm-none-eabi/12.3.1/thumb/v7-m/nofp\libg.a(libc_a-exit.o) (__call_exitprocs)
c:/sysgcc/arm-eabi/bin/../lib/gcc/arm-none-eabi/12.3.1/thumb/v7-m/nofp\libg.a(libc_a-atexit.o)
                              c:/sysgcc/arm-eabi/bin/../lib/gcc/arm-none-eabi/12.3.1/thumb/v7-m/nofp\libg.a(libc_a-__call_atexit.o) (atexit)
c:/sysgcc/arm-eabi/bin/../lib/gcc/arm-none-eabi/12.3.1/thumb/v7-m/nofp\libg.a(libc_a-freer.o)
                              c:/sysgcc/arm-eabi/bin/../lib/gcc/arm-none-eabi/12.3.1/thumb/v7-m/nofp\libg.a(libc_a-reent.o) (_free_r)
c:/sysgcc/arm-eabi/bin/../lib/gcc/arm-none-eabi/12.3.1/thumb/v7-m/nofp\libg.a(libc_a-mallocr.o)
                              c:/sysgcc/arm-eabi/bin/../lib/gcc/arm-none-eabi/12.3.1/thumb/v7-m/nofp\libg.a(libc_a-findfp.o) (_malloc_r)
c:/sysgcc/arm-eabi/bin/../lib/gcc/arm-none-eabi/12.3.1/thumb/v7-m/nofp\libg.a(libc_a-mlock.o)
                              c:/sysgcc/arm-eabi/bin/../lib/gcc/arm-none-eabi/12.3.1/thumb/v7-m/nofp\libg.a(libc_a-freer.o) (__malloc_lock)
c:/sysgcc/arm-eabi/bin/../lib/gcc/arm-none-eabi/12.3.1/thumb/v7-m/nofp\libg.a(libc_a-fclose.o)
                              c:/sysgcc/arm-eabi/bin/../lib/gcc/arm-none-eabi/12.3.1/thumb/v7-m/nofp\libg.a(libc_a-findfp.o) (_fclose_r)
c:/sysgcc/arm-eabi/bin/../lib/gcc/arm-none-eabi/12.3.1/thumb/v7-m/nofp\libg.a(libc_a-fflush.o)
                              c:/sysgcc/arm-eabi/bin/../lib/gcc/arm-none-eabi/12.3.1/thumb/v7-m/nofp\libg.a(libc_a-fclose.o) (__sflush_r)
c:/sysgcc/arm-eabi/bin/../lib/gcc/arm-none-eabi/12.3.1/thumb/v7-m/nofp\libg.a(libc_a-sbrkr.o)
[...]
Memory Configuration

Name             Origin             Length             Attributes
RAM              0x20000000         0x00005000         xrw
FLASH            0x08000000         0x00010000         xr
*default*        0x00000000         0xffffffff

Linker script and memory map

LOAD c:/sysgcc/arm-eabi/bin/../lib/gcc/arm-none-eabi/12.3.1/thumb/v7-m/nofp/crti.o
LOAD c:/sysgcc/arm-eabi/bin/../lib/gcc/arm-none-eabi/12.3.1/thumb/v7-m/nofp/crtbegin.o
LOAD c:/sysgcc/arm-eabi/bin/../lib/gcc/arm-none-eabi/12.3.1/thumb/v7-m/nofp/crt0.o
LOAD CMakeFiles/30L_DRIVE_LIFE_RGB_FAN.elf.dir/APP/FanDrive.c.obj
LOAD CMakeFiles/30L_DRIVE_LIFE_RGB_FAN.elf.dir/APP/NtcAdc.c.obj
LOAD CMakeFiles/30L_DRIVE_LIFE_RGB_FAN.elf.dir/APP/RgbLedDrive.c.obj
LOAD CMakeFiles/30L_DRIVE_LIFE_RGB_FAN.elf.dir/APP/SysAdcValue.c.obj
LOAD CMakeFiles/30L_DRIVE_LIFE_RGB_FAN.elf.dir/APP/UvcDrive.c.obj
LOAD CMakeFiles/30L_DRIVE_LIFE_RGB_FAN.elf.dir/Core/Src/adc.c.obj
LOAD CMakeFiles/30L_DRIVE_LIFE_RGB_FAN.elf.dir/Core/Src/dma.c.obj
LOAD CMakeFiles/30L_DRIVE_LIFE_RGB_FAN.elf.dir/Core/Src/gpio.c.obj
LOAD CMakeFiles/30L_DRIVE_LIFE_RGB_FAN.elf.dir/Core/Src/main.c.obj
LOAD CMakeFiles/30L_DRIVE_LIFE_RGB_FAN.elf.dir/Core/Src/stm32f1xx_hal_msp.c.obj
LOAD CMakeFiles/30L_DRIVE_LIFE_RGB_FAN.elf.dir/Core/Src/stm32f1xx_it.c.obj
LOAD CMakeFiles/30L_DRIVE_LIFE_RGB_FAN.elf.dir/Core/Src/syscalls.c.obj
LOAD CMakeFiles/30L_DRIVE_LIFE_RGB_FAN.elf.dir/Core/Src/sysmem.c.obj
LOAD CMakeFiles/30L_DRIVE_LIFE_RGB_FAN.elf.dir/Core/Src/system_stm32f1xx.c.obj
LOAD CMakeFiles/30L_DRIVE_LIFE_RGB_FAN.elf.dir/Core/Src/tim.c.obj
LOAD CMakeFiles/30L_DRIVE_LIFE_RGB_FAN.elf.dir/Core/Src/usart.c.obj
LOAD CMakeFiles/30L_DRIVE_LIFE_RGB_FAN.elf.dir/Core/Startup/startup_stm32f103c8tx.s.obj
LOAD CMakeFiles/30L_DRIVE_LIFE_RGB_FAN.elf.dir/Drivers/STM32F1xx_HAL_Driver/Src/stm32f1xx_hal.c.obj
LOAD CMakeFiles/30L_DRIVE_LIFE_RGB_FAN.elf.dir/Drivers/STM32F1xx_HAL_Driver/Src/stm32f1xx_hal_adc.c.obj
LOAD CMakeFiles/30L_DRIVE_LIFE_RGB_FAN.elf.dir/Drivers/STM32F1xx_HAL_Driver/Src/stm32f1xx_hal_adc_ex.c.obj
LOAD CMakeFiles/30L_DRIVE_LIFE_RGB_FAN.elf.dir/Drivers/STM32F1xx_HAL_Driver/Src/stm32f1xx_hal_cortex.c.obj
LOAD CMakeFiles/30L_DRIVE_LIFE_RGB_FAN.elf.dir/Drivers/STM32F1xx_HAL_Driver/Src/stm32f1xx_hal_dma.c.obj
LOAD CMakeFiles/30L_DRIVE_LIFE_RGB_FAN.elf.dir/Drivers/STM32F1xx_HAL_Driver/Src/stm32f1xx_hal_exti.c.obj
LOAD CMakeFiles/30L_DRIVE_LIFE_RGB_FAN.elf.dir/Drivers/STM32F1xx_HAL_Driver/Src/stm32f1xx_hal_flash.c.obj
LOAD CMakeFiles/30L_DRIVE_LIFE_RGB_FAN.elf.dir/Drivers/STM32F1xx_HAL_Driver/Src/stm32f1xx_hal_flash_ex.c.obj
LOAD CMakeFiles/30L_DRIVE_LIFE_RGB_FAN.elf.dir/Drivers/STM32F1xx_HAL_Driver/Src/stm32f1xx_hal_gpio.c.obj
LOAD CMakeFiles/30L_DRIVE_LIFE_RGB_FAN.elf.dir/Drivers/STM32F1xx_HAL_Driver/Src/stm32f1xx_hal_gpio_ex.c.obj
LOAD CMakeFiles/30L_DRIVE_LIFE_RGB_FAN.elf.dir/Drivers/STM32F1xx_HAL_Driver/Src/stm32f1xx_hal_pwr.c.obj
LOAD CMakeFiles/30L_DRIVE_LIFE_RGB_FAN.elf.dir/Drivers/STM32F1xx_HAL_Driver/Src/stm32f1xx_hal_rcc.c.obj
LOAD CMakeFiles/30L_DRIVE_LIFE_RGB_FAN.elf.dir/Drivers/STM32F1xx_HAL_Driver/Src/stm32f1xx_hal_rcc_ex.c.obj
LOAD CMakeFiles/30L_DRIVE_LIFE_RGB_FAN.elf.dir/Drivers/STM32F1xx_HAL_Driver/Src/stm32f1xx_hal_tim.c.obj
LOAD CMakeFiles/30L_DRIVE_LIFE_RGB_FAN.elf.dir/Drivers/STM32F1xx_HAL_Driver/Src/stm32f1xx_hal_tim_ex.c.obj
LOAD CMakeFiles/30L_DRIVE_LIFE_RGB_FAN.elf.dir/Drivers/STM32F1xx_HAL_Driver/Src/stm32f1xx_hal_uart.c.obj
START GROUP
LOAD c:/sysgcc/arm-eabi/bin/../lib/gcc/arm-none-eabi/12.3.1/thumb/v7-m/nofp\libgcc.a
LOAD c:/sysgcc/arm-eabi/bin/../lib/gcc/arm-none-eabi/12.3.1/thumb/v7-m/nofp\libg.a
LOAD c:/sysgcc/arm-eabi/bin/../lib/gcc/arm-none-eabi/12.3.1/thumb/v7-m/nofp\libc.a
END GROUP
LOAD c:/sysgcc/arm-eabi/bin/../lib/gcc/arm-none-eabi/12.3.1/thumb/v7-m/nofp/crtend.o
LOAD c:/sysgcc/arm-eabi/bin/../lib/gcc/arm-none-eabi/12.3.1/thumb/v7-m/nofp/crtn.o
                0x20005000                        _estack = (ORIGIN (RAM) + LENGTH (RAM))
                0x00000200                        _Min_Heap_Size = 0x200
                0x00000400                        _Min_Stack_Size = 0x400

.isr_vector     0x08000000      0x10c
                0x08000000                        . = ALIGN (0x4)
 *(.isr_vector)
 .isr_vector    0x08000000      0x10c CMakeFiles/30L_DRIVE_LIFE_RGB_FAN.elf.dir/Core/Startup/startup_stm32f103c8tx.s.obj
                0x08000000                g_pfnVectors
                0x0800010c                        . = ALIGN (0x4)

.text           0x0800010c     0x22cc
                0x0800010c                        . = ALIGN (0x4)
 *(.text)
 *(.text*)
 .text.deregister_tm_clones
                0x0800010c       0x1c c:/sysgcc/arm-eabi/bin/../lib/gcc/arm-none-eabi/12.3.1/thumb/v7-m/nofp/crtbegin.o
 .text.register_tm_clones
                0x08000128       0x24 c:/sysgcc/arm-eabi/bin/../lib/gcc/arm-none-eabi/12.3.1/thumb/v7-m/nofp/crtbegin.o
 .text.__do_global_dtors_aux
                0x0800014c       0x28 c:/sysgcc/arm-eabi/bin/../lib/gcc/arm-none-eabi/12.3.1/thumb/v7-m/nofp/crtbegin.o
 .text.frame_dummy
                0x08000174       0x24 c:/sysgcc/arm-eabi/bin/../lib/gcc/arm-none-eabi/12.3.1/thumb/v7-m/nofp/crtbegin.o
 .text.MX_ADC1_Init
                0x08000198       0xf4 CMakeFiles/30L_DRIVE_LIFE_RGB_FAN.elf.dir/Core/Src/adc.c.obj
                0x08000198                MX_ADC1_Init
 .text.HAL_ADC_MspInit
                0x0800028c       0xbc CMakeFiles/30L_DRIVE_LIFE_RGB_FAN.elf.dir/Core/Src/adc.c.obj
                0x0800028c                HAL_ADC_MspInit
 .text.MX_DMA_Init
                0x08000348       0x34 CMakeFiles/30L_DRIVE_LIFE_RGB_FAN.elf.dir/Core/Src/dma.c.obj
                0x08000348                MX_DMA_Init
 .text.MX_GPIO_Init
                0x0800037c       0x78 CMakeFiles/30L_DRIVE_LIFE_RGB_FAN.elf.dir/Core/Src/gpio.c.obj
                0x0800037c                MX_GPIO_Init
 .text.Error_Handler
                0x080003f4        0x4 CMakeFiles/30L_DRIVE_LIFE_RGB_FAN.elf.dir/Core/Src/main.c.obj
                0x080003f4                Error_Handler
 .text.SystemClock_Config
                0x080003f8       0x84 CMakeFiles/30L_DRIVE_LIFE_RGB_FAN.elf.dir/Core/Src/main.c.obj
                0x080003f8                SystemClock_Config
 .text.main     0x0800047c       0x28 CMakeFiles/30L_DRIVE_LIFE_RGB_FAN.elf.dir/Core/Src/main.c.obj
                0x0800047c                main
 .text.HAL_MspInit
                0x080004a4       0x58 CMakeFiles/30L_DRIVE_LIFE_RGB_FAN.elf.dir/Core/Src/stm32f1xx_hal_msp.c.obj
                0x080004a4                HAL_MspInit
 .text.NMI_Handler
                0x080004fc        0x2 CMakeFiles/30L_DRIVE_LIFE_RGB_FAN.elf.dir/Core/Src/stm32f1xx_it.c.obj
                0x080004fc                NMI_Handler
 .text.HardFault_Handler
                0x080004fe        0x2 CMakeFiles/30L_DRIVE_LIFE_RGB_FAN.elf.dir/Core/Src/stm32f1xx_it.c.obj
                0x080004fe                HardFault_Handler
 .text.MemManage_Handler
                0x08000500        0x2 CMakeFiles/30L_DRIVE_LIFE_RGB_FAN.elf.dir/Core/Src/stm32f1xx_it.c.obj
                0x08000500                MemManage_Handler
 .text.BusFault_Handler
                0x08000502        0x2 CMakeFiles/30L_DRIVE_LIFE_RGB_FAN.elf.dir/Core/Src/stm32f1xx_it.c.obj
                0x08000502                BusFault_Handler
 .text.UsageFault_Handler
                0x08000504        0x2 CMakeFiles/30L_DRIVE_LIFE_RGB_FAN.elf.dir/Core/Src/stm32f1xx_it.c.obj
                0x08000504                UsageFault_Handler
 .text.SVC_Handler
                0x08000506        0x2 CMakeFiles/30L_DRIVE_LIFE_RGB_FAN.elf.dir/Core/Src/stm32f1xx_it.c.obj
                0x08000506                SVC_Handler
 .text.DebugMon_Handler
                0x08000508        0x2 CMakeFiles/30L_DRIVE_LIFE_RGB_FAN.elf.dir/Core/Src/stm32f1xx_it.c.obj
                0x08000508                DebugMon_Handler
 .text.PendSV_Handler
                0x0800050a        0x2 CMakeFiles/30L_DRIVE_LIFE_RGB_FAN.elf.dir/Core/Src/stm32f1xx_it.c.obj
                0x0800050a                PendSV_Handler
 .text.SysTick_Handler
                0x0800050c        0x8 CMakeFiles/30L_DRIVE_LIFE_RGB_FAN.elf.dir/Core/Src/stm32f1xx_it.c.obj
                0x0800050c                SysTick_Handler
 .text.PVD_IRQHandler
                0x08000514        0x8 CMakeFiles/30L_DRIVE_LIFE_RGB_FAN.elf.dir/Core/Src/stm32f1xx_it.c.obj
                0x08000514                PVD_IRQHandler
 .text.DMA1_Channel1_IRQHandler
                0x0800051c       0x10 CMakeFiles/30L_DRIVE_LIFE_RGB_FAN.elf.dir/Core/Src/stm32f1xx_it.c.obj
                0x0800051c                DMA1_Channel1_IRQHandler
 .text.SystemInit
                0x0800052c        0x2 CMakeFiles/30L_DRIVE_LIFE_RGB_FAN.elf.dir/Core/Src/system_stm32f1xx.c.obj
                0x0800052c                SystemInit
 *fill*         0x0800052e        0x2 
 .text.MX_TIM3_Init
                0x08000530       0xa0 CMakeFiles/30L_DRIVE_LIFE_RGB_FAN.elf.dir/Core/Src/tim.c.obj
                0x08000530                MX_TIM3_Init
 .text.HAL_TIM_Base_MspInit
                0x080005d0       0x9c CMakeFiles/30L_DRIVE_LIFE_RGB_FAN.elf.dir/Core/Src/tim.c.obj
                0x080005d0                HAL_TIM_Base_MspInit
 .text.HAL_TIM_MspPostInit
                0x0800066c       0xc0 CMakeFiles/30L_DRIVE_LIFE_RGB_FAN.elf.dir/Core/Src/tim.c.obj
                0x0800066c                HAL_TIM_MspPostInit
 .text.MX_TIM1_Init
                0x0800072c       0xf8 CMakeFiles/30L_DRIVE_LIFE_RGB_FAN.elf.dir/Core/Src/tim.c.obj
                0x0800072c                MX_TIM1_Init
 .text.MX_TIM2_Init
                0x08000824       0xc0 CMakeFiles/30L_DRIVE_LIFE_RGB_FAN.elf.dir/Core/Src/tim.c.obj
                0x08000824                MX_TIM2_Init
 .text.MX_USART1_UART_Init
                0x080008e4       0x34 CMakeFiles/30L_DRIVE_LIFE_RGB_FAN.elf.dir/Core/Src/usart.c.obj
                0x080008e4                MX_USART1_UART_Init
 .text.HAL_UART_MspInit
                0x08000918       0x88 CMakeFiles/30L_DRIVE_LIFE_RGB_FAN.elf.dir/Core/Src/usart.c.obj
                0x08000918                HAL_UART_MspInit
 .text.Reset_Handler
                0x080009a0       0x48 CMakeFiles/30L_DRIVE_LIFE_RGB_FAN.elf.dir/Core/Startup/startup_stm32f103c8tx.s.obj
                0x080009a0                Reset_Handler
 .text.Default_Handler
                0x080009e8        0x2 CMakeFiles/30L_DRIVE_LIFE_RGB_FAN.elf.dir/Core/Startup/startup_stm32f103c8tx.s.obj
                0x080009e8                RTC_Alarm_IRQHandler
                0x080009e8                EXTI2_IRQHandler
                0x080009e8                TIM1_CC_IRQHandler
                0x080009e8                EXTI3_IRQHandler
                0x080009e8                EXTI0_IRQHandler
                0x080009e8                I2C2_EV_IRQHandler
                0x080009e8                ADC1_2_IRQHandler
                0x080009e8                SPI1_IRQHandler
                0x080009e8                TAMPER_IRQHandler
                0x080009e8                DMA1_Channel4_IRQHandler
                0x080009e8                USART3_IRQHandler
                0x080009e8                RTC_IRQHandler
                0x080009e8                DMA1_Channel7_IRQHandler
                0x080009e8                CAN1_RX1_IRQHandler
                0x080009e8                TIM4_IRQHandler
                0x080009e8                I2C1_EV_IRQHandler
                0x080009e8                DMA1_Channel6_IRQHandler
                0x080009e8                TIM3_IRQHandler
                0x080009e8                RCC_IRQHandler
                0x080009e8                TIM1_TRG_COM_IRQHandler
                0x080009e8                Default_Handler
                0x080009e8                EXTI15_10_IRQHandler
                0x080009e8                EXTI9_5_IRQHandler
                0x080009e8                SPI2_IRQHandler
                0x080009e8                DMA1_Channel5_IRQHandler
                0x080009e8                EXTI4_IRQHandler
                0x080009e8                USB_LP_CAN1_RX0_IRQHandler
                0x080009e8                USB_HP_CAN1_TX_IRQHandler
                0x080009e8                DMA1_Channel3_IRQHandler
                0x080009e8                TIM1_UP_IRQHandler
                0x080009e8                WWDG_IRQHandler
                0x080009e8                TIM2_IRQHandler
                0x080009e8                TIM1_BRK_IRQHandler
                0x080009e8                EXTI1_IRQHandler
                0x080009e8                USART2_IRQHandler
                0x080009e8                I2C2_ER_IRQHandler
                0x080009e8                DMA1_Channel2_IRQHandler
                0x080009e8                CAN1_SCE_IRQHandler
                0x080009e8                FLASH_IRQHandler
                0x080009e8                USART1_IRQHandler
                0x080009e8                I2C1_ER_IRQHandler
                0x080009e8                USBWakeUp_IRQHandler
 *fill*         0x080009ea        0x2 
 .text.HAL_InitTick
                0x080009ec       0x4c CMakeFiles/30L_DRIVE_LIFE_RGB_FAN.elf.dir/Drivers/STM32F1xx_HAL_Driver/Src/stm32f1xx_hal.c.obj
                0x080009ec                HAL_InitTick
 .text.HAL_Init
                0x08000a38       0x24 CMakeFiles/30L_DRIVE_LIFE_RGB_FAN.elf.dir/Drivers/STM32F1xx_HAL_Driver/Src/stm32f1xx_hal.c.obj
                0x08000a38                HAL_Init
 .text.HAL_IncTick
                0x08000a5c       0x18 CMakeFiles/30L_DRIVE_LIFE_RGB_FAN.elf.dir/Drivers/STM32F1xx_HAL_Driver/Src/stm32f1xx_hal.c.obj
                0x08000a5c                HAL_IncTick
 .text.HAL_GetTick
                0x08000a74        0xc CMakeFiles/30L_DRIVE_LIFE_RGB_FAN.elf.dir/Drivers/STM32F1xx_HAL_Driver/Src/stm32f1xx_hal.c.obj
                0x08000a74                HAL_GetTick
 .text.HAL_ADC_ConfigChannel
                0x08000a80      0x140 CMakeFiles/30L_DRIVE_LIFE_RGB_FAN.elf.dir/Drivers/STM32F1xx_HAL_Driver/Src/stm32f1xx_hal_adc.c.obj
                0x08000a80                HAL_ADC_ConfigChannel
 .text.ADC_ConversionStop_Disable
                0x08000bc0       0x56 CMakeFiles/30L_DRIVE_LIFE_RGB_FAN.elf.dir/Drivers/STM32F1xx_HAL_Driver/Src/stm32f1xx_hal_adc.c.obj
                0x08000bc0                ADC_ConversionStop_Disable
 *fill*         0x08000c16        0x2 
 .text.HAL_ADC_Init
                0x08000c18      0x108 CMakeFiles/30L_DRIVE_LIFE_RGB_FAN.elf.dir/Drivers/STM32F1xx_HAL_Driver/Src/stm32f1xx_hal_adc.c.obj
                0x08000c18                HAL_ADC_Init
 .text.__NVIC_SetPriority
                0x08000d20       0x28 CMakeFiles/30L_DRIVE_LIFE_RGB_FAN.elf.dir/Drivers/STM32F1xx_HAL_Driver/Src/stm32f1xx_hal_cortex.c.obj
 .text.NVIC_EncodePriority
                0x08000d48       0x3e CMakeFiles/30L_DRIVE_LIFE_RGB_FAN.elf.dir/Drivers/STM32F1xx_HAL_Driver/Src/stm32f1xx_hal_cortex.c.obj
 *fill*         0x08000d86        0x2 
 .text.HAL_NVIC_SetPriorityGrouping
                0x08000d88       0x24 CMakeFiles/30L_DRIVE_LIFE_RGB_FAN.elf.dir/Drivers/STM32F1xx_HAL_Driver/Src/stm32f1xx_hal_cortex.c.obj
                0x08000d88                HAL_NVIC_SetPriorityGrouping
 .text.HAL_NVIC_SetPriority
                0x08000dac       0x20 CMakeFiles/30L_DRIVE_LIFE_RGB_FAN.elf.dir/Drivers/STM32F1xx_HAL_Driver/Src/stm32f1xx_hal_cortex.c.obj
                0x08000dac                HAL_NVIC_SetPriority
 .text.HAL_NVIC_EnableIRQ
                0x08000dcc       0x1c CMakeFiles/30L_DRIVE_LIFE_RGB_FAN.elf.dir/Drivers/STM32F1xx_HAL_Driver/Src/stm32f1xx_hal_cortex.c.obj
                0x08000dcc                HAL_NVIC_EnableIRQ
 .text.HAL_SYSTICK_Config
                0x08000de8       0x28 CMakeFiles/30L_DRIVE_LIFE_RGB_FAN.elf.dir/Drivers/STM32F1xx_HAL_Driver/Src/stm32f1xx_hal_cortex.c.obj
                0x08000de8                HAL_SYSTICK_Config
 .text.HAL_DMA_Init
                0x08000e10       0x6c CMakeFiles/30L_DRIVE_LIFE_RGB_FAN.elf.dir/Drivers/STM32F1xx_HAL_Driver/Src/stm32f1xx_hal_dma.c.obj
                0x08000e10                HAL_DMA_Init
 .text.HAL_DMA_IRQHandler
                0x08000e7c      0x144 CMakeFiles/30L_DRIVE_LIFE_RGB_FAN.elf.dir/Drivers/STM32F1xx_HAL_Driver/Src/stm32f1xx_hal_dma.c.obj
                0x08000e7c                HAL_DMA_IRQHandler
 .text.HAL_GPIO_Init
                0x08000fc0      0x21c CMakeFiles/30L_DRIVE_LIFE_RGB_FAN.elf.dir/Drivers/STM32F1xx_HAL_Driver/Src/stm32f1xx_hal_gpio.c.obj
                0x08000fc0                HAL_GPIO_Init
 .text.HAL_GPIO_WritePin
                0x080011dc        0xc CMakeFiles/30L_DRIVE_LIFE_RGB_FAN.elf.dir/Drivers/STM32F1xx_HAL_Driver/Src/stm32f1xx_hal_gpio.c.obj
                0x080011dc                HAL_GPIO_WritePin
 .text.HAL_PWR_PVDCallback
                0x080011e8        0x2 CMakeFiles/30L_DRIVE_LIFE_RGB_FAN.elf.dir/Drivers/STM32F1xx_HAL_Driver/Src/stm32f1xx_hal_pwr.c.obj
                0x080011e8                HAL_PWR_PVDCallback
 *fill*         0x080011ea        0x2 
 .text.HAL_PWR_PVD_IRQHandler
                0x080011ec       0x20 CMakeFiles/30L_DRIVE_LIFE_RGB_FAN.elf.dir/Drivers/STM32F1xx_HAL_Driver/Src/stm32f1xx_hal_pwr.c.obj
                0x080011ec                HAL_PWR_PVD_IRQHandler
 .text.RCC_Delay
                0x0800120c       0x2c CMakeFiles/30L_DRIVE_LIFE_RGB_FAN.elf.dir/Drivers/STM32F1xx_HAL_Driver/Src/stm32f1xx_hal_rcc.c.obj
 .text.HAL_RCC_OscConfig
                0x08001238      0x410 CMakeFiles/30L_DRIVE_LIFE_RGB_FAN.elf.dir/Drivers/STM32F1xx_HAL_Driver/Src/stm32f1xx_hal_rcc.c.obj
                0x08001238                HAL_RCC_OscConfig
 .text.HAL_RCC_GetSysClockFreq
                0x08001648       0x54 CMakeFiles/30L_DRIVE_LIFE_RGB_FAN.elf.dir/Drivers/STM32F1xx_HAL_Driver/Src/stm32f1xx_hal_rcc.c.obj
                0x08001648                HAL_RCC_GetSysClockFreq
 .text.HAL_RCC_ClockConfig
                0x0800169c      0x16c CMakeFiles/30L_DRIVE_LIFE_RGB_FAN.elf.dir/Drivers/STM32F1xx_HAL_Driver/Src/stm32f1xx_hal_rcc.c.obj
                0x0800169c                HAL_RCC_ClockConfig
 .text.HAL_RCC_GetHCLKFreq
                0x08001808        0xc CMakeFiles/30L_DRIVE_LIFE_RGB_FAN.elf.dir/Drivers/STM32F1xx_HAL_Driver/Src/stm32f1xx_hal_rcc.c.obj
                0x08001808                HAL_RCC_GetHCLKFreq
 .text.HAL_RCC_GetPCLK1Freq
                0x08001814       0x20 CMakeFiles/30L_DRIVE_LIFE_RGB_FAN.elf.dir/Drivers/STM32F1xx_HAL_Driver/Src/stm32f1xx_hal_rcc.c.obj
                0x08001814                HAL_RCC_GetPCLK1Freq
 .text.HAL_RCC_GetPCLK2Freq
                0x08001834       0x20 CMakeFiles/30L_DRIVE_LIFE_RGB_FAN.elf.dir/Drivers/STM32F1xx_HAL_Driver/Src/stm32f1xx_hal_rcc.c.obj
                0x08001834                HAL_RCC_GetPCLK2Freq
 .text.HAL_RCCEx_PeriphCLKConfig
                0x08001854      0x118 CMakeFiles/30L_DRIVE_LIFE_RGB_FAN.elf.dir/Drivers/STM32F1xx_HAL_Driver/Src/stm32f1xx_hal_rcc_ex.c.obj
                0x08001854                HAL_RCCEx_PeriphCLKConfig
 .text.TIM_OC1_SetConfig
                0x0800196c       0x54 CMakeFiles/30L_DRIVE_LIFE_RGB_FAN.elf.dir/Drivers/STM32F1xx_HAL_Driver/Src/stm32f1xx_hal_tim.c.obj
 .text.TIM_OC3_SetConfig
                0x080019c0       0x5c CMakeFiles/30L_DRIVE_LIFE_RGB_FAN.elf.dir/Drivers/STM32F1xx_HAL_Driver/Src/stm32f1xx_hal_tim.c.obj
 .text.TIM_OC4_SetConfig
                0x08001a1c       0x48 CMakeFiles/30L_DRIVE_LIFE_RGB_FAN.elf.dir/Drivers/STM32F1xx_HAL_Driver/Src/stm32f1xx_hal_tim.c.obj
 .text.TIM_TI1_ConfigInputStage
                0x08001a64       0x24 CMakeFiles/30L_DRIVE_LIFE_RGB_FAN.elf.dir/Drivers/STM32F1xx_HAL_Driver/Src/stm32f1xx_hal_tim.c.obj
 .text.TIM_TI2_SetConfig
                0x08001a88       0x36 CMakeFiles/30L_DRIVE_LIFE_RGB_FAN.elf.dir/Drivers/STM32F1xx_HAL_Driver/Src/stm32f1xx_hal_tim.c.obj
 .text.TIM_TI2_ConfigInputStage
                0x08001abe       0x26 CMakeFiles/30L_DRIVE_LIFE_RGB_FAN.elf.dir/Drivers/STM32F1xx_HAL_Driver/Src/stm32f1xx_hal_tim.c.obj
 .text.TIM_TI3_SetConfig
                0x08001ae4       0x36 CMakeFiles/30L_DRIVE_LIFE_RGB_FAN.elf.dir/Drivers/STM32F1xx_HAL_Driver/Src/stm32f1xx_hal_tim.c.obj
 .text.TIM_TI4_SetConfig
                0x08001b1a       0x36 CMakeFiles/30L_DRIVE_LIFE_RGB_FAN.elf.dir/Drivers/STM32F1xx_HAL_Driver/Src/stm32f1xx_hal_tim.c.obj
 .text.TIM_ITRx_SetConfig
                0x08001b50       0x10 CMakeFiles/30L_DRIVE_LIFE_RGB_FAN.elf.dir/Drivers/STM32F1xx_HAL_Driver/Src/stm32f1xx_hal_tim.c.obj
 .text.HAL_TIM_PWM_MspInit
                0x08001b60        0x2 CMakeFiles/30L_DRIVE_LIFE_RGB_FAN.elf.dir/Drivers/STM32F1xx_HAL_Driver/Src/stm32f1xx_hal_tim.c.obj
                0x08001b60                HAL_TIM_PWM_MspInit
 .text.HAL_TIM_IC_MspInit
                0x08001b62        0x2 CMakeFiles/30L_DRIVE_LIFE_RGB_FAN.elf.dir/Drivers/STM32F1xx_HAL_Driver/Src/stm32f1xx_hal_tim.c.obj
                0x08001b62                HAL_TIM_IC_MspInit
 .text.TIM_Base_SetConfig
                0x08001b64       0x74 CMakeFiles/30L_DRIVE_LIFE_RGB_FAN.elf.dir/Drivers/STM32F1xx_HAL_Driver/Src/stm32f1xx_hal_tim.c.obj
                0x08001b64                TIM_Base_SetConfig
 .text.HAL_TIM_Base_Init
                0x08001bd8       0x58 CMakeFiles/30L_DRIVE_LIFE_RGB_FAN.elf.dir/Drivers/STM32F1xx_HAL_Driver/Src/stm32f1xx_hal_tim.c.obj
                0x08001bd8                HAL_TIM_Base_Init
 .text.HAL_TIM_PWM_Init
                0x08001c30       0x58 CMakeFiles/30L_DRIVE_LIFE_RGB_FAN.elf.dir/Drivers/STM32F1xx_HAL_Driver/Src/stm32f1xx_hal_tim.c.obj
                0x08001c30                HAL_TIM_PWM_Init
 .text.HAL_TIM_IC_Init
                0x08001c88       0x58 CMakeFiles/30L_DRIVE_LIFE_RGB_FAN.elf.dir/Drivers/STM32F1xx_HAL_Driver/Src/stm32f1xx_hal_tim.c.obj
                0x08001c88                HAL_TIM_IC_Init
 .text.TIM_OC2_SetConfig
                0x08001ce0       0x5c CMakeFiles/30L_DRIVE_LIFE_RGB_FAN.elf.dir/Drivers/STM32F1xx_HAL_Driver/Src/stm32f1xx_hal_tim.c.obj
                0x08001ce0                TIM_OC2_SetConfig
 .text.HAL_TIM_PWM_ConfigChannel
                0x08001d3c       0xdc CMakeFiles/30L_DRIVE_LIFE_RGB_FAN.elf.dir/Drivers/STM32F1xx_HAL_Driver/Src/stm32f1xx_hal_tim.c.obj
                0x08001d3c                HAL_TIM_PWM_ConfigChannel
 .text.TIM_TI1_SetConfig
                0x08001e18       0x58 CMakeFiles/30L_DRIVE_LIFE_RGB_FAN.elf.dir/Drivers/STM32F1xx_HAL_Driver/Src/stm32f1xx_hal_tim.c.obj
                0x08001e18                TIM_TI1_SetConfig
 .text.HAL_TIM_IC_ConfigChannel
                0x08001e70       0xc4 CMakeFiles/30L_DRIVE_LIFE_RGB_FAN.elf.dir/Drivers/STM32F1xx_HAL_Driver/Src/stm32f1xx_hal_tim.c.obj
                0x08001e70                HAL_TIM_IC_ConfigChannel
 .text.TIM_ETR_SetConfig
                0x08001f34       0x18 CMakeFiles/30L_DRIVE_LIFE_RGB_FAN.elf.dir/Drivers/STM32F1xx_HAL_Driver/Src/stm32f1xx_hal_tim.c.obj
                0x08001f34                TIM_ETR_SetConfig
 .text.HAL_TIM_ConfigClockSource
                0x08001f4c       0xfe CMakeFiles/30L_DRIVE_LIFE_RGB_FAN.elf.dir/Drivers/STM32F1xx_HAL_Driver/Src/stm32f1xx_hal_tim.c.obj
                0x08001f4c                HAL_TIM_ConfigClockSource
 *fill*         0x0800204a        0x2 
 .text.HAL_TIMEx_MasterConfigSynchronization
                0x0800204c       0x6c CMakeFiles/30L_DRIVE_LIFE_RGB_FAN.elf.dir/Drivers/STM32F1xx_HAL_Driver/Src/stm32f1xx_hal_tim_ex.c.obj
                0x0800204c                HAL_TIMEx_MasterConfigSynchronization
 .text.HAL_TIMEx_ConfigBreakDeadTime
                0x080020b8       0x52 CMakeFiles/30L_DRIVE_LIFE_RGB_FAN.elf.dir/Drivers/STM32F1xx_HAL_Driver/Src/stm32f1xx_hal_tim_ex.c.obj
                0x080020b8                HAL_TIMEx_ConfigBreakDeadTime
 *fill*         0x0800210a        0x2 
 .text.UART_SetConfig
                0x0800210c       0x94 CMakeFiles/30L_DRIVE_LIFE_RGB_FAN.elf.dir/Drivers/STM32F1xx_HAL_Driver/Src/stm32f1xx_hal_uart.c.obj
 .text.HAL_UART_Init
                0x080021a0       0x60 CMakeFiles/30L_DRIVE_LIFE_RGB_FAN.elf.dir/Drivers/STM32F1xx_HAL_Driver/Src/stm32f1xx_hal_uart.c.obj
                0x080021a0                HAL_UART_Init
 .text.memset   0x08002200       0xa0 c:/sysgcc/arm-eabi/bin/../lib/gcc/arm-none-eabi/12.3.1/thumb/v7-m/nofp\libg.a(libc_a-memset.o)
                0x08002200                memset
 .text.__libc_init_array
                0x080022a0       0x50 c:/sysgcc/arm-eabi/bin/../lib/gcc/arm-none-eabi/12.3.1/thumb/v7-m/nofp\libg.a(libc_a-init.o)
                0x080022a0                __libc_init_array
 .text.__retarget_lock_acquire_recursive
                0x080022f0        0x4 c:/sysgcc/arm-eabi/bin/../lib/gcc/arm-none-eabi/12.3.1/thumb/v7-m/nofp\libg.a(libc_a-lock.o)
                0x080022f0                __retarget_lock_acquire_recursive
 .text.__retarget_lock_release_recursive
                0x080022f4        0x4 c:/sysgcc/arm-eabi/bin/../lib/gcc/arm-none-eabi/12.3.1/thumb/v7-m/nofp\libg.a(libc_a-lock.o)
                0x080022f4                __retarget_lock_release_recursive
 .text.startup.register_fini
                0x080022f8       0x14 c:/sysgcc/arm-eabi/bin/../lib/gcc/arm-none-eabi/12.3.1/thumb/v7-m/nofp\libg.a(libc_a-__call_atexit.o)
 .text.atexit   0x0800230c        0xc c:/sysgcc/arm-eabi/bin/../lib/gcc/arm-none-eabi/12.3.1/thumb/v7-m/nofp\libg.a(libc_a-atexit.o)
                0x0800230c                atexit
 .text.__libc_fini_array
                0x08002318       0x28 c:/sysgcc/arm-eabi/bin/../lib/gcc/arm-none-eabi/12.3.1/thumb/v7-m/nofp\libg.a(libc_a-fini.o)
                0x08002318                __libc_fini_array
 .text.__register_exitproc
                0x08002340       0x80 c:/sysgcc/arm-eabi/bin/../lib/gcc/arm-none-eabi/12.3.1/thumb/v7-m/nofp\libg.a(libc_a-__atexit.o)
                0x08002340                __register_exitproc
 *(.glue_7)
 .glue_7        0x080023c0        0x0 linker stubs
 *(.glue_7t)
 .glue_7t       0x080023c0        0x0 linker stubs
 *(.eh_frame)
 .eh_frame      0x080023c0        0x0 c:/sysgcc/arm-eabi/bin/../lib/gcc/arm-none-eabi/12.3.1/thumb/v7-m/nofp/crtbegin.o
 *(.init)
 .init          0x080023c0        0x4 c:/sysgcc/arm-eabi/bin/../lib/gcc/arm-none-eabi/12.3.1/thumb/v7-m/nofp/crti.o
                0x080023c0                _init
 .init          0x080023c4        0x8 c:/sysgcc/arm-eabi/bin/../lib/gcc/arm-none-eabi/12.3.1/thumb/v7-m/nofp/crtn.o
 *(.fini)
 .fini          0x080023cc        0x4 c:/sysgcc/arm-eabi/bin/../lib/gcc/arm-none-eabi/12.3.1/thumb/v7-m/nofp/crti.o
                0x080023cc                _fini
 .fini          0x080023d0        0x8 c:/sysgcc/arm-eabi/bin/../lib/gcc/arm-none-eabi/12.3.1/thumb/v7-m/nofp/crtn.o
                0x080023d8                        . = ALIGN (0x4)
                0x080023d8                        _etext = .

.vfp11_veneer   0x080023d8        0x0
 .vfp11_veneer  0x080023d8        0x0 linker stubs

.v4_bx          0x080023d8        0x0
 .v4_bx         0x080023d8        0x0 linker stubs

.iplt           0x080023d8        0x0
 .iplt          0x080023d8        0x0 c:/sysgcc/arm-eabi/bin/../lib/gcc/arm-none-eabi/12.3.1/thumb/v7-m/nofp/crtbegin.o

.rodata         0x080023d8       0x2c
                0x080023d8                        . = ALIGN (0x4)
 *(.rodata)
 *(.rodata*)
 .rodata.APBPrescTable
                0x080023d8        0x8 CMakeFiles/30L_DRIVE_LIFE_RGB_FAN.elf.dir/Core/Src/system_stm32f1xx.c.obj
                0x080023d8                APBPrescTable
 .rodata.AHBPrescTable
                0x080023e0       0x10 CMakeFiles/30L_DRIVE_LIFE_RGB_FAN.elf.dir/Core/Src/system_stm32f1xx.c.obj
                0x080023e0                AHBPrescTable
 .rodata.aPredivFactorTable.0
                0x080023f0        0x2 CMakeFiles/30L_DRIVE_LIFE_RGB_FAN.elf.dir/Drivers/STM32F1xx_HAL_Driver/Src/stm32f1xx_hal_rcc.c.obj
 *fill*         0x080023f2        0x2 
 .rodata.aPLLMULFactorTable.1
                0x080023f4       0x10 CMakeFiles/30L_DRIVE_LIFE_RGB_FAN.elf.dir/Drivers/STM32F1xx_HAL_Driver/Src/stm32f1xx_hal_rcc.c.obj
                0x08002404                        . = ALIGN (0x4)

.ARM.extab      0x08002404        0x0
                0x08002404                        . = ALIGN (0x4)
 *(.ARM.extab* .gnu.linkonce.armextab.*)
                0x08002404                        . = ALIGN (0x4)

.ARM            0x08002404        0x0
                0x08002404                        . = ALIGN (0x4)
                0x08002404                        __exidx_start = .
 *(.ARM.exidx*)
                0x08002404                        __exidx_end = .
                0x08002404                        . = ALIGN (0x4)

.preinit_array  0x08002404        0x0
                0x08002404                        . = ALIGN (0x4)
                0x08002404                        PROVIDE (__preinit_array_start = .)
 *(.preinit_array*)
                0x08002404                        PROVIDE (__preinit_array_end = .)
                0x08002404                        . = ALIGN (0x4)

.init_array     0x08002404        0x8
                0x08002404                        . = ALIGN (0x4)
                0x08002404                        PROVIDE (__init_array_start = .)
 *(SORT_BY_NAME(.init_array.*))
 .init_array.00000
                0x08002404        0x4 c:/sysgcc/arm-eabi/bin/../lib/gcc/arm-none-eabi/12.3.1/thumb/v7-m/nofp\libg.a(libc_a-__call_atexit.o)
 *(.init_array*)
 .init_array    0x08002408        0x4 c:/sysgcc/arm-eabi/bin/../lib/gcc/arm-none-eabi/12.3.1/thumb/v7-m/nofp/crtbegin.o
                0x0800240c                        PROVIDE (__init_array_end = .)
                0x0800240c                        . = ALIGN (0x4)

.fini_array     0x0800240c        0x4
                0x0800240c                        . = ALIGN (0x4)
                0x0800240c                        PROVIDE (__fini_array_start = .)
 *(SORT_BY_NAME(.fini_array.*))
 *(.fini_array*)
 .fini_array    0x0800240c        0x4 c:/sysgcc/arm-eabi/bin/../lib/gcc/arm-none-eabi/12.3.1/thumb/v7-m/nofp/crtbegin.o
                0x08002410                        PROVIDE (__fini_array_end = .)
                0x08002410                        . = ALIGN (0x4)
                0x08002410                        _sidata = LOADADDR (.data)

.rel.dyn        0x08002410        0x0
 .rel.iplt      0x08002410        0x0 c:/sysgcc/arm-eabi/bin/../lib/gcc/arm-none-eabi/12.3.1/thumb/v7-m/nofp/crtbegin.o

.data           0x20000000       0x10 load address 0x08002410
                0x20000000                        . = ALIGN (0x4)
                0x20000000                        _sdata = .
 *(.data)
 *(.data*)
 .data.SystemCoreClock
                0x20000000        0x4 CMakeFiles/30L_DRIVE_LIFE_RGB_FAN.elf.dir/Core/Src/system_stm32f1xx.c.obj
                0x20000000                SystemCoreClock
 .data.uwTickFreq
                0x20000004        0x1 CMakeFiles/30L_DRIVE_LIFE_RGB_FAN.elf.dir/Drivers/STM32F1xx_HAL_Driver/Src/stm32f1xx_hal.c.obj
                0x20000004                uwTickFreq
 *fill*         0x20000005        0x3 
 .data.uwTickPrio
                0x20000008        0x4 CMakeFiles/30L_DRIVE_LIFE_RGB_FAN.elf.dir/Drivers/STM32F1xx_HAL_Driver/Src/stm32f1xx_hal.c.obj
                0x20000008                uwTickPrio
 .data.__atexit_recursive_mutex
                0x2000000c        0x4 c:/sysgcc/arm-eabi/bin/../lib/gcc/arm-none-eabi/12.3.1/thumb/v7-m/nofp\libg.a(libc_a-__call_atexit.o)
                0x2000000c                __atexit_recursive_mutex
 *(.RamFunc)
 *(.RamFunc*)
                0x20000010                        . = ALIGN (0x4)
                0x20000010                        _edata = .

.tm_clone_table
                0x20000010        0x0 load address 0x08002420
 .tm_clone_table
                0x20000010        0x0 c:/sysgcc/arm-eabi/bin/../lib/gcc/arm-none-eabi/12.3.1/thumb/v7-m/nofp/crtbegin.o
 .tm_clone_table
                0x20000010        0x0 c:/sysgcc/arm-eabi/bin/../lib/gcc/arm-none-eabi/12.3.1/thumb/v7-m/nofp/crtend.o

.igot.plt       0x20000010        0x0 load address 0x08002420
 .igot.plt      0x20000010        0x0 c:/sysgcc/arm-eabi/bin/../lib/gcc/arm-none-eabi/12.3.1/thumb/v7-m/nofp/crtbegin.o
                0x20000010                        . = ALIGN (0x4)

.bss            0x20000010      0x34c load address 0x08002420
                0x20000010                        _sbss = .
                0x20000010                        __bss_start__ = _sbss
 *(.bss)
 *(.bss*)
 .bss.completed.1
                0x20000010        0x1 c:/sysgcc/arm-eabi/bin/../lib/gcc/arm-none-eabi/12.3.1/thumb/v7-m/nofp/crtbegin.o
 *fill*         0x20000011        0x3 
 .bss.object.0  0x20000014       0x18 c:/sysgcc/arm-eabi/bin/../lib/gcc/arm-none-eabi/12.3.1/thumb/v7-m/nofp/crtbegin.o
 .bss.hdma_adc1
                0x2000002c       0x44 CMakeFiles/30L_DRIVE_LIFE_RGB_FAN.elf.dir/Core/Src/adc.c.obj
                0x2000002c                hdma_adc1
 .bss.hadc1     0x20000070       0x30 CMakeFiles/30L_DRIVE_LIFE_RGB_FAN.elf.dir/Core/Src/adc.c.obj
                0x20000070                hadc1
 .bss.htim3     0x200000a0       0x48 CMakeFiles/30L_DRIVE_LIFE_RGB_FAN.elf.dir/Core/Src/tim.c.obj
                0x200000a0                htim3
 .bss.htim2     0x200000e8       0x48 CMakeFiles/30L_DRIVE_LIFE_RGB_FAN.elf.dir/Core/Src/tim.c.obj
                0x200000e8                htim2
 .bss.htim1     0x20000130       0x48 CMakeFiles/30L_DRIVE_LIFE_RGB_FAN.elf.dir/Core/Src/tim.c.obj
                0x20000130                htim1
 .bss.huart1    0x20000178       0x48 CMakeFiles/30L_DRIVE_LIFE_RGB_FAN.elf.dir/Core/Src/usart.c.obj
                0x20000178                huart1
 .bss.uwTick    0x200001c0        0x4 CMakeFiles/30L_DRIVE_LIFE_RGB_FAN.elf.dir/Drivers/STM32F1xx_HAL_Driver/Src/stm32f1xx_hal.c.obj
                0x200001c0                uwTick
 .bss.__lock___atexit_recursive_mutex
                0x200001c4        0x1 c:/sysgcc/arm-eabi/bin/../lib/gcc/arm-none-eabi/12.3.1/thumb/v7-m/nofp\libg.a(libc_a-lock.o)
                0x200001c4                __lock___atexit_recursive_mutex
 *fill*         0x200001c5        0x3 
 .bss.__atexit  0x200001c8        0x4 c:/sysgcc/arm-eabi/bin/../lib/gcc/arm-none-eabi/12.3.1/thumb/v7-m/nofp\libg.a(libc_a-__call_atexit.o)
                0x200001c8                __atexit
 .bss.__atexit0
                0x200001cc      0x190 c:/sysgcc/arm-eabi/bin/../lib/gcc/arm-none-eabi/12.3.1/thumb/v7-m/nofp\libg.a(libc_a-__atexit.o)
                0x200001cc                __atexit0
 *(COMMON)
                0x2000035c                        . = ALIGN (0x4)
                0x2000035c                        _ebss = .
                0x2000035c                        __bss_end__ = _ebss

._user_heap_stack
                0x2000035c      0x604 load address 0x08002420
                0x20000360                        . = ALIGN (0x8)
 *fill*         0x2000035c        0x4 
                [!provide]                        PROVIDE (end = .)
                0x20000360                        PROVIDE (_end = .)
                0x20000560                        . = (. + _Min_Heap_Size)
 *fill*         0x20000360      0x200 
                0x20000960                        . = (. + _Min_Stack_Size)
 *fill*         0x20000560      0x400 
                0x20000960                        . = ALIGN (0x8)

/DISCARD/
 libc.a(*)
 libm.a(*)
 libgcc.a(*)

.ARM.attributes
                0x00000000       0x29
 *(.ARM.attributes)
 .ARM.attributes
                0x00000000       0x1d c:/sysgcc/arm-eabi/bin/../lib/gcc/arm-none-eabi/12.3.1/thumb/v7-m/nofp/crti.o
 .ARM.attributes
                0x0000001d       0x2d c:/sysgcc/arm-eabi/bin/../lib/gcc/arm-none-eabi/12.3.1/thumb/v7-m/nofp/crtbegin.o
 .ARM.attributes
                0x0000004a       0x2d CMakeFiles/30L_DRIVE_LIFE_RGB_FAN.elf.dir/Core/Src/adc.c.obj
 .ARM.attributes
                0x00000077       0x2d CMakeFiles/30L_DRIVE_LIFE_RGB_FAN.elf.dir/Core/Src/dma.c.obj
 .ARM.attributes
                0x000000a4       0x2d CMakeFiles/30L_DRIVE_LIFE_RGB_FAN.elf.dir/Core/Src/gpio.c.obj
 .ARM.attributes
                0x000000d1       0x2d CMakeFiles/30L_DRIVE_LIFE_RGB_FAN.elf.dir/Core/Src/main.c.obj
 .ARM.attributes
                0x000000fe       0x2d CMakeFiles/30L_DRIVE_LIFE_RGB_FAN.elf.dir/Core/Src/stm32f1xx_hal_msp.c.obj
 .ARM.attributes
                0x0000012b       0x2d CMakeFiles/30L_DRIVE_LIFE_RGB_FAN.elf.dir/Core/Src/stm32f1xx_it.c.obj
 .ARM.attributes
                0x00000158       0x2d CMakeFiles/30L_DRIVE_LIFE_RGB_FAN.elf.dir/Core/Src/system_stm32f1xx.c.obj
 .ARM.attributes
                0x00000185       0x2d CMakeFiles/30L_DRIVE_LIFE_RGB_FAN.elf.dir/Core/Src/tim.c.obj
 .ARM.attributes
                0x000001b2       0x2d CMakeFiles/30L_DRIVE_LIFE_RGB_FAN.elf.dir/Core/Src/usart.c.obj
 .ARM.attributes
                0x000001df       0x21 CMakeFiles/30L_DRIVE_LIFE_RGB_FAN.elf.dir/Core/Startup/startup_stm32f103c8tx.s.obj
 .ARM.attributes
                0x00000200       0x2d CMakeFiles/30L_DRIVE_LIFE_RGB_FAN.elf.dir/Drivers/STM32F1xx_HAL_Driver/Src/stm32f1xx_hal.c.obj
 .ARM.attributes
                0x0000022d       0x2d CMakeFiles/30L_DRIVE_LIFE_RGB_FAN.elf.dir/Drivers/STM32F1xx_HAL_Driver/Src/stm32f1xx_hal_adc.c.obj
 .ARM.attributes
                0x0000025a       0x2d CMakeFiles/30L_DRIVE_LIFE_RGB_FAN.elf.dir/Drivers/STM32F1xx_HAL_Driver/Src/stm32f1xx_hal_cortex.c.obj
 .ARM.attributes
                0x00000287       0x2d CMakeFiles/30L_DRIVE_LIFE_RGB_FAN.elf.dir/Drivers/STM32F1xx_HAL_Driver/Src/stm32f1xx_hal_dma.c.obj
 .ARM.attributes
                0x000002b4       0x2d CMakeFiles/30L_DRIVE_LIFE_RGB_FAN.elf.dir/Drivers/STM32F1xx_HAL_Driver/Src/stm32f1xx_hal_gpio.c.obj
 .ARM.attributes
                0x000002e1       0x2d CMakeFiles/30L_DRIVE_LIFE_RGB_FAN.elf.dir/Drivers/STM32F1xx_HAL_Driver/Src/stm32f1xx_hal_pwr.c.obj
 .ARM.attributes
                0x0000030e       0x2d CMakeFiles/30L_DRIVE_LIFE_RGB_FAN.elf.dir/Drivers/STM32F1xx_HAL_Driver/Src/stm32f1xx_hal_rcc.c.obj
 .ARM.attributes
                0x0000033b       0x2d CMakeFiles/30L_DRIVE_LIFE_RGB_FAN.elf.dir/Drivers/STM32F1xx_HAL_Driver/Src/stm32f1xx_hal_rcc_ex.c.obj
 .ARM.attributes
                0x00000368       0x2d CMakeFiles/30L_DRIVE_LIFE_RGB_FAN.elf.dir/Drivers/STM32F1xx_HAL_Driver/Src/stm32f1xx_hal_tim.c.obj
 .ARM.attributes
                0x00000395       0x2d CMakeFiles/30L_DRIVE_LIFE_RGB_FAN.elf.dir/Drivers/STM32F1xx_HAL_Driver/Src/stm32f1xx_hal_tim_ex.c.obj
 .ARM.attributes
                0x000003c2       0x2d CMakeFiles/30L_DRIVE_LIFE_RGB_FAN.elf.dir/Drivers/STM32F1xx_HAL_Driver/Src/stm32f1xx_hal_uart.c.obj
 .ARM.attributes
                0x000003ef       0x2d c:/sysgcc/arm-eabi/bin/../lib/gcc/arm-none-eabi/12.3.1/thumb/v7-m/nofp\libg.a(libc_a-memset.o)
 .ARM.attributes
                0x0000041c       0x2d c:/sysgcc/arm-eabi/bin/../lib/gcc/arm-none-eabi/12.3.1/thumb/v7-m/nofp\libg.a(libc_a-init.o)
 .ARM.attributes
                0x00000449       0x2d c:/sysgcc/arm-eabi/bin/../lib/gcc/arm-none-eabi/12.3.1/thumb/v7-m/nofp\libg.a(libc_a-lock.o)
 .ARM.attributes
                0x00000476       0x2d c:/sysgcc/arm-eabi/bin/../lib/gcc/arm-none-eabi/12.3.1/thumb/v7-m/nofp\libg.a(libc_a-__call_atexit.o)
 .ARM.attributes
                0x000004a3       0x2d c:/sysgcc/arm-eabi/bin/../lib/gcc/arm-none-eabi/12.3.1/thumb/v7-m/nofp\libg.a(libc_a-atexit.o)
 .ARM.attributes
                0x000004d0       0x2d c:/sysgcc/arm-eabi/bin/../lib/gcc/arm-none-eabi/12.3.1/thumb/v7-m/nofp\libg.a(libc_a-fini.o)
 .ARM.attributes
                0x000004fd       0x2d c:/sysgcc/arm-eabi/bin/../lib/gcc/arm-none-eabi/12.3.1/thumb/v7-m/nofp\libg.a(libc_a-__atexit.o)
 .ARM.attributes
                0x0000052a       0x2d c:/sysgcc/arm-eabi/bin/../lib/gcc/arm-none-eabi/12.3.1/thumb/v7-m/nofp/crtend.o
 .ARM.attributes
                0x00000557       0x1d c:/sysgcc/arm-eabi/bin/../lib/gcc/arm-none-eabi/12.3.1/thumb/v7-m/nofp/crtn.o
OUTPUT(30L_DRIVE_LIFE_RGB_FAN.elf elf32-littlearm)
LOAD linker stubs
LOAD c:/sysgcc/arm-eabi/bin/../lib/gcc/arm-none-eabi/12.3.1/thumb/v7-m/nofp\libc.a
LOAD c:/sysgcc/arm-eabi/bin/../lib/gcc/arm-none-eabi/12.3.1/thumb/v7-m/nofp\libm.a
LOAD c:/sysgcc/arm-eabi/bin/../lib/gcc/arm-none-eabi/12.3.1/thumb/v7-m/nofp\libgcc.a

.debug_info     0x00000000    0x1129b
 .debug_info    0x00000000      0x9e7 CMakeFiles/30L_DRIVE_LIFE_RGB_FAN.elf.dir/Core/Src/adc.c.obj
 .debug_info    0x000009e7      0x2fb CMakeFiles/30L_DRIVE_LIFE_RGB_FAN.elf.dir/Core/Src/dma.c.obj
 .debug_info    0x00000ce2      0x2ee CMakeFiles/30L_DRIVE_LIFE_RGB_FAN.elf.dir/Core/Src/gpio.c.obj
 .debug_info    0x00000fd0      0x400 CMakeFiles/30L_DRIVE_LIFE_RGB_FAN.elf.dir/Core/Src/main.c.obj
 .debug_info    0x000013d0      0x3a3 CMakeFiles/30L_DRIVE_LIFE_RGB_FAN.elf.dir/Core/Src/stm32f1xx_hal_msp.c.obj
 .debug_info    0x00001773      0x39b CMakeFiles/30L_DRIVE_LIFE_RGB_FAN.elf.dir/Core/Src/stm32f1xx_it.c.obj
 .debug_info    0x00001b0e      0x22d CMakeFiles/30L_DRIVE_LIFE_RGB_FAN.elf.dir/Core/Src/system_stm32f1xx.c.obj
 .debug_info    0x00001d3b     0x10e6 CMakeFiles/30L_DRIVE_LIFE_RGB_FAN.elf.dir/Core/Src/tim.c.obj
 .debug_info    0x00002e21      0x8a6 CMakeFiles/30L_DRIVE_LIFE_RGB_FAN.elf.dir/Core/Src/usart.c.obj
 .debug_info    0x000036c7       0x30 CMakeFiles/30L_DRIVE_LIFE_RGB_FAN.elf.dir/Core/Startup/startup_stm32f103c8tx.s.obj
 .debug_info    0x000036f7      0x7a2 CMakeFiles/30L_DRIVE_LIFE_RGB_FAN.elf.dir/Drivers/STM32F1xx_HAL_Driver/Src/stm32f1xx_hal.c.obj
 .debug_info    0x00003e99      0xed9 CMakeFiles/30L_DRIVE_LIFE_RGB_FAN.elf.dir/Drivers/STM32F1xx_HAL_Driver/Src/stm32f1xx_hal_adc.c.obj
 .debug_info    0x00004d72      0xcad CMakeFiles/30L_DRIVE_LIFE_RGB_FAN.elf.dir/Drivers/STM32F1xx_HAL_Driver/Src/stm32f1xx_hal_cortex.c.obj
 .debug_info    0x00005a1f      0x7da CMakeFiles/30L_DRIVE_LIFE_RGB_FAN.elf.dir/Drivers/STM32F1xx_HAL_Driver/Src/stm32f1xx_hal_dma.c.obj
 .debug_info    0x000061f9      0x604 CMakeFiles/30L_DRIVE_LIFE_RGB_FAN.elf.dir/Drivers/STM32F1xx_HAL_Driver/Src/stm32f1xx_hal_gpio.c.obj
 .debug_info    0x000067fd      0x66f CMakeFiles/30L_DRIVE_LIFE_RGB_FAN.elf.dir/Drivers/STM32F1xx_HAL_Driver/Src/stm32f1xx_hal_pwr.c.obj
 .debug_info    0x00006e6c      0x9c7 CMakeFiles/30L_DRIVE_LIFE_RGB_FAN.elf.dir/Drivers/STM32F1xx_HAL_Driver/Src/stm32f1xx_hal_rcc.c.obj
 .debug_info    0x00007833      0x420 CMakeFiles/30L_DRIVE_LIFE_RGB_FAN.elf.dir/Drivers/STM32F1xx_HAL_Driver/Src/stm32f1xx_hal_rcc_ex.c.obj
 .debug_info    0x00007c53     0x3b74 CMakeFiles/30L_DRIVE_LIFE_RGB_FAN.elf.dir/Drivers/STM32F1xx_HAL_Driver/Src/stm32f1xx_hal_tim.c.obj
 .debug_info    0x0000b7c7     0x1a88 CMakeFiles/30L_DRIVE_LIFE_RGB_FAN.elf.dir/Drivers/STM32F1xx_HAL_Driver/Src/stm32f1xx_hal_tim_ex.c.obj
 .debug_info    0x0000d24f     0x404c CMakeFiles/30L_DRIVE_LIFE_RGB_FAN.elf.dir/Drivers/STM32F1xx_HAL_Driver/Src/stm32f1xx_hal_uart.c.obj

.debug_abbrev   0x00000000     0x2982
 .debug_abbrev  0x00000000      0x207 CMakeFiles/30L_DRIVE_LIFE_RGB_FAN.elf.dir/Core/Src/adc.c.obj
 .debug_abbrev  0x00000207      0x119 CMakeFiles/30L_DRIVE_LIFE_RGB_FAN.elf.dir/Core/Src/dma.c.obj
 .debug_abbrev  0x00000320      0x151 CMakeFiles/30L_DRIVE_LIFE_RGB_FAN.elf.dir/Core/Src/gpio.c.obj
 .debug_abbrev  0x00000471      0x1ae CMakeFiles/30L_DRIVE_LIFE_RGB_FAN.elf.dir/Core/Src/main.c.obj
 .debug_abbrev  0x0000061f      0x144 CMakeFiles/30L_DRIVE_LIFE_RGB_FAN.elf.dir/Core/Src/stm32f1xx_hal_msp.c.obj
 .debug_abbrev  0x00000763      0x178 CMakeFiles/30L_DRIVE_LIFE_RGB_FAN.elf.dir/Core/Src/stm32f1xx_it.c.obj
 .debug_abbrev  0x000008db      0x143 CMakeFiles/30L_DRIVE_LIFE_RGB_FAN.elf.dir/Core/Src/system_stm32f1xx.c.obj
 .debug_abbrev  0x00000a1e      0x295 CMakeFiles/30L_DRIVE_LIFE_RGB_FAN.elf.dir/Core/Src/tim.c.obj
 .debug_abbrev  0x00000cb3      0x229 CMakeFiles/30L_DRIVE_LIFE_RGB_FAN.elf.dir/Core/Src/usart.c.obj
 .debug_abbrev  0x00000edc       0x24 CMakeFiles/30L_DRIVE_LIFE_RGB_FAN.elf.dir/Core/Startup/startup_stm32f103c8tx.s.obj
 .debug_abbrev  0x00000f00      0x22d CMakeFiles/30L_DRIVE_LIFE_RGB_FAN.elf.dir/Drivers/STM32F1xx_HAL_Driver/Src/stm32f1xx_hal.c.obj
 .debug_abbrev  0x0000112d      0x252 CMakeFiles/30L_DRIVE_LIFE_RGB_FAN.elf.dir/Drivers/STM32F1xx_HAL_Driver/Src/stm32f1xx_hal_adc.c.obj
 .debug_abbrev  0x0000137f      0x36d CMakeFiles/30L_DRIVE_LIFE_RGB_FAN.elf.dir/Drivers/STM32F1xx_HAL_Driver/Src/stm32f1xx_hal_cortex.c.obj
 .debug_abbrev  0x000016ec      0x244 CMakeFiles/30L_DRIVE_LIFE_RGB_FAN.elf.dir/Drivers/STM32F1xx_HAL_Driver/Src/stm32f1xx_hal_dma.c.obj
 .debug_abbrev  0x00001930      0x1f7 CMakeFiles/30L_DRIVE_LIFE_RGB_FAN.elf.dir/Drivers/STM32F1xx_HAL_Driver/Src/stm32f1xx_hal_gpio.c.obj
 .debug_abbrev  0x00001b27      0x1e9 CMakeFiles/30L_DRIVE_LIFE_RGB_FAN.elf.dir/Drivers/STM32F1xx_HAL_Driver/Src/stm32f1xx_hal_pwr.c.obj
 .debug_abbrev  0x00001d10      0x2a0 CMakeFiles/30L_DRIVE_LIFE_RGB_FAN.elf.dir/Drivers/STM32F1xx_HAL_Driver/Src/stm32f1xx_hal_rcc.c.obj
 .debug_abbrev  0x00001fb0      0x1d8 CMakeFiles/30L_DRIVE_LIFE_RGB_FAN.elf.dir/Drivers/STM32F1xx_HAL_Driver/Src/stm32f1xx_hal_rcc_ex.c.obj
 .debug_abbrev  0x00002188      0x270 CMakeFiles/30L_DRIVE_LIFE_RGB_FAN.elf.dir/Drivers/STM32F1xx_HAL_Driver/Src/stm32f1xx_hal_tim.c.obj
 .debug_abbrev  0x000023f8      0x26e CMakeFiles/30L_DRIVE_LIFE_RGB_FAN.elf.dir/Drivers/STM32F1xx_HAL_Driver/Src/stm32f1xx_hal_tim_ex.c.obj
 .debug_abbrev  0x00002666      0x31c CMakeFiles/30L_DRIVE_LIFE_RGB_FAN.elf.dir/Drivers/STM32F1xx_HAL_Driver/Src/stm32f1xx_hal_uart.c.obj

.debug_loclists
                0x00000000     0x8e03
 .debug_loclists
                0x00000000       0x50 CMakeFiles/30L_DRIVE_LIFE_RGB_FAN.elf.dir/Core/Src/adc.c.obj
 .debug_loclists
                0x00000050       0x17 CMakeFiles/30L_DRIVE_LIFE_RGB_FAN.elf.dir/Core/Src/stm32f1xx_hal_msp.c.obj
 .debug_loclists
                0x00000067       0xa5 CMakeFiles/30L_DRIVE_LIFE_RGB_FAN.elf.dir/Core/Src/system_stm32f1xx.c.obj
 .debug_loclists
                0x0000010c       0xbc CMakeFiles/30L_DRIVE_LIFE_RGB_FAN.elf.dir/Core/Src/tim.c.obj
 .debug_loclists
                0x000001c8       0x7e CMakeFiles/30L_DRIVE_LIFE_RGB_FAN.elf.dir/Core/Src/usart.c.obj
 .debug_loclists
                0x00000246       0xc9 CMakeFiles/30L_DRIVE_LIFE_RGB_FAN.elf.dir/Drivers/STM32F1xx_HAL_Driver/Src/stm32f1xx_hal.c.obj
 .debug_loclists
                0x0000030f      0x71f CMakeFiles/30L_DRIVE_LIFE_RGB_FAN.elf.dir/Drivers/STM32F1xx_HAL_Driver/Src/stm32f1xx_hal_adc.c.obj
 .debug_loclists
                0x00000a2e      0x422 CMakeFiles/30L_DRIVE_LIFE_RGB_FAN.elf.dir/Drivers/STM32F1xx_HAL_Driver/Src/stm32f1xx_hal_cortex.c.obj
 .debug_loclists
                0x00000e50      0x4c7 CMakeFiles/30L_DRIVE_LIFE_RGB_FAN.elf.dir/Drivers/STM32F1xx_HAL_Driver/Src/stm32f1xx_hal_dma.c.obj
 .debug_loclists
                0x00001317      0x2e8 CMakeFiles/30L_DRIVE_LIFE_RGB_FAN.elf.dir/Drivers/STM32F1xx_HAL_Driver/Src/stm32f1xx_hal_gpio.c.obj
 .debug_loclists
                0x000015ff       0xd0 CMakeFiles/30L_DRIVE_LIFE_RGB_FAN.elf.dir/Drivers/STM32F1xx_HAL_Driver/Src/stm32f1xx_hal_pwr.c.obj
 .debug_loclists
                0x000016cf      0x3f8 CMakeFiles/30L_DRIVE_LIFE_RGB_FAN.elf.dir/Drivers/STM32F1xx_HAL_Driver/Src/stm32f1xx_hal_rcc.c.obj
 .debug_loclists
                0x00001ac7      0x2c5 CMakeFiles/30L_DRIVE_LIFE_RGB_FAN.elf.dir/Drivers/STM32F1xx_HAL_Driver/Src/stm32f1xx_hal_rcc_ex.c.obj
 .debug_loclists
                0x00001d8c     0x3332 CMakeFiles/30L_DRIVE_LIFE_RGB_FAN.elf.dir/Drivers/STM32F1xx_HAL_Driver/Src/stm32f1xx_hal_tim.c.obj
 .debug_loclists
                0x000050be     0x124c CMakeFiles/30L_DRIVE_LIFE_RGB_FAN.elf.dir/Drivers/STM32F1xx_HAL_Driver/Src/stm32f1xx_hal_tim_ex.c.obj
 .debug_loclists
                0x0000630a     0x2af9 CMakeFiles/30L_DRIVE_LIFE_RGB_FAN.elf.dir/Drivers/STM32F1xx_HAL_Driver/Src/stm32f1xx_hal_uart.c.obj

.debug_aranges  0x00000000      0xe08
 .debug_aranges
                0x00000000       0x30 CMakeFiles/30L_DRIVE_LIFE_RGB_FAN.elf.dir/Core/Src/adc.c.obj
 .debug_aranges
                0x00000030       0x20 CMakeFiles/30L_DRIVE_LIFE_RGB_FAN.elf.dir/Core/Src/dma.c.obj
 .debug_aranges
                0x00000050       0x20 CMakeFiles/30L_DRIVE_LIFE_RGB_FAN.elf.dir/Core/Src/gpio.c.obj
 .debug_aranges
                0x00000070       0x30 CMakeFiles/30L_DRIVE_LIFE_RGB_FAN.elf.dir/Core/Src/main.c.obj
 .debug_aranges
                0x000000a0       0x20 CMakeFiles/30L_DRIVE_LIFE_RGB_FAN.elf.dir/Core/Src/stm32f1xx_hal_msp.c.obj
 .debug_aranges
                0x000000c0       0x70 CMakeFiles/30L_DRIVE_LIFE_RGB_FAN.elf.dir/Core/Src/stm32f1xx_it.c.obj
 .debug_aranges
                0x00000130       0x28 CMakeFiles/30L_DRIVE_LIFE_RGB_FAN.elf.dir/Core/Src/system_stm32f1xx.c.obj
 .debug_aranges
                0x00000158       0x48 CMakeFiles/30L_DRIVE_LIFE_RGB_FAN.elf.dir/Core/Src/tim.c.obj
 .debug_aranges
                0x000001a0       0x30 CMakeFiles/30L_DRIVE_LIFE_RGB_FAN.elf.dir/Core/Src/usart.c.obj
 .debug_aranges
                0x000001d0       0x28 CMakeFiles/30L_DRIVE_LIFE_RGB_FAN.elf.dir/Core/Startup/startup_stm32f103c8tx.s.obj
 .debug_aranges
                0x000001f8       0xe0 CMakeFiles/30L_DRIVE_LIFE_RGB_FAN.elf.dir/Drivers/STM32F1xx_HAL_Driver/Src/stm32f1xx_hal.c.obj
 .debug_aranges
                0x000002d8       0xf0 CMakeFiles/30L_DRIVE_LIFE_RGB_FAN.elf.dir/Drivers/STM32F1xx_HAL_Driver/Src/stm32f1xx_hal_adc.c.obj
 .debug_aranges
                0x000003c8       0xc0 CMakeFiles/30L_DRIVE_LIFE_RGB_FAN.elf.dir/Drivers/STM32F1xx_HAL_Driver/Src/stm32f1xx_hal_cortex.c.obj
 .debug_aranges
                0x00000488       0x80 CMakeFiles/30L_DRIVE_LIFE_RGB_FAN.elf.dir/Drivers/STM32F1xx_HAL_Driver/Src/stm32f1xx_hal_dma.c.obj
 .debug_aranges
                0x00000508       0x58 CMakeFiles/30L_DRIVE_LIFE_RGB_FAN.elf.dir/Drivers/STM32F1xx_HAL_Driver/Src/stm32f1xx_hal_gpio.c.obj
 .debug_aranges
                0x00000560       0xa8 CMakeFiles/30L_DRIVE_LIFE_RGB_FAN.elf.dir/Drivers/STM32F1xx_HAL_Driver/Src/stm32f1xx_hal_pwr.c.obj
 .debug_aranges
                0x00000608       0x90 CMakeFiles/30L_DRIVE_LIFE_RGB_FAN.elf.dir/Drivers/STM32F1xx_HAL_Driver/Src/stm32f1xx_hal_rcc.c.obj
 .debug_aranges
                0x00000698       0x30 CMakeFiles/30L_DRIVE_LIFE_RGB_FAN.elf.dir/Drivers/STM32F1xx_HAL_Driver/Src/stm32f1xx_hal_rcc_ex.c.obj
 .debug_aranges
                0x000006c8      0x3d0 CMakeFiles/30L_DRIVE_LIFE_RGB_FAN.elf.dir/Drivers/STM32F1xx_HAL_Driver/Src/stm32f1xx_hal_tim.c.obj
 .debug_aranges
                0x00000a98      0x168 CMakeFiles/30L_DRIVE_LIFE_RGB_FAN.elf.dir/Drivers/STM32F1xx_HAL_Driver/Src/stm32f1xx_hal_tim_ex.c.obj
 .debug_aranges
                0x00000c00      0x208 CMakeFiles/30L_DRIVE_LIFE_RGB_FAN.elf.dir/Drivers/STM32F1xx_HAL_Driver/Src/stm32f1xx_hal_uart.c.obj

.debug_rnglists
                0x00000000      0xab4
 .debug_rnglists
                0x00000000       0x21 CMakeFiles/30L_DRIVE_LIFE_RGB_FAN.elf.dir/Core/Src/adc.c.obj
 .debug_rnglists
                0x00000021       0x13 CMakeFiles/30L_DRIVE_LIFE_RGB_FAN.elf.dir/Core/Src/dma.c.obj
 .debug_rnglists
                0x00000034       0x13 CMakeFiles/30L_DRIVE_LIFE_RGB_FAN.elf.dir/Core/Src/gpio.c.obj
 .debug_rnglists
                0x00000047       0x20 CMakeFiles/30L_DRIVE_LIFE_RGB_FAN.elf.dir/Core/Src/main.c.obj
 .debug_rnglists
                0x00000067       0x13 CMakeFiles/30L_DRIVE_LIFE_RGB_FAN.elf.dir/Core/Src/stm32f1xx_hal_msp.c.obj
 .debug_rnglists
                0x0000007a       0x4f CMakeFiles/30L_DRIVE_LIFE_RGB_FAN.elf.dir/Core/Src/stm32f1xx_it.c.obj
 .debug_rnglists
                0x000000c9       0x1a CMakeFiles/30L_DRIVE_LIFE_RGB_FAN.elf.dir/Core/Src/system_stm32f1xx.c.obj
 .debug_rnglists
                0x000000e3       0x36 CMakeFiles/30L_DRIVE_LIFE_RGB_FAN.elf.dir/Core/Src/tim.c.obj
 .debug_rnglists
                0x00000119       0x20 CMakeFiles/30L_DRIVE_LIFE_RGB_FAN.elf.dir/Core/Src/usart.c.obj
 .debug_rnglists
                0x00000139       0x19 CMakeFiles/30L_DRIVE_LIFE_RGB_FAN.elf.dir/Core/Startup/startup_stm32f103c8tx.s.obj
 .debug_rnglists
                0x00000152       0xa3 CMakeFiles/30L_DRIVE_LIFE_RGB_FAN.elf.dir/Drivers/STM32F1xx_HAL_Driver/Src/stm32f1xx_hal.c.obj
 .debug_rnglists
                0x000001f5       0xb8 CMakeFiles/30L_DRIVE_LIFE_RGB_FAN.elf.dir/Drivers/STM32F1xx_HAL_Driver/Src/stm32f1xx_hal_adc.c.obj
 .debug_rnglists
                0x000002ad       0x8b CMakeFiles/30L_DRIVE_LIFE_RGB_FAN.elf.dir/Drivers/STM32F1xx_HAL_Driver/Src/stm32f1xx_hal_cortex.c.obj
 .debug_rnglists
                0x00000338       0x5e CMakeFiles/30L_DRIVE_LIFE_RGB_FAN.elf.dir/Drivers/STM32F1xx_HAL_Driver/Src/stm32f1xx_hal_dma.c.obj
 .debug_rnglists
                0x00000396       0x3f CMakeFiles/30L_DRIVE_LIFE_RGB_FAN.elf.dir/Drivers/STM32F1xx_HAL_Driver/Src/stm32f1xx_hal_gpio.c.obj
 .debug_rnglists
                0x000003d5       0x7a CMakeFiles/30L_DRIVE_LIFE_RGB_FAN.elf.dir/Drivers/STM32F1xx_HAL_Driver/Src/stm32f1xx_hal_pwr.c.obj
 .debug_rnglists
                0x0000044f       0x7d CMakeFiles/30L_DRIVE_LIFE_RGB_FAN.elf.dir/Drivers/STM32F1xx_HAL_Driver/Src/stm32f1xx_hal_rcc.c.obj
 .debug_rnglists
                0x000004cc       0x2f CMakeFiles/30L_DRIVE_LIFE_RGB_FAN.elf.dir/Drivers/STM32F1xx_HAL_Driver/Src/stm32f1xx_hal_rcc_ex.c.obj
 .debug_rnglists
                0x000004fb      0x2fe CMakeFiles/30L_DRIVE_LIFE_RGB_FAN.elf.dir/Drivers/STM32F1xx_HAL_Driver/Src/stm32f1xx_hal_tim.c.obj
 .debug_rnglists
                0x000007f9      0x11a CMakeFiles/30L_DRIVE_LIFE_RGB_FAN.elf.dir/Drivers/STM32F1xx_HAL_Driver/Src/stm32f1xx_hal_tim_ex.c.obj
 .debug_rnglists
                0x00000913      0x1a1 CMakeFiles/30L_DRIVE_LIFE_RGB_FAN.elf.dir/Drivers/STM32F1xx_HAL_Driver/Src/stm32f1xx_hal_uart.c.obj

.debug_line     0x00000000    0x10d07
 .debug_line    0x00000000      0x4b3 CMakeFiles/30L_DRIVE_LIFE_RGB_FAN.elf.dir/Core/Src/adc.c.obj
 .debug_line    0x000004b3      0x1fa CMakeFiles/30L_DRIVE_LIFE_RGB_FAN.elf.dir/Core/Src/dma.c.obj
 .debug_line    0x000006ad      0x22d CMakeFiles/30L_DRIVE_LIFE_RGB_FAN.elf.dir/Core/Src/gpio.c.obj
 .debug_line    0x000008da      0x3af CMakeFiles/30L_DRIVE_LIFE_RGB_FAN.elf.dir/Core/Src/main.c.obj
 .debug_line    0x00000c89      0x214 CMakeFiles/30L_DRIVE_LIFE_RGB_FAN.elf.dir/Core/Src/stm32f1xx_hal_msp.c.obj
 .debug_line    0x00000e9d      0x361 CMakeFiles/30L_DRIVE_LIFE_RGB_FAN.elf.dir/Core/Src/stm32f1xx_it.c.obj
 .debug_line    0x000011fe      0x264 CMakeFiles/30L_DRIVE_LIFE_RGB_FAN.elf.dir/Core/Src/system_stm32f1xx.c.obj
 .debug_line    0x00001462      0x71c CMakeFiles/30L_DRIVE_LIFE_RGB_FAN.elf.dir/Core/Src/tim.c.obj
 .debug_line    0x00001b7e      0x394 CMakeFiles/30L_DRIVE_LIFE_RGB_FAN.elf.dir/Core/Src/usart.c.obj
 .debug_line    0x00001f12       0x78 CMakeFiles/30L_DRIVE_LIFE_RGB_FAN.elf.dir/Core/Startup/startup_stm32f103c8tx.s.obj
 .debug_line    0x00001f8a      0x5c6 CMakeFiles/30L_DRIVE_LIFE_RGB_FAN.elf.dir/Drivers/STM32F1xx_HAL_Driver/Src/stm32f1xx_hal.c.obj
 .debug_line    0x00002550      0xf2e CMakeFiles/30L_DRIVE_LIFE_RGB_FAN.elf.dir/Drivers/STM32F1xx_HAL_Driver/Src/stm32f1xx_hal_adc.c.obj
 .debug_line    0x0000347e      0x72c CMakeFiles/30L_DRIVE_LIFE_RGB_FAN.elf.dir/Drivers/STM32F1xx_HAL_Driver/Src/stm32f1xx_hal_cortex.c.obj
 .debug_line    0x00003baa      0xab5 CMakeFiles/30L_DRIVE_LIFE_RGB_FAN.elf.dir/Drivers/STM32F1xx_HAL_Driver/Src/stm32f1xx_hal_dma.c.obj
 .debug_line    0x0000465f      0x606 CMakeFiles/30L_DRIVE_LIFE_RGB_FAN.elf.dir/Drivers/STM32F1xx_HAL_Driver/Src/stm32f1xx_hal_gpio.c.obj
 .debug_line    0x00004c65      0x4f8 CMakeFiles/30L_DRIVE_LIFE_RGB_FAN.elf.dir/Drivers/STM32F1xx_HAL_Driver/Src/stm32f1xx_hal_pwr.c.obj
 .debug_line    0x0000515d      0xc71 CMakeFiles/30L_DRIVE_LIFE_RGB_FAN.elf.dir/Drivers/STM32F1xx_HAL_Driver/Src/stm32f1xx_hal_rcc.c.obj
 .debug_line    0x00005dce      0x4e6 CMakeFiles/30L_DRIVE_LIFE_RGB_FAN.elf.dir/Drivers/STM32F1xx_HAL_Driver/Src/stm32f1xx_hal_rcc_ex.c.obj
 .debug_line    0x000062b4     0x4962 CMakeFiles/30L_DRIVE_LIFE_RGB_FAN.elf.dir/Drivers/STM32F1xx_HAL_Driver/Src/stm32f1xx_hal_tim.c.obj
 .debug_line    0x0000ac16     0x1cad CMakeFiles/30L_DRIVE_LIFE_RGB_FAN.elf.dir/Drivers/STM32F1xx_HAL_Driver/Src/stm32f1xx_hal_tim_ex.c.obj
 .debug_line    0x0000c8c3     0x4444 CMakeFiles/30L_DRIVE_LIFE_RGB_FAN.elf.dir/Drivers/STM32F1xx_HAL_Driver/Src/stm32f1xx_hal_uart.c.obj

.debug_str      0x00000000     0x43d2
 .debug_str     0x00000000      0x634 CMakeFiles/30L_DRIVE_LIFE_RGB_FAN.elf.dir/Core/Src/adc.c.obj
                                0x6bf (size before relaxing)
 .debug_str     0x00000634      0x35f CMakeFiles/30L_DRIVE_LIFE_RGB_FAN.elf.dir/Core/Src/dma.c.obj
                                0x552 (size before relaxing)
 .debug_str     0x00000993       0x96 CMakeFiles/30L_DRIVE_LIFE_RGB_FAN.elf.dir/Core/Src/gpio.c.obj
                                0x2f3 (size before relaxing)
 .debug_str     0x00000a29      0x28a CMakeFiles/30L_DRIVE_LIFE_RGB_FAN.elf.dir/Core/Src/main.c.obj
                                0x4aa (size before relaxing)
 .debug_str     0x00000cb3       0x94 CMakeFiles/30L_DRIVE_LIFE_RGB_FAN.elf.dir/Core/Src/stm32f1xx_hal_msp.c.obj
                                0x58e (size before relaxing)
 .debug_str     0x00000d47      0x134 CMakeFiles/30L_DRIVE_LIFE_RGB_FAN.elf.dir/Core/Src/stm32f1xx_it.c.obj
                                0x4d1 (size before relaxing)
 .debug_str     0x00000e7b       0xc2 CMakeFiles/30L_DRIVE_LIFE_RGB_FAN.elf.dir/Core/Src/system_stm32f1xx.c.obj
                                0x2bc (size before relaxing)
 .debug_str     0x00000f3d      0x5dc CMakeFiles/30L_DRIVE_LIFE_RGB_FAN.elf.dir/Core/Src/tim.c.obj
                                0xb3e (size before relaxing)
 .debug_str     0x00001519      0x270 CMakeFiles/30L_DRIVE_LIFE_RGB_FAN.elf.dir/Core/Src/usart.c.obj
                                0x768 (size before relaxing)
 .debug_str     0x00001789       0x7e CMakeFiles/30L_DRIVE_LIFE_RGB_FAN.elf.dir/Core/Startup/startup_stm32f103c8tx.s.obj
                                 0xcd (size before relaxing)
 .debug_str     0x00001807      0x336 CMakeFiles/30L_DRIVE_LIFE_RGB_FAN.elf.dir/Drivers/STM32F1xx_HAL_Driver/Src/stm32f1xx_hal.c.obj
                                0x896 (size before relaxing)
 .debug_str     0x00001b3d      0x36f CMakeFiles/30L_DRIVE_LIFE_RGB_FAN.elf.dir/Drivers/STM32F1xx_HAL_Driver/Src/stm32f1xx_hal_adc.c.obj
                                0x942 (size before relaxing)
 .debug_str     0x00001eac      0x3e2 CMakeFiles/30L_DRIVE_LIFE_RGB_FAN.elf.dir/Drivers/STM32F1xx_HAL_Driver/Src/stm32f1xx_hal_cortex.c.obj
                                0x93b (size before relaxing)
 .debug_str     0x0000228e      0x22b CMakeFiles/30L_DRIVE_LIFE_RGB_FAN.elf.dir/Drivers/STM32F1xx_HAL_Driver/Src/stm32f1xx_hal_dma.c.obj
                                0x665 (size before relaxing)
 .debug_str     0x000024b9      0x141 CMakeFiles/30L_DRIVE_LIFE_RGB_FAN.elf.dir/Drivers/STM32F1xx_HAL_Driver/Src/stm32f1xx_hal_gpio.c.obj
                                0x468 (size before relaxing)
 .debug_str     0x000025fa      0x253 CMakeFiles/30L_DRIVE_LIFE_RGB_FAN.elf.dir/Drivers/STM32F1xx_HAL_Driver/Src/stm32f1xx_hal_pwr.c.obj
                                0x503 (size before relaxing)
 .debug_str     0x0000284d      0x213 CMakeFiles/30L_DRIVE_LIFE_RGB_FAN.elf.dir/Drivers/STM32F1xx_HAL_Driver/Src/stm32f1xx_hal_rcc.c.obj
                                0x693 (size before relaxing)
 .debug_str     0x00002a60       0xbe CMakeFiles/30L_DRIVE_LIFE_RGB_FAN.elf.dir/Drivers/STM32F1xx_HAL_Driver/Src/stm32f1xx_hal_rcc_ex.c.obj
                                0x43b (size before relaxing)
 .debug_str     0x00002b1e      0xdee CMakeFiles/30L_DRIVE_LIFE_RGB_FAN.elf.dir/Drivers/STM32F1xx_HAL_Driver/Src/stm32f1xx_hal_tim.c.obj
                               0x16dd (size before relaxing)
 .debug_str     0x0000390c      0x476 CMakeFiles/30L_DRIVE_LIFE_RGB_FAN.elf.dir/Drivers/STM32F1xx_HAL_Driver/Src/stm32f1xx_hal_tim_ex.c.obj
                                0xef9 (size before relaxing)
 .debug_str     0x00003d82      0x650 CMakeFiles/30L_DRIVE_LIFE_RGB_FAN.elf.dir/Drivers/STM32F1xx_HAL_Driver/Src/stm32f1xx_hal_uart.c.obj
                                0xd5c (size before relaxing)

.comment        0x00000000       0x45
 .comment       0x00000000       0x45 CMakeFiles/30L_DRIVE_LIFE_RGB_FAN.elf.dir/Core/Src/adc.c.obj
                                 0x46 (size before relaxing)
 .comment       0x00000045       0x46 CMakeFiles/30L_DRIVE_LIFE_RGB_FAN.elf.dir/Core/Src/dma.c.obj
 .comment       0x00000045       0x46 CMakeFiles/30L_DRIVE_LIFE_RGB_FAN.elf.dir/Core/Src/gpio.c.obj
 .comment       0x00000045       0x46 CMakeFiles/30L_DRIVE_LIFE_RGB_FAN.elf.dir/Core/Src/main.c.obj
 .comment       0x00000045       0x46 CMakeFiles/30L_DRIVE_LIFE_RGB_FAN.elf.dir/Core/Src/stm32f1xx_hal_msp.c.obj
 .comment       0x00000045       0x46 CMakeFiles/30L_DRIVE_LIFE_RGB_FAN.elf.dir/Core/Src/stm32f1xx_it.c.obj
 .comment       0x00000045       0x46 CMakeFiles/30L_DRIVE_LIFE_RGB_FAN.elf.dir/Core/Src/system_stm32f1xx.c.obj
 .comment       0x00000045       0x46 CMakeFiles/30L_DRIVE_LIFE_RGB_FAN.elf.dir/Core/Src/tim.c.obj
 .comment       0x00000045       0x46 CMakeFiles/30L_DRIVE_LIFE_RGB_FAN.elf.dir/Core/Src/usart.c.obj
 .comment       0x00000045       0x46 CMakeFiles/30L_DRIVE_LIFE_RGB_FAN.elf.dir/Drivers/STM32F1xx_HAL_Driver/Src/stm32f1xx_hal.c.obj
 .comment       0x00000045       0x46 CMakeFiles/30L_DRIVE_LIFE_RGB_FAN.elf.dir/Drivers/STM32F1xx_HAL_Driver/Src/stm32f1xx_hal_adc.c.obj
 .comment       0x00000045       0x46 CMakeFiles/30L_DRIVE_LIFE_RGB_FAN.elf.dir/Drivers/STM32F1xx_HAL_Driver/Src/stm32f1xx_hal_cortex.c.obj
 .comment       0x00000045       0x46 CMakeFiles/30L_DRIVE_LIFE_RGB_FAN.elf.dir/Drivers/STM32F1xx_HAL_Driver/Src/stm32f1xx_hal_dma.c.obj
 .comment       0x00000045       0x46 CMakeFiles/30L_DRIVE_LIFE_RGB_FAN.elf.dir/Drivers/STM32F1xx_HAL_Driver/Src/stm32f1xx_hal_gpio.c.obj
 .comment       0x00000045       0x46 CMakeFiles/30L_DRIVE_LIFE_RGB_FAN.elf.dir/Drivers/STM32F1xx_HAL_Driver/Src/stm32f1xx_hal_pwr.c.obj
 .comment       0x00000045       0x46 CMakeFiles/30L_DRIVE_LIFE_RGB_FAN.elf.dir/Drivers/STM32F1xx_HAL_Driver/Src/stm32f1xx_hal_rcc.c.obj
 .comment       0x00000045       0x46 CMakeFiles/30L_DRIVE_LIFE_RGB_FAN.elf.dir/Drivers/STM32F1xx_HAL_Driver/Src/stm32f1xx_hal_rcc_ex.c.obj
 .comment       0x00000045       0x46 CMakeFiles/30L_DRIVE_LIFE_RGB_FAN.elf.dir/Drivers/STM32F1xx_HAL_Driver/Src/stm32f1xx_hal_tim.c.obj
 .comment       0x00000045       0x46 CMakeFiles/30L_DRIVE_LIFE_RGB_FAN.elf.dir/Drivers/STM32F1xx_HAL_Driver/Src/stm32f1xx_hal_tim_ex.c.obj
 .comment       0x00000045       0x46 CMakeFiles/30L_DRIVE_LIFE_RGB_FAN.elf.dir/Drivers/STM32F1xx_HAL_Driver/Src/stm32f1xx_hal_uart.c.obj

.debug_frame    0x00000000     0x25d8
 .debug_frame   0x00000000       0x6c CMakeFiles/30L_DRIVE_LIFE_RGB_FAN.elf.dir/Core/Src/adc.c.obj
 .debug_frame   0x0000006c       0x2c CMakeFiles/30L_DRIVE_LIFE_RGB_FAN.elf.dir/Core/Src/dma.c.obj
 .debug_frame   0x00000098       0x30 CMakeFiles/30L_DRIVE_LIFE_RGB_FAN.elf.dir/Core/Src/gpio.c.obj
 .debug_frame   0x000000c8       0x58 CMakeFiles/30L_DRIVE_LIFE_RGB_FAN.elf.dir/Core/Src/main.c.obj
 .debug_frame   0x00000120       0x2c CMakeFiles/30L_DRIVE_LIFE_RGB_FAN.elf.dir/Core/Src/stm32f1xx_hal_msp.c.obj
 .debug_frame   0x0000014c       0xd8 CMakeFiles/30L_DRIVE_LIFE_RGB_FAN.elf.dir/Core/Src/stm32f1xx_it.c.obj
 .debug_frame   0x00000224       0x30 CMakeFiles/30L_DRIVE_LIFE_RGB_FAN.elf.dir/Core/Src/system_stm32f1xx.c.obj
 .debug_frame   0x00000254       0xcc CMakeFiles/30L_DRIVE_LIFE_RGB_FAN.elf.dir/Core/Src/tim.c.obj
 .debug_frame   0x00000320       0x60 CMakeFiles/30L_DRIVE_LIFE_RGB_FAN.elf.dir/Core/Src/usart.c.obj
 .debug_frame   0x00000380      0x1cc CMakeFiles/30L_DRIVE_LIFE_RGB_FAN.elf.dir/Drivers/STM32F1xx_HAL_Driver/Src/stm32f1xx_hal.c.obj
 .debug_frame   0x0000054c      0x2c8 CMakeFiles/30L_DRIVE_LIFE_RGB_FAN.elf.dir/Drivers/STM32F1xx_HAL_Driver/Src/stm32f1xx_hal_adc.c.obj
 .debug_frame   0x00000814      0x19c CMakeFiles/30L_DRIVE_LIFE_RGB_FAN.elf.dir/Drivers/STM32F1xx_HAL_Driver/Src/stm32f1xx_hal_cortex.c.obj
 .debug_frame   0x000009b0      0x144 CMakeFiles/30L_DRIVE_LIFE_RGB_FAN.elf.dir/Drivers/STM32F1xx_HAL_Driver/Src/stm32f1xx_hal_dma.c.obj
 .debug_frame   0x00000af4       0xe4 CMakeFiles/30L_DRIVE_LIFE_RGB_FAN.elf.dir/Drivers/STM32F1xx_HAL_Driver/Src/stm32f1xx_hal_gpio.c.obj
 .debug_frame   0x00000bd8      0x140 CMakeFiles/30L_DRIVE_LIFE_RGB_FAN.elf.dir/Drivers/STM32F1xx_HAL_Driver/Src/stm32f1xx_hal_pwr.c.obj
 .debug_frame   0x00000d18      0x184 CMakeFiles/30L_DRIVE_LIFE_RGB_FAN.elf.dir/Drivers/STM32F1xx_HAL_Driver/Src/stm32f1xx_hal_rcc.c.obj
 .debug_frame   0x00000e9c       0x5c CMakeFiles/30L_DRIVE_LIFE_RGB_FAN.elf.dir/Drivers/STM32F1xx_HAL_Driver/Src/stm32f1xx_hal_rcc_ex.c.obj
 .debug_frame   0x00000ef8      0xb14 CMakeFiles/30L_DRIVE_LIFE_RGB_FAN.elf.dir/Drivers/STM32F1xx_HAL_Driver/Src/stm32f1xx_hal_tim.c.obj
 .debug_frame   0x00001a0c      0x40c CMakeFiles/30L_DRIVE_LIFE_RGB_FAN.elf.dir/Drivers/STM32F1xx_HAL_Driver/Src/stm32f1xx_hal_tim_ex.c.obj
 .debug_frame   0x00001e18      0x5d4 CMakeFiles/30L_DRIVE_LIFE_RGB_FAN.elf.dir/Drivers/STM32F1xx_HAL_Driver/Src/stm32f1xx_hal_uart.c.obj
 .debug_frame   0x000023ec       0x2c c:/sysgcc/arm-eabi/bin/../lib/gcc/arm-none-eabi/12.3.1/thumb/v7-m/nofp\libg.a(libc_a-memset.o)
 .debug_frame   0x00002418       0x2c c:/sysgcc/arm-eabi/bin/../lib/gcc/arm-none-eabi/12.3.1/thumb/v7-m/nofp\libg.a(libc_a-init.o)
 .debug_frame   0x00002444       0xb0 c:/sysgcc/arm-eabi/bin/../lib/gcc/arm-none-eabi/12.3.1/thumb/v7-m/nofp\libg.a(libc_a-lock.o)
 .debug_frame   0x000024f4       0x5c c:/sysgcc/arm-eabi/bin/../lib/gcc/arm-none-eabi/12.3.1/thumb/v7-m/nofp\libg.a(libc_a-__call_atexit.o)
 .debug_frame   0x00002550       0x20 c:/sysgcc/arm-eabi/bin/../lib/gcc/arm-none-eabi/12.3.1/thumb/v7-m/nofp\libg.a(libc_a-atexit.o)
 .debug_frame   0x00002570       0x34 c:/sysgcc/arm-eabi/bin/../lib/gcc/arm-none-eabi/12.3.1/thumb/v7-m/nofp\libg.a(libc_a-fini.o)
 .debug_frame   0x000025a4       0x34 c:/sysgcc/arm-eabi/bin/../lib/gcc/arm-none-eabi/12.3.1/thumb/v7-m/nofp\libg.a(libc_a-__atexit.o)

.debug_line_str
                0x00000000       0xb1
 .debug_line_str
                0x00000000       0xb1 CMakeFiles/30L_DRIVE_LIFE_RGB_FAN.elf.dir/Core/Startup/startup_stm32f103c8tx.s.obj
