Archive member included to satisfy reference by file (symbol)

c:/sysgcc/arm-eabi/bin/../lib/gcc/arm-none-eabi/12.3.1/thumb/v7-m/nofp\libgcc.a(_arm_muldf3.o)
                              CMakeFiles/30L_DRIVE_LIFE_RGB_FAN.elf.dir/APP/SysAdcValue.c.obj (__aeabi_dmul)
c:/sysgcc/arm-eabi/bin/../lib/gcc/arm-none-eabi/12.3.1/thumb/v7-m/nofp\libgcc.a(_arm_addsubdf3.o)
                              CMakeFiles/30L_DRIVE_LIFE_RGB_FAN.elf.dir/APP/SmartFan.c.obj (__aeabi_dsub)
c:/sysgcc/arm-eabi/bin/../lib/gcc/arm-none-eabi/12.3.1/thumb/v7-m/nofp\libgcc.a(_arm_muldivdf3.o)
                              CMakeFiles/30L_DRIVE_LIFE_RGB_FAN.elf.dir/APP/FlowDrive.c.obj (__aeabi_ddiv)
c:/sysgcc/arm-eabi/bin/../lib/gcc/arm-none-eabi/12.3.1/thumb/v7-m/nofp\libgcc.a(_arm_truncdfsf2.o)
                              CMakeFiles/30L_DRIVE_LIFE_RGB_FAN.elf.dir/APP/FlowDrive.c.obj (__aeabi_d2f)
c:/sysgcc/arm-eabi/bin/../lib/gcc/arm-none-eabi/12.3.1/thumb/v7-m/nofp\libgcc.a(_arm_addsubsf3.o)
                              CMakeFiles/30L_DRIVE_LIFE_RGB_FAN.elf.dir/APP/FlowDrive.c.obj (__aeabi_fadd)
c:/sysgcc/arm-eabi/bin/../lib/gcc/arm-none-eabi/12.3.1/thumb/v7-m/nofp\libgcc.a(_arm_muldivsf3.o)
                              CMakeFiles/30L_DRIVE_LIFE_RGB_FAN.elf.dir/APP/FlowDrive.c.obj (__aeabi_fdiv)
c:/sysgcc/arm-eabi/bin/../lib/gcc/arm-none-eabi/12.3.1/thumb/v7-m/nofp\libgcc.a(_arm_cmpsf2.o)
                              CMakeFiles/30L_DRIVE_LIFE_RGB_FAN.elf.dir/APP/SmartFan.c.obj (__aeabi_fcmpeq)
c:/sysgcc/arm-eabi/bin/../lib/gcc/arm-none-eabi/12.3.1/thumb/v7-m/nofp\libc.a(libc_a-exit.o)
                              c:/sysgcc/arm-eabi/bin/../lib/gcc/arm-none-eabi/12.3.1/thumb/v7-m/nofp/crt0.o (exit)
c:/sysgcc/arm-eabi/bin/../lib/gcc/arm-none-eabi/12.3.1/thumb/v7-m/nofp\libc.a(libc_a-findfp.o)
                              c:/sysgcc/arm-eabi/bin/../lib/gcc/arm-none-eabi/12.3.1/thumb/v7-m/nofp\libc.a(libc_a-exit.o) (__stdio_exit_handler)
c:/sysgcc/arm-eabi/bin/../lib/gcc/arm-none-eabi/12.3.1/thumb/v7-m/nofp\libc.a(libc_a-fwalk.o)
                              c:/sysgcc/arm-eabi/bin/../lib/gcc/arm-none-eabi/12.3.1/thumb/v7-m/nofp\libc.a(libc_a-findfp.o) (_fwalk_sglue)
c:/sysgcc/arm-eabi/bin/../lib/gcc/arm-none-eabi/12.3.1/thumb/v7-m/nofp\libc.a(libc_a-printf.o)
                              CMakeFiles/30L_DRIVE_LIFE_RGB_FAN.elf.dir/APP/FlowDrive.c.obj (printf)
c:/sysgcc/arm-eabi/bin/../lib/gcc/arm-none-eabi/12.3.1/thumb/v7-m/nofp\libc.a(libc_a-puts.o)
                              CMakeFiles/30L_DRIVE_LIFE_RGB_FAN.elf.dir/Core/Src/main.c.obj (puts)
c:/sysgcc/arm-eabi/bin/../lib/gcc/arm-none-eabi/12.3.1/thumb/v7-m/nofp\libc.a(libc_a-stdio.o)
                              c:/sysgcc/arm-eabi/bin/../lib/gcc/arm-none-eabi/12.3.1/thumb/v7-m/nofp\libc.a(libc_a-findfp.o) (__sread)
c:/sysgcc/arm-eabi/bin/../lib/gcc/arm-none-eabi/12.3.1/thumb/v7-m/nofp\libc.a(libc_a-memset.o)
                              c:/sysgcc/arm-eabi/bin/../lib/gcc/arm-none-eabi/12.3.1/thumb/v7-m/nofp/crt0.o (memset)
c:/sysgcc/arm-eabi/bin/../lib/gcc/arm-none-eabi/12.3.1/thumb/v7-m/nofp\libc.a(libc_a-closer.o)
                              c:/sysgcc/arm-eabi/bin/../lib/gcc/arm-none-eabi/12.3.1/thumb/v7-m/nofp\libc.a(libc_a-stdio.o) (_close_r)
c:/sysgcc/arm-eabi/bin/../lib/gcc/arm-none-eabi/12.3.1/thumb/v7-m/nofp\libc.a(libc_a-reent.o)
                              c:/sysgcc/arm-eabi/bin/../lib/gcc/arm-none-eabi/12.3.1/thumb/v7-m/nofp\libc.a(libc_a-closer.o) (errno)
c:/sysgcc/arm-eabi/bin/../lib/gcc/arm-none-eabi/12.3.1/thumb/v7-m/nofp\libc.a(libc_a-impure.o)
                              c:/sysgcc/arm-eabi/bin/../lib/gcc/arm-none-eabi/12.3.1/thumb/v7-m/nofp\libc.a(libc_a-printf.o) (_impure_ptr)
c:/sysgcc/arm-eabi/bin/../lib/gcc/arm-none-eabi/12.3.1/thumb/v7-m/nofp\libc.a(libc_a-lseekr.o)
                              c:/sysgcc/arm-eabi/bin/../lib/gcc/arm-none-eabi/12.3.1/thumb/v7-m/nofp\libc.a(libc_a-stdio.o) (_lseek_r)
c:/sysgcc/arm-eabi/bin/../lib/gcc/arm-none-eabi/12.3.1/thumb/v7-m/nofp\libc.a(libc_a-readr.o)
                              c:/sysgcc/arm-eabi/bin/../lib/gcc/arm-none-eabi/12.3.1/thumb/v7-m/nofp\libc.a(libc_a-stdio.o) (_read_r)
c:/sysgcc/arm-eabi/bin/../lib/gcc/arm-none-eabi/12.3.1/thumb/v7-m/nofp\libc.a(libc_a-writer.o)
                              c:/sysgcc/arm-eabi/bin/../lib/gcc/arm-none-eabi/12.3.1/thumb/v7-m/nofp\libc.a(libc_a-stdio.o) (_write_r)
c:/sysgcc/arm-eabi/bin/../lib/gcc/arm-none-eabi/12.3.1/thumb/v7-m/nofp\libc.a(libc_a-errno.o)
                              CMakeFiles/30L_DRIVE_LIFE_RGB_FAN.elf.dir/Core/Src/syscalls.c.obj (__errno)
c:/sysgcc/arm-eabi/bin/../lib/gcc/arm-none-eabi/12.3.1/thumb/v7-m/nofp\libc.a(libc_a-init.o)
                              c:/sysgcc/arm-eabi/bin/../lib/gcc/arm-none-eabi/12.3.1/thumb/v7-m/nofp/crt0.o (__libc_init_array)
c:/sysgcc/arm-eabi/bin/../lib/gcc/arm-none-eabi/12.3.1/thumb/v7-m/nofp\libc.a(libc_a-lock.o)
[...]
Memory Configuration

Name             Origin             Length             Attributes
RAM              0x20000000         0x00005000         xrw
FLASH            0x08000000         0x00010000         xr
*default*        0x00000000         0xffffffff

Linker script and memory map

LOAD c:/sysgcc/arm-eabi/bin/../lib/gcc/arm-none-eabi/12.3.1/thumb/v7-m/nofp/crti.o
LOAD c:/sysgcc/arm-eabi/bin/../lib/gcc/arm-none-eabi/12.3.1/thumb/v7-m/nofp/crtbegin.o
LOAD c:/sysgcc/arm-eabi/bin/../lib/gcc/arm-none-eabi/12.3.1/thumb/v7-m/nofp/crt0.o
LOAD CMakeFiles/30L_DRIVE_LIFE_RGB_FAN.elf.dir/APP/EEPROM.c.obj
LOAD CMakeFiles/30L_DRIVE_LIFE_RGB_FAN.elf.dir/APP/FlowDrive.c.obj
LOAD CMakeFiles/30L_DRIVE_LIFE_RGB_FAN.elf.dir/APP/RgbLedDrive.c.obj
LOAD CMakeFiles/30L_DRIVE_LIFE_RGB_FAN.elf.dir/APP/SmartFan.c.obj
LOAD CMakeFiles/30L_DRIVE_LIFE_RGB_FAN.elf.dir/APP/SysAdcValue.c.obj
LOAD CMakeFiles/30L_DRIVE_LIFE_RGB_FAN.elf.dir/APP/UvcDrive.c.obj
LOAD CMakeFiles/30L_DRIVE_LIFE_RGB_FAN.elf.dir/Core/Src/adc.c.obj
LOAD CMakeFiles/30L_DRIVE_LIFE_RGB_FAN.elf.dir/Core/Src/dma.c.obj
LOAD CMakeFiles/30L_DRIVE_LIFE_RGB_FAN.elf.dir/Core/Src/gpio.c.obj
LOAD CMakeFiles/30L_DRIVE_LIFE_RGB_FAN.elf.dir/Core/Src/i2c.c.obj
LOAD CMakeFiles/30L_DRIVE_LIFE_RGB_FAN.elf.dir/Core/Src/main.c.obj
LOAD CMakeFiles/30L_DRIVE_LIFE_RGB_FAN.elf.dir/Core/Src/stm32f1xx_hal_msp.c.obj
LOAD CMakeFiles/30L_DRIVE_LIFE_RGB_FAN.elf.dir/Core/Src/stm32f1xx_it.c.obj
LOAD CMakeFiles/30L_DRIVE_LIFE_RGB_FAN.elf.dir/Core/Src/syscalls.c.obj
LOAD CMakeFiles/30L_DRIVE_LIFE_RGB_FAN.elf.dir/Core/Src/sysmem.c.obj
LOAD CMakeFiles/30L_DRIVE_LIFE_RGB_FAN.elf.dir/Core/Src/system_stm32f1xx.c.obj
LOAD CMakeFiles/30L_DRIVE_LIFE_RGB_FAN.elf.dir/Core/Src/tim.c.obj
LOAD CMakeFiles/30L_DRIVE_LIFE_RGB_FAN.elf.dir/Core/Src/usart.c.obj
LOAD CMakeFiles/30L_DRIVE_LIFE_RGB_FAN.elf.dir/Core/Startup/startup_stm32f103c8tx.s.obj
LOAD CMakeFiles/30L_DRIVE_LIFE_RGB_FAN.elf.dir/Drivers/STM32F1xx_HAL_Driver/Src/stm32f1xx_hal.c.obj
LOAD CMakeFiles/30L_DRIVE_LIFE_RGB_FAN.elf.dir/Drivers/STM32F1xx_HAL_Driver/Src/stm32f1xx_hal_adc.c.obj
LOAD CMakeFiles/30L_DRIVE_LIFE_RGB_FAN.elf.dir/Drivers/STM32F1xx_HAL_Driver/Src/stm32f1xx_hal_adc_ex.c.obj
LOAD CMakeFiles/30L_DRIVE_LIFE_RGB_FAN.elf.dir/Drivers/STM32F1xx_HAL_Driver/Src/stm32f1xx_hal_cortex.c.obj
LOAD CMakeFiles/30L_DRIVE_LIFE_RGB_FAN.elf.dir/Drivers/STM32F1xx_HAL_Driver/Src/stm32f1xx_hal_dma.c.obj
LOAD CMakeFiles/30L_DRIVE_LIFE_RGB_FAN.elf.dir/Drivers/STM32F1xx_HAL_Driver/Src/stm32f1xx_hal_exti.c.obj
LOAD CMakeFiles/30L_DRIVE_LIFE_RGB_FAN.elf.dir/Drivers/STM32F1xx_HAL_Driver/Src/stm32f1xx_hal_flash.c.obj
LOAD CMakeFiles/30L_DRIVE_LIFE_RGB_FAN.elf.dir/Drivers/STM32F1xx_HAL_Driver/Src/stm32f1xx_hal_flash_ex.c.obj
LOAD CMakeFiles/30L_DRIVE_LIFE_RGB_FAN.elf.dir/Drivers/STM32F1xx_HAL_Driver/Src/stm32f1xx_hal_gpio.c.obj
LOAD CMakeFiles/30L_DRIVE_LIFE_RGB_FAN.elf.dir/Drivers/STM32F1xx_HAL_Driver/Src/stm32f1xx_hal_gpio_ex.c.obj
LOAD CMakeFiles/30L_DRIVE_LIFE_RGB_FAN.elf.dir/Drivers/STM32F1xx_HAL_Driver/Src/stm32f1xx_hal_i2c.c.obj
LOAD CMakeFiles/30L_DRIVE_LIFE_RGB_FAN.elf.dir/Drivers/STM32F1xx_HAL_Driver/Src/stm32f1xx_hal_pwr.c.obj
LOAD CMakeFiles/30L_DRIVE_LIFE_RGB_FAN.elf.dir/Drivers/STM32F1xx_HAL_Driver/Src/stm32f1xx_hal_rcc.c.obj
LOAD CMakeFiles/30L_DRIVE_LIFE_RGB_FAN.elf.dir/Drivers/STM32F1xx_HAL_Driver/Src/stm32f1xx_hal_rcc_ex.c.obj
LOAD CMakeFiles/30L_DRIVE_LIFE_RGB_FAN.elf.dir/Drivers/STM32F1xx_HAL_Driver/Src/stm32f1xx_hal_tim.c.obj
LOAD CMakeFiles/30L_DRIVE_LIFE_RGB_FAN.elf.dir/Drivers/STM32F1xx_HAL_Driver/Src/stm32f1xx_hal_tim_ex.c.obj
LOAD CMakeFiles/30L_DRIVE_LIFE_RGB_FAN.elf.dir/Drivers/STM32F1xx_HAL_Driver/Src/stm32f1xx_hal_uart.c.obj
START GROUP
LOAD c:/sysgcc/arm-eabi/bin/../lib/gcc/arm-none-eabi/12.3.1/thumb/v7-m/nofp\libgcc.a
LOAD c:/sysgcc/arm-eabi/bin/../lib/gcc/arm-none-eabi/12.3.1/thumb/v7-m/nofp\libc.a
END GROUP
LOAD c:/sysgcc/arm-eabi/bin/../lib/gcc/arm-none-eabi/12.3.1/thumb/v7-m/nofp/crtend.o
LOAD c:/sysgcc/arm-eabi/bin/../lib/gcc/arm-none-eabi/12.3.1/thumb/v7-m/nofp/crtn.o
                0x20005000                        _estack = (ORIGIN (RAM) + LENGTH (RAM))
                0x00000200                        _Min_Heap_Size = 0x200
                0x00000400                        _Min_Stack_Size = 0x400

.isr_vector     0x08000000      0x10c
                0x08000000                        . = ALIGN (0x4)
 *(.isr_vector)
 .isr_vector    0x08000000      0x10c CMakeFiles/30L_DRIVE_LIFE_RGB_FAN.elf.dir/Core/Startup/startup_stm32f103c8tx.s.obj
                0x08000000                g_pfnVectors
                0x0800010c                        . = ALIGN (0x4)

.text           0x08000110     0xaaf4
                0x08000110                        . = ALIGN (0x4)
 *(.text)
 .text          0x08000110      0x378 c:/sysgcc/arm-eabi/bin/../lib/gcc/arm-none-eabi/12.3.1/thumb/v7-m/nofp\libgcc.a(_arm_addsubdf3.o)
                0x08000110                __aeabi_drsub
                0x08000118                __aeabi_dsub
                0x08000118                __subdf3
                0x0800011c                __aeabi_dadd
                0x0800011c                __adddf3
                0x08000394                __floatunsidf
                0x08000394                __aeabi_ui2d
                0x080003b4                __floatsidf
                0x080003b4                __aeabi_i2d
                0x080003d8                __aeabi_f2d
                0x080003d8                __extendsfdf2
                0x0800041c                __floatundidf
                0x0800041c                __aeabi_ul2d
                0x0800042c                __floatdidf
                0x0800042c                __aeabi_l2d
 .text          0x08000488      0x424 c:/sysgcc/arm-eabi/bin/../lib/gcc/arm-none-eabi/12.3.1/thumb/v7-m/nofp\libgcc.a(_arm_muldivdf3.o)
                0x08000488                __aeabi_dmul
                0x08000488                __muldf3
                0x080006dc                __divdf3
                0x080006dc                __aeabi_ddiv
 .text          0x080008ac       0xa0 c:/sysgcc/arm-eabi/bin/../lib/gcc/arm-none-eabi/12.3.1/thumb/v7-m/nofp\libgcc.a(_arm_truncdfsf2.o)
                0x080008ac                __truncdfsf2
                0x080008ac                __aeabi_d2f
 .text          0x0800094c      0x21c c:/sysgcc/arm-eabi/bin/../lib/gcc/arm-none-eabi/12.3.1/thumb/v7-m/nofp\libgcc.a(_arm_addsubsf3.o)
                0x0800094c                __aeabi_frsub
                0x08000954                __subsf3
                0x08000954                __aeabi_fsub
                0x08000958                __aeabi_fadd
                0x08000958                __addsf3
                0x08000ab8                __aeabi_ui2f
                0x08000ab8                __floatunsisf
                0x08000ac0                __aeabi_i2f
                0x08000ac0                __floatsisf
                0x08000adc                __aeabi_ul2f
                0x08000adc                __floatundisf
                0x08000aec                __aeabi_l2f
                0x08000aec                __floatdisf
 .text          0x08000b68      0x2a0 c:/sysgcc/arm-eabi/bin/../lib/gcc/arm-none-eabi/12.3.1/thumb/v7-m/nofp\libgcc.a(_arm_muldivsf3.o)
                0x08000b68                __mulsf3
                0x08000b68                __aeabi_fmul
                0x08000cd0                __aeabi_fdiv
                0x08000cd0                __divsf3
 .text          0x08000e08       0xec c:/sysgcc/arm-eabi/bin/../lib/gcc/arm-none-eabi/12.3.1/thumb/v7-m/nofp\libgcc.a(_arm_cmpsf2.o)
                0x08000e08                __gesf2
                0x08000e08                __gtsf2
                0x08000e10                __lesf2
                0x08000e10                __ltsf2
                0x08000e18                __nesf2
                0x08000e18                __eqsf2
                0x08000e18                __cmpsf2
                0x08000e78                __aeabi_cfrcmple
                0x08000e80                __aeabi_cfcmpeq
                0x08000e80                __aeabi_cfcmple
                0x08000e90                __aeabi_fcmpeq
                0x08000ea4                __aeabi_fcmplt
                0x08000eb8                __aeabi_fcmple
                0x08000ecc                __aeabi_fcmpge
                0x08000ee0                __aeabi_fcmpgt
 .text          0x08000ef4       0xec c:/sysgcc/arm-eabi/bin/../lib/gcc/arm-none-eabi/12.3.1/thumb/v7-m/nofp\libc.a(libc_a-memcpy.o)
                0x08000ef4                memcpy
 .text          0x08000fe0      0x110 c:/sysgcc/arm-eabi/bin/../lib/gcc/arm-none-eabi/12.3.1/thumb/v7-m/nofp\libgcc.a(_arm_cmpdf2.o)
                0x08000fe0                __gtdf2
                0x08000fe0                __gedf2
                0x08000fe8                __ltdf2
                0x08000fe8                __ledf2
                0x08000ff0                __nedf2
                0x08000ff0                __eqdf2
                0x08000ff0                __cmpdf2
                0x0800106c                __aeabi_cdrcmple
                0x0800107c                __aeabi_cdcmpeq
                0x0800107c                __aeabi_cdcmple
                0x0800108c                __aeabi_dcmpeq
                0x080010a0                __aeabi_dcmplt
                0x080010b4                __aeabi_dcmple
                0x080010c8                __aeabi_dcmpge
                0x080010dc                __aeabi_dcmpgt
 .text          0x080010f0       0x2c c:/sysgcc/arm-eabi/bin/../lib/gcc/arm-none-eabi/12.3.1/thumb/v7-m/nofp\libgcc.a(_arm_unorddf2.o)
                0x080010f0                __unorddf2
                0x080010f0                __aeabi_dcmpun
 .text          0x0800111c       0x50 c:/sysgcc/arm-eabi/bin/../lib/gcc/arm-none-eabi/12.3.1/thumb/v7-m/nofp\libgcc.a(_arm_fixdfsi.o)
                0x0800111c                __aeabi_d2iz
                0x0800111c                __fixdfsi
 *(.text*)
 .text.deregister_tm_clones
                0x0800116c       0x1c c:/sysgcc/arm-eabi/bin/../lib/gcc/arm-none-eabi/12.3.1/thumb/v7-m/nofp/crtbegin.o
 .text.register_tm_clones
                0x08001188       0x24 c:/sysgcc/arm-eabi/bin/../lib/gcc/arm-none-eabi/12.3.1/thumb/v7-m/nofp/crtbegin.o
 .text.__do_global_dtors_aux
                0x080011ac       0x28 c:/sysgcc/arm-eabi/bin/../lib/gcc/arm-none-eabi/12.3.1/thumb/v7-m/nofp/crtbegin.o
 .text.frame_dummy
                0x080011d4       0x24 c:/sysgcc/arm-eabi/bin/../lib/gcc/arm-none-eabi/12.3.1/thumb/v7-m/nofp/crtbegin.o
 .text.ShowLedColor
                0x080011f8       0xa4 CMakeFiles/30L_DRIVE_LIFE_RGB_FAN.elf.dir/APP/RgbLedDrive.c.obj
                0x080011f8                ShowLedColor
 .text.FanDrive
                0x0800129c       0x50 CMakeFiles/30L_DRIVE_LIFE_RGB_FAN.elf.dir/APP/SmartFan.c.obj
                0x0800129c                FanDrive
 *fill*         0x080012ec        0x4 
 .text.SmartFan
                0x080012f0      0x29c CMakeFiles/30L_DRIVE_LIFE_RGB_FAN.elf.dir/APP/SmartFan.c.obj
                0x080012f0                SmartFan
 .text.SystemInfo
                0x0800158c       0x6c CMakeFiles/30L_DRIVE_LIFE_RGB_FAN.elf.dir/APP/SysAdcValue.c.obj
                0x0800158c                SystemInfo
 .text.UvcHighDrive
                0x080015f8       0x38 CMakeFiles/30L_DRIVE_LIFE_RGB_FAN.elf.dir/APP/UvcDrive.c.obj
                0x080015f8                UvcHighDrive
 .text.MX_ADC1_Init
                0x08001630       0xf4 CMakeFiles/30L_DRIVE_LIFE_RGB_FAN.elf.dir/Core/Src/adc.c.obj
                0x08001630                MX_ADC1_Init
 .text.HAL_ADC_MspInit
                0x08001724       0xc0 CMakeFiles/30L_DRIVE_LIFE_RGB_FAN.elf.dir/Core/Src/adc.c.obj
                0x08001724                HAL_ADC_MspInit
 .text.MX_DMA_Init
                0x080017e4       0x34 CMakeFiles/30L_DRIVE_LIFE_RGB_FAN.elf.dir/Core/Src/dma.c.obj
                0x080017e4                MX_DMA_Init
 .text.MX_GPIO_Init
                0x08001818       0x84 CMakeFiles/30L_DRIVE_LIFE_RGB_FAN.elf.dir/Core/Src/gpio.c.obj
                0x08001818                MX_GPIO_Init
 .text.MX_I2C1_Init
                0x0800189c       0x3c CMakeFiles/30L_DRIVE_LIFE_RGB_FAN.elf.dir/Core/Src/i2c.c.obj
                0x0800189c                MX_I2C1_Init
 .text.HAL_I2C_MspInit
                0x080018d8       0x78 CMakeFiles/30L_DRIVE_LIFE_RGB_FAN.elf.dir/Core/Src/i2c.c.obj
                0x080018d8                HAL_I2C_MspInit
 .text.Error_Handler
                0x08001950        0x4 CMakeFiles/30L_DRIVE_LIFE_RGB_FAN.elf.dir/Core/Src/main.c.obj
                0x08001950                Error_Handler
 .text.SystemClock_Config
                0x08001954       0x84 CMakeFiles/30L_DRIVE_LIFE_RGB_FAN.elf.dir/Core/Src/main.c.obj
                0x08001954                SystemClock_Config
 .text.main     0x080019d8       0x84 CMakeFiles/30L_DRIVE_LIFE_RGB_FAN.elf.dir/Core/Src/main.c.obj
                0x080019d8                main
 .text.HAL_MspInit
                0x08001a5c       0x58 CMakeFiles/30L_DRIVE_LIFE_RGB_FAN.elf.dir/Core/Src/stm32f1xx_hal_msp.c.obj
                0x08001a5c                HAL_MspInit
 .text.NMI_Handler
                0x08001ab4        0x2 CMakeFiles/30L_DRIVE_LIFE_RGB_FAN.elf.dir/Core/Src/stm32f1xx_it.c.obj
                0x08001ab4                NMI_Handler
 .text.HardFault_Handler
                0x08001ab6        0x2 CMakeFiles/30L_DRIVE_LIFE_RGB_FAN.elf.dir/Core/Src/stm32f1xx_it.c.obj
                0x08001ab6                HardFault_Handler
 .text.MemManage_Handler
                0x08001ab8        0x2 CMakeFiles/30L_DRIVE_LIFE_RGB_FAN.elf.dir/Core/Src/stm32f1xx_it.c.obj
                0x08001ab8                MemManage_Handler
 .text.BusFault_Handler
                0x08001aba        0x2 CMakeFiles/30L_DRIVE_LIFE_RGB_FAN.elf.dir/Core/Src/stm32f1xx_it.c.obj
                0x08001aba                BusFault_Handler
 .text.UsageFault_Handler
                0x08001abc        0x2 CMakeFiles/30L_DRIVE_LIFE_RGB_FAN.elf.dir/Core/Src/stm32f1xx_it.c.obj
                0x08001abc                UsageFault_Handler
 .text.SVC_Handler
                0x08001abe        0x2 CMakeFiles/30L_DRIVE_LIFE_RGB_FAN.elf.dir/Core/Src/stm32f1xx_it.c.obj
                0x08001abe                SVC_Handler
 .text.DebugMon_Handler
                0x08001ac0        0x2 CMakeFiles/30L_DRIVE_LIFE_RGB_FAN.elf.dir/Core/Src/stm32f1xx_it.c.obj
                0x08001ac0                DebugMon_Handler
 .text.PendSV_Handler
                0x08001ac2        0x2 CMakeFiles/30L_DRIVE_LIFE_RGB_FAN.elf.dir/Core/Src/stm32f1xx_it.c.obj
                0x08001ac2                PendSV_Handler
 .text.SysTick_Handler
                0x08001ac4        0x8 CMakeFiles/30L_DRIVE_LIFE_RGB_FAN.elf.dir/Core/Src/stm32f1xx_it.c.obj
                0x08001ac4                SysTick_Handler
 .text.PVD_IRQHandler
                0x08001acc        0x8 CMakeFiles/30L_DRIVE_LIFE_RGB_FAN.elf.dir/Core/Src/stm32f1xx_it.c.obj
                0x08001acc                PVD_IRQHandler
 .text.DMA1_Channel1_IRQHandler
                0x08001ad4       0x10 CMakeFiles/30L_DRIVE_LIFE_RGB_FAN.elf.dir/Core/Src/stm32f1xx_it.c.obj
                0x08001ad4                DMA1_Channel1_IRQHandler
 .text._getpid  0x08001ae4        0x4 CMakeFiles/30L_DRIVE_LIFE_RGB_FAN.elf.dir/Core/Src/syscalls.c.obj
                0x08001ae4                _getpid
 .text._kill    0x08001ae8       0x10 CMakeFiles/30L_DRIVE_LIFE_RGB_FAN.elf.dir/Core/Src/syscalls.c.obj
                0x08001ae8                _kill
 .text._exit    0x08001af8        0xc CMakeFiles/30L_DRIVE_LIFE_RGB_FAN.elf.dir/Core/Src/syscalls.c.obj
                0x08001af8                _exit
 .text._read    0x08001b04       0x20 CMakeFiles/30L_DRIVE_LIFE_RGB_FAN.elf.dir/Core/Src/syscalls.c.obj
                0x08001b04                _read
 .text._write   0x08001b24       0x1c CMakeFiles/30L_DRIVE_LIFE_RGB_FAN.elf.dir/Core/Src/syscalls.c.obj
                0x08001b24                _write
 .text._close   0x08001b40        0x6 CMakeFiles/30L_DRIVE_LIFE_RGB_FAN.elf.dir/Core/Src/syscalls.c.obj
                0x08001b40                _close
 .text._fstat   0x08001b46        0xa CMakeFiles/30L_DRIVE_LIFE_RGB_FAN.elf.dir/Core/Src/syscalls.c.obj
                0x08001b46                _fstat
 .text._isatty  0x08001b50        0x4 CMakeFiles/30L_DRIVE_LIFE_RGB_FAN.elf.dir/Core/Src/syscalls.c.obj
                0x08001b50                _isatty
 .text._lseek   0x08001b54        0x4 CMakeFiles/30L_DRIVE_LIFE_RGB_FAN.elf.dir/Core/Src/syscalls.c.obj
                0x08001b54                _lseek
 .text._sbrk    0x08001b58       0x48 CMakeFiles/30L_DRIVE_LIFE_RGB_FAN.elf.dir/Core/Src/sysmem.c.obj
                0x08001b58                _sbrk
 .text.SystemInit
                0x08001ba0        0x2 CMakeFiles/30L_DRIVE_LIFE_RGB_FAN.elf.dir/Core/Src/system_stm32f1xx.c.obj
                0x08001ba0                SystemInit
 *fill*         0x08001ba2        0x2 
 .text.MX_TIM1_Init
                0x08001ba4       0x70 CMakeFiles/30L_DRIVE_LIFE_RGB_FAN.elf.dir/Core/Src/tim.c.obj
                0x08001ba4                MX_TIM1_Init
 .text.MX_TIM3_Init
                0x08001c14       0xa0 CMakeFiles/30L_DRIVE_LIFE_RGB_FAN.elf.dir/Core/Src/tim.c.obj
                0x08001c14                MX_TIM3_Init
 .text.HAL_TIM_Base_MspInit
                0x08001cb4       0x9c CMakeFiles/30L_DRIVE_LIFE_RGB_FAN.elf.dir/Core/Src/tim.c.obj
                0x08001cb4                HAL_TIM_Base_MspInit
 .text.HAL_TIM_MspPostInit
                0x08001d50       0x88 CMakeFiles/30L_DRIVE_LIFE_RGB_FAN.elf.dir/Core/Src/tim.c.obj
                0x08001d50                HAL_TIM_MspPostInit
 .text.MX_TIM2_Init
                0x08001dd8       0xc0 CMakeFiles/30L_DRIVE_LIFE_RGB_FAN.elf.dir/Core/Src/tim.c.obj
                0x08001dd8                MX_TIM2_Init
 .text.MX_USART1_UART_Init
                0x08001e98       0x34 CMakeFiles/30L_DRIVE_LIFE_RGB_FAN.elf.dir/Core/Src/usart.c.obj
                0x08001e98                MX_USART1_UART_Init
 .text.HAL_UART_MspInit
                0x08001ecc       0x88 CMakeFiles/30L_DRIVE_LIFE_RGB_FAN.elf.dir/Core/Src/usart.c.obj
                0x08001ecc                HAL_UART_MspInit
 .text.__io_putchar
                0x08001f54       0x20 CMakeFiles/30L_DRIVE_LIFE_RGB_FAN.elf.dir/Core/Src/usart.c.obj
                0x08001f54                __io_putchar
 .text.Reset_Handler
                0x08001f74       0x48 CMakeFiles/30L_DRIVE_LIFE_RGB_FAN.elf.dir/Core/Startup/startup_stm32f103c8tx.s.obj
                0x08001f74                Reset_Handler
 .text.Default_Handler
                0x08001fbc        0x2 CMakeFiles/30L_DRIVE_LIFE_RGB_FAN.elf.dir/Core/Startup/startup_stm32f103c8tx.s.obj
                0x08001fbc                RTC_Alarm_IRQHandler
                0x08001fbc                EXTI2_IRQHandler
                0x08001fbc                TIM1_CC_IRQHandler
                0x08001fbc                EXTI3_IRQHandler
                0x08001fbc                EXTI0_IRQHandler
                0x08001fbc                I2C2_EV_IRQHandler
                0x08001fbc                ADC1_2_IRQHandler
                0x08001fbc                SPI1_IRQHandler
                0x08001fbc                TAMPER_IRQHandler
                0x08001fbc                DMA1_Channel4_IRQHandler
                0x08001fbc                USART3_IRQHandler
                0x08001fbc                RTC_IRQHandler
                0x08001fbc                DMA1_Channel7_IRQHandler
                0x08001fbc                CAN1_RX1_IRQHandler
                0x08001fbc                TIM4_IRQHandler
                0x08001fbc                I2C1_EV_IRQHandler
                0x08001fbc                DMA1_Channel6_IRQHandler
                0x08001fbc                TIM3_IRQHandler
                0x08001fbc                RCC_IRQHandler
                0x08001fbc                TIM1_TRG_COM_IRQHandler
                0x08001fbc                Default_Handler
                0x08001fbc                EXTI15_10_IRQHandler
                0x08001fbc                EXTI9_5_IRQHandler
                0x08001fbc                SPI2_IRQHandler
                0x08001fbc                DMA1_Channel5_IRQHandler
                0x08001fbc                EXTI4_IRQHandler
                0x08001fbc                USB_LP_CAN1_RX0_IRQHandler
                0x08001fbc                USB_HP_CAN1_TX_IRQHandler
                0x08001fbc                DMA1_Channel3_IRQHandler
                0x08001fbc                TIM1_UP_IRQHandler
                0x08001fbc                WWDG_IRQHandler
                0x08001fbc                TIM2_IRQHandler
                0x08001fbc                TIM1_BRK_IRQHandler
                0x08001fbc                EXTI1_IRQHandler
                0x08001fbc                USART2_IRQHandler
                0x08001fbc                I2C2_ER_IRQHandler
                0x08001fbc                DMA1_Channel2_IRQHandler
                0x08001fbc                CAN1_SCE_IRQHandler
                0x08001fbc                FLASH_IRQHandler
                0x08001fbc                USART1_IRQHandler
                0x08001fbc                I2C1_ER_IRQHandler
                0x08001fbc                USBWakeUp_IRQHandler
 *fill*         0x08001fbe        0x2 
 .text.HAL_InitTick
                0x08001fc0       0x4c CMakeFiles/30L_DRIVE_LIFE_RGB_FAN.elf.dir/Drivers/STM32F1xx_HAL_Driver/Src/stm32f1xx_hal.c.obj
                0x08001fc0                HAL_InitTick
 .text.HAL_Init
                0x0800200c       0x24 CMakeFiles/30L_DRIVE_LIFE_RGB_FAN.elf.dir/Drivers/STM32F1xx_HAL_Driver/Src/stm32f1xx_hal.c.obj
                0x0800200c                HAL_Init
 .text.HAL_IncTick
                0x08002030       0x18 CMakeFiles/30L_DRIVE_LIFE_RGB_FAN.elf.dir/Drivers/STM32F1xx_HAL_Driver/Src/stm32f1xx_hal.c.obj
                0x08002030                HAL_IncTick
 .text.HAL_GetTick
                0x08002048        0xc CMakeFiles/30L_DRIVE_LIFE_RGB_FAN.elf.dir/Drivers/STM32F1xx_HAL_Driver/Src/stm32f1xx_hal.c.obj
                0x08002048                HAL_GetTick
 .text.HAL_Delay
                0x08002054       0x28 CMakeFiles/30L_DRIVE_LIFE_RGB_FAN.elf.dir/Drivers/STM32F1xx_HAL_Driver/Src/stm32f1xx_hal.c.obj
                0x08002054                HAL_Delay
 .text.HAL_ADC_ConvCpltCallback
                0x0800207c        0x2 CMakeFiles/30L_DRIVE_LIFE_RGB_FAN.elf.dir/Drivers/STM32F1xx_HAL_Driver/Src/stm32f1xx_hal_adc.c.obj
                0x0800207c                HAL_ADC_ConvCpltCallback
 .text.ADC_DMAConvCplt
                0x0800207e       0x52 CMakeFiles/30L_DRIVE_LIFE_RGB_FAN.elf.dir/Drivers/STM32F1xx_HAL_Driver/Src/stm32f1xx_hal_adc.c.obj
                0x0800207e                ADC_DMAConvCplt
 .text.HAL_ADC_ConvHalfCpltCallback
                0x080020d0        0x2 CMakeFiles/30L_DRIVE_LIFE_RGB_FAN.elf.dir/Drivers/STM32F1xx_HAL_Driver/Src/stm32f1xx_hal_adc.c.obj
                0x080020d0                HAL_ADC_ConvHalfCpltCallback
 .text.ADC_DMAHalfConvCplt
                0x080020d2        0xa CMakeFiles/30L_DRIVE_LIFE_RGB_FAN.elf.dir/Drivers/STM32F1xx_HAL_Driver/Src/stm32f1xx_hal_adc.c.obj
                0x080020d2                ADC_DMAHalfConvCplt
 .text.HAL_ADC_ErrorCallback
                0x080020dc        0x2 CMakeFiles/30L_DRIVE_LIFE_RGB_FAN.elf.dir/Drivers/STM32F1xx_HAL_Driver/Src/stm32f1xx_hal_adc.c.obj
                0x080020dc                HAL_ADC_ErrorCallback
 .text.ADC_DMAError
                0x080020de       0x1a CMakeFiles/30L_DRIVE_LIFE_RGB_FAN.elf.dir/Drivers/STM32F1xx_HAL_Driver/Src/stm32f1xx_hal_adc.c.obj
                0x080020de                ADC_DMAError
 .text.HAL_ADC_ConfigChannel
                0x080020f8      0x140 CMakeFiles/30L_DRIVE_LIFE_RGB_FAN.elf.dir/Drivers/STM32F1xx_HAL_Driver/Src/stm32f1xx_hal_adc.c.obj
                0x080020f8                HAL_ADC_ConfigChannel
 .text.ADC_Enable
                0x08002238       0x88 CMakeFiles/30L_DRIVE_LIFE_RGB_FAN.elf.dir/Drivers/STM32F1xx_HAL_Driver/Src/stm32f1xx_hal_adc.c.obj
                0x08002238                ADC_Enable
 .text.HAL_ADC_Start_DMA
                0x080022c0      0x130 CMakeFiles/30L_DRIVE_LIFE_RGB_FAN.elf.dir/Drivers/STM32F1xx_HAL_Driver/Src/stm32f1xx_hal_adc.c.obj
                0x080022c0                HAL_ADC_Start_DMA
 .text.ADC_ConversionStop_Disable
                0x080023f0       0x56 CMakeFiles/30L_DRIVE_LIFE_RGB_FAN.elf.dir/Drivers/STM32F1xx_HAL_Driver/Src/stm32f1xx_hal_adc.c.obj
                0x080023f0                ADC_ConversionStop_Disable
 *fill*         0x08002446        0x2 
 .text.HAL_ADC_Init
                0x08002448      0x108 CMakeFiles/30L_DRIVE_LIFE_RGB_FAN.elf.dir/Drivers/STM32F1xx_HAL_Driver/Src/stm32f1xx_hal_adc.c.obj
                0x08002448                HAL_ADC_Init
 .text.HAL_ADC_Stop_DMA
                0x08002550       0x5e CMakeFiles/30L_DRIVE_LIFE_RGB_FAN.elf.dir/Drivers/STM32F1xx_HAL_Driver/Src/stm32f1xx_hal_adc.c.obj
                0x08002550                HAL_ADC_Stop_DMA
 *fill*         0x080025ae        0x2 
 .text.HAL_ADCEx_Calibration_Start
                0x080025b0      0x100 CMakeFiles/30L_DRIVE_LIFE_RGB_FAN.elf.dir/Drivers/STM32F1xx_HAL_Driver/Src/stm32f1xx_hal_adc_ex.c.obj
                0x080025b0                HAL_ADCEx_Calibration_Start
 .text.__NVIC_SetPriority
                0x080026b0       0x28 CMakeFiles/30L_DRIVE_LIFE_RGB_FAN.elf.dir/Drivers/STM32F1xx_HAL_Driver/Src/stm32f1xx_hal_cortex.c.obj
 .text.NVIC_EncodePriority
                0x080026d8       0x3e CMakeFiles/30L_DRIVE_LIFE_RGB_FAN.elf.dir/Drivers/STM32F1xx_HAL_Driver/Src/stm32f1xx_hal_cortex.c.obj
 *fill*         0x08002716        0x2 
 .text.HAL_NVIC_SetPriorityGrouping
                0x08002718       0x24 CMakeFiles/30L_DRIVE_LIFE_RGB_FAN.elf.dir/Drivers/STM32F1xx_HAL_Driver/Src/stm32f1xx_hal_cortex.c.obj
                0x08002718                HAL_NVIC_SetPriorityGrouping
 .text.HAL_NVIC_SetPriority
                0x0800273c       0x20 CMakeFiles/30L_DRIVE_LIFE_RGB_FAN.elf.dir/Drivers/STM32F1xx_HAL_Driver/Src/stm32f1xx_hal_cortex.c.obj
                0x0800273c                HAL_NVIC_SetPriority
 .text.HAL_NVIC_EnableIRQ
                0x0800275c       0x1c CMakeFiles/30L_DRIVE_LIFE_RGB_FAN.elf.dir/Drivers/STM32F1xx_HAL_Driver/Src/stm32f1xx_hal_cortex.c.obj
                0x0800275c                HAL_NVIC_EnableIRQ
 .text.HAL_SYSTICK_Config
                0x08002778       0x28 CMakeFiles/30L_DRIVE_LIFE_RGB_FAN.elf.dir/Drivers/STM32F1xx_HAL_Driver/Src/stm32f1xx_hal_cortex.c.obj
                0x08002778                HAL_SYSTICK_Config
 .text.DMA_SetConfig
                0x080027a0       0x2c CMakeFiles/30L_DRIVE_LIFE_RGB_FAN.elf.dir/Drivers/STM32F1xx_HAL_Driver/Src/stm32f1xx_hal_dma.c.obj
 .text.HAL_DMA_Init
                0x080027cc       0x6c CMakeFiles/30L_DRIVE_LIFE_RGB_FAN.elf.dir/Drivers/STM32F1xx_HAL_Driver/Src/stm32f1xx_hal_dma.c.obj
                0x080027cc                HAL_DMA_Init
 .text.HAL_DMA_Start_IT
                0x08002838       0x76 CMakeFiles/30L_DRIVE_LIFE_RGB_FAN.elf.dir/Drivers/STM32F1xx_HAL_Driver/Src/stm32f1xx_hal_dma.c.obj
                0x08002838                HAL_DMA_Start_IT
 .text.HAL_DMA_Abort
                0x080028ae       0x46 CMakeFiles/30L_DRIVE_LIFE_RGB_FAN.elf.dir/Drivers/STM32F1xx_HAL_Driver/Src/stm32f1xx_hal_dma.c.obj
                0x080028ae                HAL_DMA_Abort
 .text.HAL_DMA_IRQHandler
                0x080028f4      0x144 CMakeFiles/30L_DRIVE_LIFE_RGB_FAN.elf.dir/Drivers/STM32F1xx_HAL_Driver/Src/stm32f1xx_hal_dma.c.obj
                0x080028f4                HAL_DMA_IRQHandler
 .text.HAL_GPIO_Init
                0x08002a38      0x21c CMakeFiles/30L_DRIVE_LIFE_RGB_FAN.elf.dir/Drivers/STM32F1xx_HAL_Driver/Src/stm32f1xx_hal_gpio.c.obj
                0x08002a38                HAL_GPIO_Init
 .text.HAL_GPIO_WritePin
                0x08002c54        0xc CMakeFiles/30L_DRIVE_LIFE_RGB_FAN.elf.dir/Drivers/STM32F1xx_HAL_Driver/Src/stm32f1xx_hal_gpio.c.obj
                0x08002c54                HAL_GPIO_WritePin
 .text.HAL_I2C_Init
                0x08002c60      0x1bc CMakeFiles/30L_DRIVE_LIFE_RGB_FAN.elf.dir/Drivers/STM32F1xx_HAL_Driver/Src/stm32f1xx_hal_i2c.c.obj
                0x08002c60                HAL_I2C_Init
 .text.HAL_PWR_PVDCallback
                0x08002e1c        0x2 CMakeFiles/30L_DRIVE_LIFE_RGB_FAN.elf.dir/Drivers/STM32F1xx_HAL_Driver/Src/stm32f1xx_hal_pwr.c.obj
                0x08002e1c                HAL_PWR_PVDCallback
 *fill*         0x08002e1e        0x2 
 .text.HAL_PWR_PVD_IRQHandler
                0x08002e20       0x20 CMakeFiles/30L_DRIVE_LIFE_RGB_FAN.elf.dir/Drivers/STM32F1xx_HAL_Driver/Src/stm32f1xx_hal_pwr.c.obj
                0x08002e20                HAL_PWR_PVD_IRQHandler
 .text.RCC_Delay
                0x08002e40       0x2c CMakeFiles/30L_DRIVE_LIFE_RGB_FAN.elf.dir/Drivers/STM32F1xx_HAL_Driver/Src/stm32f1xx_hal_rcc.c.obj
 .text.HAL_RCC_OscConfig
                0x08002e6c      0x410 CMakeFiles/30L_DRIVE_LIFE_RGB_FAN.elf.dir/Drivers/STM32F1xx_HAL_Driver/Src/stm32f1xx_hal_rcc.c.obj
                0x08002e6c                HAL_RCC_OscConfig
 .text.HAL_RCC_GetSysClockFreq
                0x0800327c       0x54 CMakeFiles/30L_DRIVE_LIFE_RGB_FAN.elf.dir/Drivers/STM32F1xx_HAL_Driver/Src/stm32f1xx_hal_rcc.c.obj
                0x0800327c                HAL_RCC_GetSysClockFreq
 .text.HAL_RCC_ClockConfig
                0x080032d0      0x16c CMakeFiles/30L_DRIVE_LIFE_RGB_FAN.elf.dir/Drivers/STM32F1xx_HAL_Driver/Src/stm32f1xx_hal_rcc.c.obj
                0x080032d0                HAL_RCC_ClockConfig
 .text.HAL_RCC_GetHCLKFreq
                0x0800343c        0xc CMakeFiles/30L_DRIVE_LIFE_RGB_FAN.elf.dir/Drivers/STM32F1xx_HAL_Driver/Src/stm32f1xx_hal_rcc.c.obj
                0x0800343c                HAL_RCC_GetHCLKFreq
 .text.HAL_RCC_GetPCLK1Freq
                0x08003448       0x20 CMakeFiles/30L_DRIVE_LIFE_RGB_FAN.elf.dir/Drivers/STM32F1xx_HAL_Driver/Src/stm32f1xx_hal_rcc.c.obj
                0x08003448                HAL_RCC_GetPCLK1Freq
 .text.HAL_RCC_GetPCLK2Freq
                0x08003468       0x20 CMakeFiles/30L_DRIVE_LIFE_RGB_FAN.elf.dir/Drivers/STM32F1xx_HAL_Driver/Src/stm32f1xx_hal_rcc.c.obj
                0x08003468                HAL_RCC_GetPCLK2Freq
 .text.HAL_RCCEx_PeriphCLKConfig
                0x08003488      0x118 CMakeFiles/30L_DRIVE_LIFE_RGB_FAN.elf.dir/Drivers/STM32F1xx_HAL_Driver/Src/stm32f1xx_hal_rcc_ex.c.obj
                0x08003488                HAL_RCCEx_PeriphCLKConfig
 .text.HAL_RCCEx_GetPeriphCLKFreq
                0x080035a0       0xd8 CMakeFiles/30L_DRIVE_LIFE_RGB_FAN.elf.dir/Drivers/STM32F1xx_HAL_Driver/Src/stm32f1xx_hal_rcc_ex.c.obj
                0x080035a0                HAL_RCCEx_GetPeriphCLKFreq
 .text.TIM_OC1_SetConfig
                0x08003678       0x54 CMakeFiles/30L_DRIVE_LIFE_RGB_FAN.elf.dir/Drivers/STM32F1xx_HAL_Driver/Src/stm32f1xx_hal_tim.c.obj
 .text.TIM_OC3_SetConfig
                0x080036cc       0x5c CMakeFiles/30L_DRIVE_LIFE_RGB_FAN.elf.dir/Drivers/STM32F1xx_HAL_Driver/Src/stm32f1xx_hal_tim.c.obj
 .text.TIM_OC4_SetConfig
                0x08003728       0x48 CMakeFiles/30L_DRIVE_LIFE_RGB_FAN.elf.dir/Drivers/STM32F1xx_HAL_Driver/Src/stm32f1xx_hal_tim.c.obj
 .text.TIM_TI1_ConfigInputStage
                0x08003770       0x24 CMakeFiles/30L_DRIVE_LIFE_RGB_FAN.elf.dir/Drivers/STM32F1xx_HAL_Driver/Src/stm32f1xx_hal_tim.c.obj
 .text.TIM_TI2_SetConfig
                0x08003794       0x36 CMakeFiles/30L_DRIVE_LIFE_RGB_FAN.elf.dir/Drivers/STM32F1xx_HAL_Driver/Src/stm32f1xx_hal_tim.c.obj
 .text.TIM_TI2_ConfigInputStage
                0x080037ca       0x26 CMakeFiles/30L_DRIVE_LIFE_RGB_FAN.elf.dir/Drivers/STM32F1xx_HAL_Driver/Src/stm32f1xx_hal_tim.c.obj
 .text.TIM_TI3_SetConfig
                0x080037f0       0x36 CMakeFiles/30L_DRIVE_LIFE_RGB_FAN.elf.dir/Drivers/STM32F1xx_HAL_Driver/Src/stm32f1xx_hal_tim.c.obj
 .text.TIM_TI4_SetConfig
                0x08003826       0x36 CMakeFiles/30L_DRIVE_LIFE_RGB_FAN.elf.dir/Drivers/STM32F1xx_HAL_Driver/Src/stm32f1xx_hal_tim.c.obj
 .text.TIM_ITRx_SetConfig
                0x0800385c       0x10 CMakeFiles/30L_DRIVE_LIFE_RGB_FAN.elf.dir/Drivers/STM32F1xx_HAL_Driver/Src/stm32f1xx_hal_tim.c.obj
 .text.HAL_TIM_Base_Start
                0x0800386c       0x5c CMakeFiles/30L_DRIVE_LIFE_RGB_FAN.elf.dir/Drivers/STM32F1xx_HAL_Driver/Src/stm32f1xx_hal_tim.c.obj
                0x0800386c                HAL_TIM_Base_Start
 .text.HAL_TIM_PWM_MspInit
                0x080038c8        0x2 CMakeFiles/30L_DRIVE_LIFE_RGB_FAN.elf.dir/Drivers/STM32F1xx_HAL_Driver/Src/stm32f1xx_hal_tim.c.obj
                0x080038c8                HAL_TIM_PWM_MspInit
 .text.HAL_TIM_IC_MspInit
                0x080038ca        0x2 CMakeFiles/30L_DRIVE_LIFE_RGB_FAN.elf.dir/Drivers/STM32F1xx_HAL_Driver/Src/stm32f1xx_hal_tim.c.obj
                0x080038ca                HAL_TIM_IC_MspInit
 .text.TIM_Base_SetConfig
                0x080038cc       0x74 CMakeFiles/30L_DRIVE_LIFE_RGB_FAN.elf.dir/Drivers/STM32F1xx_HAL_Driver/Src/stm32f1xx_hal_tim.c.obj
                0x080038cc                TIM_Base_SetConfig
 .text.HAL_TIM_Base_Init
                0x08003940       0x58 CMakeFiles/30L_DRIVE_LIFE_RGB_FAN.elf.dir/Drivers/STM32F1xx_HAL_Driver/Src/stm32f1xx_hal_tim.c.obj
                0x08003940                HAL_TIM_Base_Init
 .text.HAL_TIM_PWM_Init
                0x08003998       0x58 CMakeFiles/30L_DRIVE_LIFE_RGB_FAN.elf.dir/Drivers/STM32F1xx_HAL_Driver/Src/stm32f1xx_hal_tim.c.obj
                0x08003998                HAL_TIM_PWM_Init
 .text.HAL_TIM_IC_Init
                0x080039f0       0x58 CMakeFiles/30L_DRIVE_LIFE_RGB_FAN.elf.dir/Drivers/STM32F1xx_HAL_Driver/Src/stm32f1xx_hal_tim.c.obj
                0x080039f0                HAL_TIM_IC_Init
 .text.TIM_OC2_SetConfig
                0x08003a48       0x5c CMakeFiles/30L_DRIVE_LIFE_RGB_FAN.elf.dir/Drivers/STM32F1xx_HAL_Driver/Src/stm32f1xx_hal_tim.c.obj
                0x08003a48                TIM_OC2_SetConfig
 .text.HAL_TIM_PWM_ConfigChannel
                0x08003aa4       0xdc CMakeFiles/30L_DRIVE_LIFE_RGB_FAN.elf.dir/Drivers/STM32F1xx_HAL_Driver/Src/stm32f1xx_hal_tim.c.obj
                0x08003aa4                HAL_TIM_PWM_ConfigChannel
 .text.TIM_TI1_SetConfig
                0x08003b80       0x58 CMakeFiles/30L_DRIVE_LIFE_RGB_FAN.elf.dir/Drivers/STM32F1xx_HAL_Driver/Src/stm32f1xx_hal_tim.c.obj
                0x08003b80                TIM_TI1_SetConfig
 .text.HAL_TIM_IC_ConfigChannel
                0x08003bd8       0xc4 CMakeFiles/30L_DRIVE_LIFE_RGB_FAN.elf.dir/Drivers/STM32F1xx_HAL_Driver/Src/stm32f1xx_hal_tim.c.obj
                0x08003bd8                HAL_TIM_IC_ConfigChannel
 .text.TIM_ETR_SetConfig
                0x08003c9c       0x18 CMakeFiles/30L_DRIVE_LIFE_RGB_FAN.elf.dir/Drivers/STM32F1xx_HAL_Driver/Src/stm32f1xx_hal_tim.c.obj
                0x08003c9c                TIM_ETR_SetConfig
 .text.HAL_TIM_ConfigClockSource
                0x08003cb4       0xfe CMakeFiles/30L_DRIVE_LIFE_RGB_FAN.elf.dir/Drivers/STM32F1xx_HAL_Driver/Src/stm32f1xx_hal_tim.c.obj
                0x08003cb4                HAL_TIM_ConfigClockSource
 .text.TIM_CCxChannelCmd
                0x08003db2       0x1e CMakeFiles/30L_DRIVE_LIFE_RGB_FAN.elf.dir/Drivers/STM32F1xx_HAL_Driver/Src/stm32f1xx_hal_tim.c.obj
                0x08003db2                TIM_CCxChannelCmd
 .text.HAL_TIM_PWM_Start
                0x08003dd0       0xdc CMakeFiles/30L_DRIVE_LIFE_RGB_FAN.elf.dir/Drivers/STM32F1xx_HAL_Driver/Src/stm32f1xx_hal_tim.c.obj
                0x08003dd0                HAL_TIM_PWM_Start
 .text.HAL_TIM_PWM_Stop
                0x08003eac       0x84 CMakeFiles/30L_DRIVE_LIFE_RGB_FAN.elf.dir/Drivers/STM32F1xx_HAL_Driver/Src/stm32f1xx_hal_tim.c.obj
                0x08003eac                HAL_TIM_PWM_Stop
 .text.HAL_TIM_IC_Start_IT
                0x08003f30      0x148 CMakeFiles/30L_DRIVE_LIFE_RGB_FAN.elf.dir/Drivers/STM32F1xx_HAL_Driver/Src/stm32f1xx_hal_tim.c.obj
                0x08003f30                HAL_TIM_IC_Start_IT
 .text.HAL_TIMEx_MasterConfigSynchronization
                0x08004078       0x6c CMakeFiles/30L_DRIVE_LIFE_RGB_FAN.elf.dir/Drivers/STM32F1xx_HAL_Driver/Src/stm32f1xx_hal_tim_ex.c.obj
                0x08004078                HAL_TIMEx_MasterConfigSynchronization
 .text.UART_SetConfig
                0x080040e4       0x94 CMakeFiles/30L_DRIVE_LIFE_RGB_FAN.elf.dir/Drivers/STM32F1xx_HAL_Driver/Src/stm32f1xx_hal_uart.c.obj
 .text.UART_WaitOnFlagUntilTimeout
                0x08004178       0x84 CMakeFiles/30L_DRIVE_LIFE_RGB_FAN.elf.dir/Drivers/STM32F1xx_HAL_Driver/Src/stm32f1xx_hal_uart.c.obj
 .text.HAL_UART_Init
                0x080041fc       0x60 CMakeFiles/30L_DRIVE_LIFE_RGB_FAN.elf.dir/Drivers/STM32F1xx_HAL_Driver/Src/stm32f1xx_hal_uart.c.obj
                0x080041fc                HAL_UART_Init
 .text.HAL_UART_Transmit
                0x0800425c       0xbe CMakeFiles/30L_DRIVE_LIFE_RGB_FAN.elf.dir/Drivers/STM32F1xx_HAL_Driver/Src/stm32f1xx_hal_uart.c.obj
                0x0800425c                HAL_UART_Transmit
 *fill*         0x0800431a        0x2 
 .text.stdio_exit_handler
                0x0800431c       0x18 c:/sysgcc/arm-eabi/bin/../lib/gcc/arm-none-eabi/12.3.1/thumb/v7-m/nofp\libc.a(libc_a-findfp.o)
 .text.cleanup_stdio
                0x08004334       0x40 c:/sysgcc/arm-eabi/bin/../lib/gcc/arm-none-eabi/12.3.1/thumb/v7-m/nofp\libc.a(libc_a-findfp.o)
 .text.global_stdio_init.part.0
                0x08004374       0xf0 c:/sysgcc/arm-eabi/bin/../lib/gcc/arm-none-eabi/12.3.1/thumb/v7-m/nofp\libc.a(libc_a-findfp.o)
 .text.__sinit  0x08004464       0x3c c:/sysgcc/arm-eabi/bin/../lib/gcc/arm-none-eabi/12.3.1/thumb/v7-m/nofp\libc.a(libc_a-findfp.o)
                0x08004464                __sinit
 .text.__sfp_lock_acquire
                0x080044a0        0xc c:/sysgcc/arm-eabi/bin/../lib/gcc/arm-none-eabi/12.3.1/thumb/v7-m/nofp\libc.a(libc_a-findfp.o)
                0x080044a0                __sfp_lock_acquire
 .text.__sfp_lock_release
                0x080044ac        0xc c:/sysgcc/arm-eabi/bin/../lib/gcc/arm-none-eabi/12.3.1/thumb/v7-m/nofp\libc.a(libc_a-findfp.o)
                0x080044ac                __sfp_lock_release
 .text._fwalk_sglue
                0x080044b8       0x44 c:/sysgcc/arm-eabi/bin/../lib/gcc/arm-none-eabi/12.3.1/thumb/v7-m/nofp\libc.a(libc_a-fwalk.o)
                0x080044b8                _fwalk_sglue
 .text.printf   0x080044fc       0x28 c:/sysgcc/arm-eabi/bin/../lib/gcc/arm-none-eabi/12.3.1/thumb/v7-m/nofp\libc.a(libc_a-printf.o)
                0x080044fc                printf
 .text._puts_r  0x08004524       0x98 c:/sysgcc/arm-eabi/bin/../lib/gcc/arm-none-eabi/12.3.1/thumb/v7-m/nofp\libc.a(libc_a-puts.o)
                0x08004524                _puts_r
 .text.puts     0x080045bc       0x10 c:/sysgcc/arm-eabi/bin/../lib/gcc/arm-none-eabi/12.3.1/thumb/v7-m/nofp\libc.a(libc_a-puts.o)
                0x080045bc                puts
 .text.__sread  0x080045cc       0x24 c:/sysgcc/arm-eabi/bin/../lib/gcc/arm-none-eabi/12.3.1/thumb/v7-m/nofp\libc.a(libc_a-stdio.o)
                0x080045cc                __sread
 .text.__swrite
                0x080045f0       0x40 c:/sysgcc/arm-eabi/bin/../lib/gcc/arm-none-eabi/12.3.1/thumb/v7-m/nofp\libc.a(libc_a-stdio.o)
                0x080045f0                __swrite
 .text.__sseek  0x08004630       0x24 c:/sysgcc/arm-eabi/bin/../lib/gcc/arm-none-eabi/12.3.1/thumb/v7-m/nofp\libc.a(libc_a-stdio.o)
                0x08004630                __sseek
 .text.__sclose
                0x08004654        0x8 c:/sysgcc/arm-eabi/bin/../lib/gcc/arm-none-eabi/12.3.1/thumb/v7-m/nofp\libc.a(libc_a-stdio.o)
                0x08004654                __sclose
 .text.memset   0x0800465c       0xa0 c:/sysgcc/arm-eabi/bin/../lib/gcc/arm-none-eabi/12.3.1/thumb/v7-m/nofp\libc.a(libc_a-memset.o)
                0x0800465c                memset
 .text._close_r
                0x080046fc       0x24 c:/sysgcc/arm-eabi/bin/../lib/gcc/arm-none-eabi/12.3.1/thumb/v7-m/nofp\libc.a(libc_a-closer.o)
                0x080046fc                _close_r
 .text._lseek_r
                0x08004720       0x2c c:/sysgcc/arm-eabi/bin/../lib/gcc/arm-none-eabi/12.3.1/thumb/v7-m/nofp\libc.a(libc_a-lseekr.o)
                0x08004720                _lseek_r
 .text._read_r  0x0800474c       0x2c c:/sysgcc/arm-eabi/bin/../lib/gcc/arm-none-eabi/12.3.1/thumb/v7-m/nofp\libc.a(libc_a-readr.o)
                0x0800474c                _read_r
 .text._write_r
                0x08004778       0x2c c:/sysgcc/arm-eabi/bin/../lib/gcc/arm-none-eabi/12.3.1/thumb/v7-m/nofp\libc.a(libc_a-writer.o)
                0x08004778                _write_r
 .text.__errno  0x080047a4        0xc c:/sysgcc/arm-eabi/bin/../lib/gcc/arm-none-eabi/12.3.1/thumb/v7-m/nofp\libc.a(libc_a-errno.o)
                0x080047a4                __errno
 .text.__libc_init_array
                0x080047b0       0x50 c:/sysgcc/arm-eabi/bin/../lib/gcc/arm-none-eabi/12.3.1/thumb/v7-m/nofp\libc.a(libc_a-init.o)
                0x080047b0                __libc_init_array
 .text.__retarget_lock_init_recursive
                0x08004800        0x4 c:/sysgcc/arm-eabi/bin/../lib/gcc/arm-none-eabi/12.3.1/thumb/v7-m/nofp\libc.a(libc_a-lock.o)
                0x08004800                __retarget_lock_init_recursive
 .text.__retarget_lock_close_recursive
                0x08004804        0x4 c:/sysgcc/arm-eabi/bin/../lib/gcc/arm-none-eabi/12.3.1/thumb/v7-m/nofp\libc.a(libc_a-lock.o)
                0x08004804                __retarget_lock_close_recursive
 .text.__retarget_lock_acquire_recursive
                0x08004808        0x4 c:/sysgcc/arm-eabi/bin/../lib/gcc/arm-none-eabi/12.3.1/thumb/v7-m/nofp\libc.a(libc_a-lock.o)
                0x08004808                __retarget_lock_acquire_recursive
 .text.__retarget_lock_release_recursive
                0x0800480c        0x4 c:/sysgcc/arm-eabi/bin/../lib/gcc/arm-none-eabi/12.3.1/thumb/v7-m/nofp\libc.a(libc_a-lock.o)
                0x0800480c                __retarget_lock_release_recursive
 .text.strlen   0x08004810       0x5c c:/sysgcc/arm-eabi/bin/../lib/gcc/arm-none-eabi/12.3.1/thumb/v7-m/nofp\libc.a(libc_a-strlen-stub.o)
                0x08004810                strlen
 .text.startup.register_fini
                0x0800486c       0x14 c:/sysgcc/arm-eabi/bin/../lib/gcc/arm-none-eabi/12.3.1/thumb/v7-m/nofp\libc.a(libc_a-__call_atexit.o)
 .text.atexit   0x08004880        0xc c:/sysgcc/arm-eabi/bin/../lib/gcc/arm-none-eabi/12.3.1/thumb/v7-m/nofp\libc.a(libc_a-atexit.o)
                0x08004880                atexit
 .text._malloc_trim_r
                0x0800488c       0xb8 c:/sysgcc/arm-eabi/bin/../lib/gcc/arm-none-eabi/12.3.1/thumb/v7-m/nofp\libc.a(libc_a-freer.o)
                0x0800488c                _malloc_trim_r
 .text._free_r  0x08004944      0x1fc c:/sysgcc/arm-eabi/bin/../lib/gcc/arm-none-eabi/12.3.1/thumb/v7-m/nofp\libc.a(libc_a-freer.o)
                0x08004944                _free_r
 .text._malloc_r
                0x08004b40      0x570 c:/sysgcc/arm-eabi/bin/../lib/gcc/arm-none-eabi/12.3.1/thumb/v7-m/nofp\libc.a(libc_a-mallocr.o)
                0x08004b40                _malloc_r
 .text.__malloc_lock
                0x080050b0        0xc c:/sysgcc/arm-eabi/bin/../lib/gcc/arm-none-eabi/12.3.1/thumb/v7-m/nofp\libc.a(libc_a-mlock.o)
                0x080050b0                __malloc_lock
 .text.__malloc_unlock
                0x080050bc        0xc c:/sysgcc/arm-eabi/bin/../lib/gcc/arm-none-eabi/12.3.1/thumb/v7-m/nofp\libc.a(libc_a-mlock.o)
                0x080050bc                __malloc_unlock
 .text._vfprintf_r
                0x080050c8     0x1c6c c:/sysgcc/arm-eabi/bin/../lib/gcc/arm-none-eabi/12.3.1/thumb/v7-m/nofp\libc.a(libc_a-vfprintf.o)
                0x080050c8                _vfprintf_r
 .text.__sbprintf
                0x08006d34       0x80 c:/sysgcc/arm-eabi/bin/../lib/gcc/arm-none-eabi/12.3.1/thumb/v7-m/nofp\libc.a(libc_a-vfprintf.o)
 .text.__sprint_r.part.0
                0x08006db4       0x78 c:/sysgcc/arm-eabi/bin/../lib/gcc/arm-none-eabi/12.3.1/thumb/v7-m/nofp\libc.a(libc_a-vfiprintf.o)
 .text.__sprint_r
                0x08006e2c       0x14 c:/sysgcc/arm-eabi/bin/../lib/gcc/arm-none-eabi/12.3.1/thumb/v7-m/nofp\libc.a(libc_a-vfiprintf.o)
                0x08006e2c                __sprint_r
 .text._vfiprintf_r
                0x08006e40      0xf9c c:/sysgcc/arm-eabi/bin/../lib/gcc/arm-none-eabi/12.3.1/thumb/v7-m/nofp\libc.a(libc_a-vfiprintf.o)
                0x08006e40                _vfiprintf_r
 .text.__sbprintf
                0x08007ddc       0x80 c:/sysgcc/arm-eabi/bin/../lib/gcc/arm-none-eabi/12.3.1/thumb/v7-m/nofp\libc.a(libc_a-vfiprintf.o)
 .text._fclose_r
                0x08007e5c       0xc0 c:/sysgcc/arm-eabi/bin/../lib/gcc/arm-none-eabi/12.3.1/thumb/v7-m/nofp\libc.a(libc_a-fclose.o)
                0x08007e5c                _fclose_r
 .text.__sflush_r
                0x08007f1c      0x128 c:/sysgcc/arm-eabi/bin/../lib/gcc/arm-none-eabi/12.3.1/thumb/v7-m/nofp\libc.a(libc_a-fflush.o)
                0x08007f1c                __sflush_r
 .text._fflush_r
                0x08008044       0x54 c:/sysgcc/arm-eabi/bin/../lib/gcc/arm-none-eabi/12.3.1/thumb/v7-m/nofp\libc.a(libc_a-fflush.o)
                0x08008044                _fflush_r
 .text.__sfvwrite_r
                0x08008098      0x2ec c:/sysgcc/arm-eabi/bin/../lib/gcc/arm-none-eabi/12.3.1/thumb/v7-m/nofp\libc.a(libc_a-fvwrite.o)
                0x08008098                __sfvwrite_r
 .text.__swsetup_r
                0x08008384       0xc0 c:/sysgcc/arm-eabi/bin/../lib/gcc/arm-none-eabi/12.3.1/thumb/v7-m/nofp\libc.a(libc_a-wsetup.o)
                0x08008384                __swsetup_r
 .text.__fputwc
                0x08008444       0x7c c:/sysgcc/arm-eabi/bin/../lib/gcc/arm-none-eabi/12.3.1/thumb/v7-m/nofp\libc.a(libc_a-fputwc.o)
                0x08008444                __fputwc
 .text._fputwc_r
                0x080084c0       0x60 c:/sysgcc/arm-eabi/bin/../lib/gcc/arm-none-eabi/12.3.1/thumb/v7-m/nofp\libc.a(libc_a-fputwc.o)
                0x080084c0                _fputwc_r
 .text.memmove  0x08008520       0xfc c:/sysgcc/arm-eabi/bin/../lib/gcc/arm-none-eabi/12.3.1/thumb/v7-m/nofp\libc.a(libc_a-memmove.o)
                0x08008520                memmove
 .text.strncpy  0x0800861c       0x6c c:/sysgcc/arm-eabi/bin/../lib/gcc/arm-none-eabi/12.3.1/thumb/v7-m/nofp\libc.a(libc_a-strncpy.o)
                0x0800861c                strncpy
 .text.__locale_mb_cur_max
                0x08008688        0xc c:/sysgcc/arm-eabi/bin/../lib/gcc/arm-none-eabi/12.3.1/thumb/v7-m/nofp\libc.a(libc_a-locale.o)
                0x08008688                __locale_mb_cur_max
 .text._localeconv_r
                0x08008694        0x8 c:/sysgcc/arm-eabi/bin/../lib/gcc/arm-none-eabi/12.3.1/thumb/v7-m/nofp\libc.a(libc_a-localeconv.o)
                0x08008694                _localeconv_r
 .text._sbrk_r  0x0800869c       0x24 c:/sysgcc/arm-eabi/bin/../lib/gcc/arm-none-eabi/12.3.1/thumb/v7-m/nofp\libc.a(libc_a-sbrkr.o)
                0x0800869c                _sbrk_r
 .text.__libc_fini_array
                0x080086c0       0x28 c:/sysgcc/arm-eabi/bin/../lib/gcc/arm-none-eabi/12.3.1/thumb/v7-m/nofp\libc.a(libc_a-fini.o)
                0x080086c0                __libc_fini_array
 .text.sysconf  0x080086e8       0x1c c:/sysgcc/arm-eabi/bin/../lib/gcc/arm-none-eabi/12.3.1/thumb/v7-m/nofp\libc.a(libc_a-sysconf.o)
                0x080086e8                sysconf
 .text.memchr   0x08008704       0x98 c:/sysgcc/arm-eabi/bin/../lib/gcc/arm-none-eabi/12.3.1/thumb/v7-m/nofp\libc.a(libc_a-memchr-stub.o)
                0x08008704                memchr
 .text.frexp    0x0800879c       0x70 c:/sysgcc/arm-eabi/bin/../lib/gcc/arm-none-eabi/12.3.1/thumb/v7-m/nofp\libc.a(libm_a-s_frexp.o)
                0x0800879c                frexp
 .text.__register_exitproc
                0x0800880c       0x80 c:/sysgcc/arm-eabi/bin/../lib/gcc/arm-none-eabi/12.3.1/thumb/v7-m/nofp\libc.a(libc_a-__atexit.o)
                0x0800880c                __register_exitproc
 .text.quorem   0x0800888c      0x13c c:/sysgcc/arm-eabi/bin/../lib/gcc/arm-none-eabi/12.3.1/thumb/v7-m/nofp\libc.a(libc_a-dtoa.o)
 .text._dtoa_r  0x080089c8      0xe54 c:/sysgcc/arm-eabi/bin/../lib/gcc/arm-none-eabi/12.3.1/thumb/v7-m/nofp\libc.a(libc_a-dtoa.o)
                0x080089c8                _dtoa_r
 .text.__ascii_mbtowc
                0x0800981c       0x2c c:/sysgcc/arm-eabi/bin/../lib/gcc/arm-none-eabi/12.3.1/thumb/v7-m/nofp\libc.a(libc_a-mbtowc_r.o)
                0x0800981c                __ascii_mbtowc
 .text._Balloc  0x08009848       0x4c c:/sysgcc/arm-eabi/bin/../lib/gcc/arm-none-eabi/12.3.1/thumb/v7-m/nofp\libc.a(libc_a-mprec.o)
                0x08009848                _Balloc
 .text._Bfree   0x08009894       0x14 c:/sysgcc/arm-eabi/bin/../lib/gcc/arm-none-eabi/12.3.1/thumb/v7-m/nofp\libc.a(libc_a-mprec.o)
                0x08009894                _Bfree
 .text.__multadd
                0x080098a8       0xa4 c:/sysgcc/arm-eabi/bin/../lib/gcc/arm-none-eabi/12.3.1/thumb/v7-m/nofp\libc.a(libc_a-mprec.o)
                0x080098a8                __multadd
 .text.__hi0bits
                0x0800994c       0x44 c:/sysgcc/arm-eabi/bin/../lib/gcc/arm-none-eabi/12.3.1/thumb/v7-m/nofp\libc.a(libc_a-mprec.o)
                0x0800994c                __hi0bits
 .text.__lo0bits
                0x08009990       0x5c c:/sysgcc/arm-eabi/bin/../lib/gcc/arm-none-eabi/12.3.1/thumb/v7-m/nofp\libc.a(libc_a-mprec.o)
                0x08009990                __lo0bits
 .text.__i2b    0x080099ec       0x5c c:/sysgcc/arm-eabi/bin/../lib/gcc/arm-none-eabi/12.3.1/thumb/v7-m/nofp\libc.a(libc_a-mprec.o)
                0x080099ec                __i2b
 .text.__multiply
                0x08009a48      0x164 c:/sysgcc/arm-eabi/bin/../lib/gcc/arm-none-eabi/12.3.1/thumb/v7-m/nofp\libc.a(libc_a-mprec.o)
                0x08009a48                __multiply
 .text.__pow5mult
                0x08009bac       0xb4 c:/sysgcc/arm-eabi/bin/../lib/gcc/arm-none-eabi/12.3.1/thumb/v7-m/nofp\libc.a(libc_a-mprec.o)
                0x08009bac                __pow5mult
 .text.__lshift
                0x08009c60       0xec c:/sysgcc/arm-eabi/bin/../lib/gcc/arm-none-eabi/12.3.1/thumb/v7-m/nofp\libc.a(libc_a-mprec.o)
                0x08009c60                __lshift
 .text.__mcmp   0x08009d4c       0x40 c:/sysgcc/arm-eabi/bin/../lib/gcc/arm-none-eabi/12.3.1/thumb/v7-m/nofp\libc.a(libc_a-mprec.o)
                0x08009d4c                __mcmp
 .text.__mdiff  0x08009d8c      0x160 c:/sysgcc/arm-eabi/bin/../lib/gcc/arm-none-eabi/12.3.1/thumb/v7-m/nofp\libc.a(libc_a-mprec.o)
                0x08009d8c                __mdiff
 .text.__d2b    0x08009eec       0xbc c:/sysgcc/arm-eabi/bin/../lib/gcc/arm-none-eabi/12.3.1/thumb/v7-m/nofp\libc.a(libc_a-mprec.o)
                0x08009eec                __d2b
 .text._realloc_r
                0x08009fa8      0x34c c:/sysgcc/arm-eabi/bin/../lib/gcc/arm-none-eabi/12.3.1/thumb/v7-m/nofp\libc.a(libc_a-reallocr.o)
                0x08009fa8                _realloc_r
 .text.__ascii_wctomb
                0x0800a2f4       0x1c c:/sysgcc/arm-eabi/bin/../lib/gcc/arm-none-eabi/12.3.1/thumb/v7-m/nofp\libc.a(libc_a-wctomb_r.o)
                0x0800a2f4                __ascii_wctomb
 .text._wcrtomb_r
                0x0800a310       0x4c c:/sysgcc/arm-eabi/bin/../lib/gcc/arm-none-eabi/12.3.1/thumb/v7-m/nofp\libc.a(libc_a-wcrtomb.o)
                0x0800a310                _wcrtomb_r
 .text._wcsrtombs_r
                0x0800a35c       0x18 c:/sysgcc/arm-eabi/bin/../lib/gcc/arm-none-eabi/12.3.1/thumb/v7-m/nofp\libc.a(libc_a-wcsrtombs.o)
                0x0800a35c                _wcsrtombs_r
 .text.__smakebuf_r
                0x0800a374       0xdc c:/sysgcc/arm-eabi/bin/../lib/gcc/arm-none-eabi/12.3.1/thumb/v7-m/nofp\libc.a(libc_a-makebuf.o)
                0x0800a374                __smakebuf_r
 .text.__swbuf_r
                0x0800a450       0xac c:/sysgcc/arm-eabi/bin/../lib/gcc/arm-none-eabi/12.3.1/thumb/v7-m/nofp\libc.a(libc_a-wbuf.o)
                0x0800a450                __swbuf_r
 .text._fstat_r
                0x0800a4fc       0x28 c:/sysgcc/arm-eabi/bin/../lib/gcc/arm-none-eabi/12.3.1/thumb/v7-m/nofp\libc.a(libc_a-fstatr.o)
                0x0800a4fc                _fstat_r
 .text._isatty_r
                0x0800a524       0x24 c:/sysgcc/arm-eabi/bin/../lib/gcc/arm-none-eabi/12.3.1/thumb/v7-m/nofp\libc.a(libc_a-isattyr.o)
                0x0800a524                _isatty_r
 .text.__assert_func
                0x0800a548       0x40 c:/sysgcc/arm-eabi/bin/../lib/gcc/arm-none-eabi/12.3.1/thumb/v7-m/nofp\libc.a(libc_a-assert.o)
                0x0800a548                __assert_func
 .text._calloc_r
                0x0800a588       0x6c c:/sysgcc/arm-eabi/bin/../lib/gcc/arm-none-eabi/12.3.1/thumb/v7-m/nofp\libc.a(libc_a-callocr.o)
                0x0800a588                _calloc_r
 .text._wcsnrtombs_l
                0x0800a5f4       0xec c:/sysgcc/arm-eabi/bin/../lib/gcc/arm-none-eabi/12.3.1/thumb/v7-m/nofp\libc.a(libc_a-wcsnrtombs.o)
                0x0800a5f4                _wcsnrtombs_l
 .text._wcsnrtombs_r
                0x0800a6e0       0x24 c:/sysgcc/arm-eabi/bin/../lib/gcc/arm-none-eabi/12.3.1/thumb/v7-m/nofp\libc.a(libc_a-wcsnrtombs.o)
                0x0800a6e0                _wcsnrtombs_r
 .text.fiprintf
                0x0800a704       0x28 c:/sysgcc/arm-eabi/bin/../lib/gcc/arm-none-eabi/12.3.1/thumb/v7-m/nofp\libc.a(libc_a-fiprintf.o)
                0x0800a704                fiprintf
 .text.abort    0x0800a72c       0x10 c:/sysgcc/arm-eabi/bin/../lib/gcc/arm-none-eabi/12.3.1/thumb/v7-m/nofp\libc.a(libc_a-abort.o)
                0x0800a72c                abort
 .text.raise    0x0800a73c       0x58 c:/sysgcc/arm-eabi/bin/../lib/gcc/arm-none-eabi/12.3.1/thumb/v7-m/nofp\libc.a(libc_a-signal.o)
                0x0800a73c                raise
 .text._kill_r  0x0800a794       0x28 c:/sysgcc/arm-eabi/bin/../lib/gcc/arm-none-eabi/12.3.1/thumb/v7-m/nofp\libc.a(libc_a-signalr.o)
                0x0800a794                _kill_r
 .text._getpid_r
                0x0800a7bc        0x4 c:/sysgcc/arm-eabi/bin/../lib/gcc/arm-none-eabi/12.3.1/thumb/v7-m/nofp\libc.a(libc_a-signalr.o)
                0x0800a7bc                _getpid_r
 .text.log      0x0800a7c0       0x68 c:/sysgcc/arm-eabi/bin/../lib/gcc/arm-none-eabi/12.3.1/thumb/v7-m/nofp\libm.a(libm_a-w_log.o)
                0x0800a7c0                log
 .text.nan      0x0800a828        0xc c:/sysgcc/arm-eabi/bin/../lib/gcc/arm-none-eabi/12.3.1/thumb/v7-m/nofp\libm.a(libm_a-s_nan.o)
                0x0800a828                nan
 *fill*         0x0800a834        0x4 
 .text.__ieee754_log
                0x0800a838      0x3b4 c:/sysgcc/arm-eabi/bin/../lib/gcc/arm-none-eabi/12.3.1/thumb/v7-m/nofp\libm.a(libm_a-e_log.o)
                0x0800a838                __ieee754_log
 *(.glue_7)
 .glue_7        0x0800abec        0x0 linker stubs
 *(.glue_7t)
 .glue_7t       0x0800abec        0x0 linker stubs
 *(.eh_frame)
 .eh_frame      0x0800abec        0x0 c:/sysgcc/arm-eabi/bin/../lib/gcc/arm-none-eabi/12.3.1/thumb/v7-m/nofp/crtbegin.o
 *(.init)
 .init          0x0800abec        0x4 c:/sysgcc/arm-eabi/bin/../lib/gcc/arm-none-eabi/12.3.1/thumb/v7-m/nofp/crti.o
                0x0800abec                _init
 .init          0x0800abf0        0x8 c:/sysgcc/arm-eabi/bin/../lib/gcc/arm-none-eabi/12.3.1/thumb/v7-m/nofp/crtn.o
 *(.fini)
 .fini          0x0800abf8        0x4 c:/sysgcc/arm-eabi/bin/../lib/gcc/arm-none-eabi/12.3.1/thumb/v7-m/nofp/crti.o
                0x0800abf8                _fini
 .fini          0x0800abfc        0x8 c:/sysgcc/arm-eabi/bin/../lib/gcc/arm-none-eabi/12.3.1/thumb/v7-m/nofp/crtn.o
                0x0800ac04                        . = ALIGN (0x4)
                0x0800ac04                        _etext = .

.vfp11_veneer   0x0800ac04        0x0
 .vfp11_veneer  0x0800ac04        0x0 linker stubs

.v4_bx          0x0800ac04        0x0
 .v4_bx         0x0800ac04        0x0 linker stubs

.iplt           0x0800ac04        0x0
 .iplt          0x0800ac04        0x0 c:/sysgcc/arm-eabi/bin/../lib/gcc/arm-none-eabi/12.3.1/thumb/v7-m/nofp/crtbegin.o

.rodata         0x0800ac08      0x4ec
                0x0800ac08                        . = ALIGN (0x4)
 *(.rodata)
 *(.rodata*)
 .rodata.SmartFan.str1.4
                0x0800ac08       0x4d CMakeFiles/30L_DRIVE_LIFE_RGB_FAN.elf.dir/APP/SmartFan.c.obj
 *fill*         0x0800ac55        0x3 
 .rodata.SystemInfo.str1.4
                0x0800ac58       0x3c CMakeFiles/30L_DRIVE_LIFE_RGB_FAN.elf.dir/APP/SysAdcValue.c.obj
 .rodata.main.str1.4
                0x0800ac94       0x35 CMakeFiles/30L_DRIVE_LIFE_RGB_FAN.elf.dir/Core/Src/main.c.obj
 *fill*         0x0800acc9        0x3 
 .rodata.APBPrescTable
                0x0800accc        0x8 CMakeFiles/30L_DRIVE_LIFE_RGB_FAN.elf.dir/Core/Src/system_stm32f1xx.c.obj
                0x0800accc                APBPrescTable
 .rodata.AHBPrescTable
                0x0800acd4       0x10 CMakeFiles/30L_DRIVE_LIFE_RGB_FAN.elf.dir/Core/Src/system_stm32f1xx.c.obj
                0x0800acd4                AHBPrescTable
 .rodata.aPredivFactorTable.0
                0x0800ace4        0x2 CMakeFiles/30L_DRIVE_LIFE_RGB_FAN.elf.dir/Drivers/STM32F1xx_HAL_Driver/Src/stm32f1xx_hal_rcc.c.obj
 *fill*         0x0800ace6        0x2 
 .rodata.aPLLMULFactorTable.1
                0x0800ace8       0x10 CMakeFiles/30L_DRIVE_LIFE_RGB_FAN.elf.dir/Drivers/STM32F1xx_HAL_Driver/Src/stm32f1xx_hal_rcc.c.obj
 .rodata.aPredivFactorTable.0
                0x0800acf8        0x2 CMakeFiles/30L_DRIVE_LIFE_RGB_FAN.elf.dir/Drivers/STM32F1xx_HAL_Driver/Src/stm32f1xx_hal_rcc_ex.c.obj
 *fill*         0x0800acfa        0x2 
 .rodata.aPLLMULFactorTable.1
                0x0800acfc       0x10 CMakeFiles/30L_DRIVE_LIFE_RGB_FAN.elf.dir/Drivers/STM32F1xx_HAL_Driver/Src/stm32f1xx_hal_rcc_ex.c.obj
 .rodata._puts_r.str1.4
                0x0800ad0c       0x35 c:/sysgcc/arm-eabi/bin/../lib/gcc/arm-none-eabi/12.3.1/thumb/v7-m/nofp\libc.a(libc_a-puts.o)
                                  0x2 (size before relaxing)
 .rodata._vfprintf_r.str1.4
                0x0800ad0c       0x42 c:/sysgcc/arm-eabi/bin/../lib/gcc/arm-none-eabi/12.3.1/thumb/v7-m/nofp\libc.a(libc_a-vfprintf.o)
 *fill*         0x0800ad4e        0x2 
 .rodata.zeroes.0
                0x0800ad50       0x10 c:/sysgcc/arm-eabi/bin/../lib/gcc/arm-none-eabi/12.3.1/thumb/v7-m/nofp\libc.a(libc_a-vfprintf.o)
 .rodata.blanks.1
                0x0800ad60       0x10 c:/sysgcc/arm-eabi/bin/../lib/gcc/arm-none-eabi/12.3.1/thumb/v7-m/nofp\libc.a(libc_a-vfprintf.o)
 .rodata._vfiprintf_r.str1.4
                0x0800ad70       0x2f c:/sysgcc/arm-eabi/bin/../lib/gcc/arm-none-eabi/12.3.1/thumb/v7-m/nofp\libc.a(libc_a-vfiprintf.o)
 .rodata.zeroes.0
                0x0800ad70       0x10 c:/sysgcc/arm-eabi/bin/../lib/gcc/arm-none-eabi/12.3.1/thumb/v7-m/nofp\libc.a(libc_a-vfiprintf.o)
 .rodata.blanks.1
                0x0800ad80       0x10 c:/sysgcc/arm-eabi/bin/../lib/gcc/arm-none-eabi/12.3.1/thumb/v7-m/nofp\libc.a(libc_a-vfiprintf.o)
 .rodata.str1.4
                0x0800ad90       0x48 c:/sysgcc/arm-eabi/bin/../lib/gcc/arm-none-eabi/12.3.1/thumb/v7-m/nofp\libc.a(libc_a-locale.o)
                                 0x4c (size before relaxing)
 .rodata._dtoa_r.str1.4
                0x0800add8       0x7d c:/sysgcc/arm-eabi/bin/../lib/gcc/arm-none-eabi/12.3.1/thumb/v7-m/nofp\libc.a(libc_a-dtoa.o)
                                 0x81 (size before relaxing)
 *fill*         0x0800ae55        0x3 
 .rodata.__multadd.str1.4
                0x0800ae58       0x5a c:/sysgcc/arm-eabi/bin/../lib/gcc/arm-none-eabi/12.3.1/thumb/v7-m/nofp\libc.a(libc_a-mprec.o)
                                 0x6e (size before relaxing)
 *fill*         0x0800aeb2        0x2 
 .rodata.p05.0  0x0800aeb4        0xc c:/sysgcc/arm-eabi/bin/../lib/gcc/arm-none-eabi/12.3.1/thumb/v7-m/nofp\libc.a(libc_a-mprec.o)
 .rodata.__mprec_bigtens
                0x0800aec0       0x28 c:/sysgcc/arm-eabi/bin/../lib/gcc/arm-none-eabi/12.3.1/thumb/v7-m/nofp\libc.a(libc_a-mprec.o)
                0x0800aec0                __mprec_bigtens
 .rodata.__mprec_tens
                0x0800aee8       0xc8 c:/sysgcc/arm-eabi/bin/../lib/gcc/arm-none-eabi/12.3.1/thumb/v7-m/nofp\libc.a(libc_a-mprec.o)
                0x0800aee8                __mprec_tens
 .rodata._ctype_
                0x0800afb0      0x101 c:/sysgcc/arm-eabi/bin/../lib/gcc/arm-none-eabi/12.3.1/thumb/v7-m/nofp\libc.a(libc_a-ctype_.o)
                0x0800afb0                _ctype_
 *fill*         0x0800b0b1        0x3 
 .rodata.__assert_func.str1.4
                0x0800b0b4       0x3f c:/sysgcc/arm-eabi/bin/../lib/gcc/arm-none-eabi/12.3.1/thumb/v7-m/nofp\libc.a(libc_a-assert.o)
                                 0x43 (size before relaxing)
 .rodata.log.str1.4
                0x0800b0f3        0x1 c:/sysgcc/arm-eabi/bin/../lib/gcc/arm-none-eabi/12.3.1/thumb/v7-m/nofp\libm.a(libm_a-w_log.o)
                0x0800b0f4                        . = ALIGN (0x4)
 *fill*         0x0800b0f3        0x1 

.ARM.extab      0x0800b0f4        0x0
                0x0800b0f4                        . = ALIGN (0x4)
 *(.ARM.extab* .gnu.linkonce.armextab.*)
                0x0800b0f4                        . = ALIGN (0x4)

.ARM            0x0800b0f4        0x8
                0x0800b0f4                        . = ALIGN (0x4)
                0x0800b0f4                        __exidx_start = .
 *(.ARM.exidx*)
 .ARM.exidx     0x0800b0f4        0x8 c:/sysgcc/arm-eabi/bin/../lib/gcc/arm-none-eabi/12.3.1/thumb/v7-m/nofp\libc.a(libc_a-memcpy.o)
                0x0800b0fc                        __exidx_end = .
                0x0800b0fc                        . = ALIGN (0x4)

.preinit_array  0x0800b0fc        0x0
                0x0800b0fc                        . = ALIGN (0x4)
                0x0800b0fc                        PROVIDE (__preinit_array_start = .)
 *(.preinit_array*)
                0x0800b0fc                        PROVIDE (__preinit_array_end = .)
                0x0800b0fc                        . = ALIGN (0x4)

.init_array     0x0800b0fc        0x8
                0x0800b0fc                        . = ALIGN (0x4)
                0x0800b0fc                        PROVIDE (__init_array_start = .)
 *(SORT_BY_NAME(.init_array.*))
 .init_array.00000
                0x0800b0fc        0x4 c:/sysgcc/arm-eabi/bin/../lib/gcc/arm-none-eabi/12.3.1/thumb/v7-m/nofp\libc.a(libc_a-__call_atexit.o)
 *(.init_array*)
 .init_array    0x0800b100        0x4 c:/sysgcc/arm-eabi/bin/../lib/gcc/arm-none-eabi/12.3.1/thumb/v7-m/nofp/crtbegin.o
                0x0800b104                        PROVIDE (__init_array_end = .)
                0x0800b104                        . = ALIGN (0x4)

.fini_array     0x0800b104        0x4
                0x0800b104                        . = ALIGN (0x4)
                0x0800b104                        PROVIDE (__fini_array_start = .)
 *(SORT_BY_NAME(.fini_array.*))
 *(.fini_array*)
 .fini_array    0x0800b104        0x4 c:/sysgcc/arm-eabi/bin/../lib/gcc/arm-none-eabi/12.3.1/thumb/v7-m/nofp/crtbegin.o
                0x0800b108                        PROVIDE (__fini_array_end = .)
                0x0800b108                        . = ALIGN (0x4)
                0x0800b108                        _sidata = LOADADDR (.data)

.rel.dyn        0x0800b108        0x0
 .rel.iplt      0x0800b108        0x0 c:/sysgcc/arm-eabi/bin/../lib/gcc/arm-none-eabi/12.3.1/thumb/v7-m/nofp/crtbegin.o

.data           0x20000000      0x6c4 load address 0x0800b108
                0x20000000                        . = ALIGN (0x4)
                0x20000000                        _sdata = .
 *(.data)
 *(.data*)
 .data.SystemCoreClock
                0x20000000        0x4 CMakeFiles/30L_DRIVE_LIFE_RGB_FAN.elf.dir/Core/Src/system_stm32f1xx.c.obj
                0x20000000                SystemCoreClock
 .data.uwTickFreq
                0x20000004        0x1 CMakeFiles/30L_DRIVE_LIFE_RGB_FAN.elf.dir/Drivers/STM32F1xx_HAL_Driver/Src/stm32f1xx_hal.c.obj
                0x20000004                uwTickFreq
 *fill*         0x20000005        0x3 
 .data.uwTickPrio
                0x20000008        0x4 CMakeFiles/30L_DRIVE_LIFE_RGB_FAN.elf.dir/Drivers/STM32F1xx_HAL_Driver/Src/stm32f1xx_hal.c.obj
                0x20000008                uwTickPrio
 .data.__sglue  0x2000000c        0xc c:/sysgcc/arm-eabi/bin/../lib/gcc/arm-none-eabi/12.3.1/thumb/v7-m/nofp\libc.a(libc_a-findfp.o)
                0x2000000c                __sglue
 .data._impure_ptr
                0x20000018        0x4 c:/sysgcc/arm-eabi/bin/../lib/gcc/arm-none-eabi/12.3.1/thumb/v7-m/nofp\libc.a(libc_a-impure.o)
                0x20000018                _impure_ptr
 *fill*         0x2000001c        0x4 
 .data._impure_data
                0x20000020      0x120 c:/sysgcc/arm-eabi/bin/../lib/gcc/arm-none-eabi/12.3.1/thumb/v7-m/nofp\libc.a(libc_a-impure.o)
                0x20000020                _impure_data
 .data.__atexit_recursive_mutex
                0x20000140        0x4 c:/sysgcc/arm-eabi/bin/../lib/gcc/arm-none-eabi/12.3.1/thumb/v7-m/nofp\libc.a(libc_a-__call_atexit.o)
                0x20000140                __atexit_recursive_mutex
 .data.__malloc_sbrk_base
                0x20000144        0x4 c:/sysgcc/arm-eabi/bin/../lib/gcc/arm-none-eabi/12.3.1/thumb/v7-m/nofp\libc.a(libc_a-mallocr.o)
                0x20000144                __malloc_sbrk_base
 .data.__malloc_trim_threshold
                0x20000148        0x4 c:/sysgcc/arm-eabi/bin/../lib/gcc/arm-none-eabi/12.3.1/thumb/v7-m/nofp\libc.a(libc_a-mallocr.o)
                0x20000148                __malloc_trim_threshold
 *fill*         0x2000014c        0x4 
 .data.__malloc_av_
                0x20000150      0x408 c:/sysgcc/arm-eabi/bin/../lib/gcc/arm-none-eabi/12.3.1/thumb/v7-m/nofp\libc.a(libc_a-mallocr.o)
                0x20000150                __malloc_av_
 .data.__global_locale
                0x20000558      0x16c c:/sysgcc/arm-eabi/bin/../lib/gcc/arm-none-eabi/12.3.1/thumb/v7-m/nofp\libc.a(libc_a-locale.o)
                0x20000558                __global_locale
 *(.RamFunc)
 *(.RamFunc*)
                0x200006c4                        . = ALIGN (0x4)
                0x200006c4                        _edata = .

.tm_clone_table
                0x200006c4        0x0 load address 0x0800b7cc
 .tm_clone_table
                0x200006c4        0x0 c:/sysgcc/arm-eabi/bin/../lib/gcc/arm-none-eabi/12.3.1/thumb/v7-m/nofp/crtbegin.o
 .tm_clone_table
                0x200006c4        0x0 c:/sysgcc/arm-eabi/bin/../lib/gcc/arm-none-eabi/12.3.1/thumb/v7-m/nofp/crtend.o

.igot.plt       0x200006c4        0x0 load address 0x0800b7cc
 .igot.plt      0x200006c4        0x0 c:/sysgcc/arm-eabi/bin/../lib/gcc/arm-none-eabi/12.3.1/thumb/v7-m/nofp/crtbegin.o
                0x200006c4                        . = ALIGN (0x4)

.bss            0x200006c4      0x544 load address 0x0800b7cc
                0x200006c4                        _sbss = .
                0x200006c4                        __bss_start__ = _sbss
 *(.bss)
 *(.bss*)
 .bss.completed.1
                0x200006c4        0x1 c:/sysgcc/arm-eabi/bin/../lib/gcc/arm-none-eabi/12.3.1/thumb/v7-m/nofp/crtbegin.o
 *fill*         0x200006c5        0x3 
 .bss.object.0  0x200006c8       0x18 c:/sysgcc/arm-eabi/bin/../lib/gcc/arm-none-eabi/12.3.1/thumb/v7-m/nofp/crtbegin.o
 .bss.AdcValue  0x200006e0        0xe CMakeFiles/30L_DRIVE_LIFE_RGB_FAN.elf.dir/APP/SmartFan.c.obj
                0x200006e0                AdcValue
 *fill*         0x200006ee        0x2 
 .bss.SystemAdcValue
                0x200006f0       0x12 CMakeFiles/30L_DRIVE_LIFE_RGB_FAN.elf.dir/APP/SysAdcValue.c.obj
                0x200006f0                SystemAdcValue
 *fill*         0x20000702        0x2 
 .bss.hdma_adc1
                0x20000704       0x44 CMakeFiles/30L_DRIVE_LIFE_RGB_FAN.elf.dir/Core/Src/adc.c.obj
                0x20000704                hdma_adc1
 .bss.hadc1     0x20000748       0x30 CMakeFiles/30L_DRIVE_LIFE_RGB_FAN.elf.dir/Core/Src/adc.c.obj
                0x20000748                hadc1
 .bss.hi2c1     0x20000778       0x54 CMakeFiles/30L_DRIVE_LIFE_RGB_FAN.elf.dir/Core/Src/i2c.c.obj
                0x20000778                hi2c1
 .bss.__sbrk_heap_end
                0x200007cc        0x4 CMakeFiles/30L_DRIVE_LIFE_RGB_FAN.elf.dir/Core/Src/sysmem.c.obj
 .bss.htim3     0x200007d0       0x48 CMakeFiles/30L_DRIVE_LIFE_RGB_FAN.elf.dir/Core/Src/tim.c.obj
                0x200007d0                htim3
 .bss.htim2     0x20000818       0x48 CMakeFiles/30L_DRIVE_LIFE_RGB_FAN.elf.dir/Core/Src/tim.c.obj
                0x20000818                htim2
 .bss.htim1     0x20000860       0x48 CMakeFiles/30L_DRIVE_LIFE_RGB_FAN.elf.dir/Core/Src/tim.c.obj
                0x20000860                htim1
 .bss.huart1    0x200008a8       0x48 CMakeFiles/30L_DRIVE_LIFE_RGB_FAN.elf.dir/Core/Src/usart.c.obj
                0x200008a8                huart1
 .bss.uwTick    0x200008f0        0x4 CMakeFiles/30L_DRIVE_LIFE_RGB_FAN.elf.dir/Drivers/STM32F1xx_HAL_Driver/Src/stm32f1xx_hal.c.obj
                0x200008f0                uwTick
 .bss.__sf      0x200008f4      0x138 c:/sysgcc/arm-eabi/bin/../lib/gcc/arm-none-eabi/12.3.1/thumb/v7-m/nofp\libc.a(libc_a-findfp.o)
                0x200008f4                __sf
 .bss.__stdio_exit_handler
                0x20000a2c        0x4 c:/sysgcc/arm-eabi/bin/../lib/gcc/arm-none-eabi/12.3.1/thumb/v7-m/nofp\libc.a(libc_a-findfp.o)
                0x20000a2c                __stdio_exit_handler
 .bss.errno     0x20000a30        0x4 c:/sysgcc/arm-eabi/bin/../lib/gcc/arm-none-eabi/12.3.1/thumb/v7-m/nofp\libc.a(libc_a-reent.o)
                0x20000a30                errno
 .bss.__lock___malloc_recursive_mutex
                0x20000a34        0x1 c:/sysgcc/arm-eabi/bin/../lib/gcc/arm-none-eabi/12.3.1/thumb/v7-m/nofp\libc.a(libc_a-lock.o)
                0x20000a34                __lock___malloc_recursive_mutex
 *fill*         0x20000a35        0x3 
 .bss.__lock___atexit_recursive_mutex
                0x20000a38        0x1 c:/sysgcc/arm-eabi/bin/../lib/gcc/arm-none-eabi/12.3.1/thumb/v7-m/nofp\libc.a(libc_a-lock.o)
                0x20000a38                __lock___atexit_recursive_mutex
 *fill*         0x20000a39        0x3 
 .bss.__lock___sfp_recursive_mutex
                0x20000a3c        0x1 c:/sysgcc/arm-eabi/bin/../lib/gcc/arm-none-eabi/12.3.1/thumb/v7-m/nofp\libc.a(libc_a-lock.o)
                0x20000a3c                __lock___sfp_recursive_mutex
 *fill*         0x20000a3d        0x3 
 .bss.__atexit  0x20000a40        0x4 c:/sysgcc/arm-eabi/bin/../lib/gcc/arm-none-eabi/12.3.1/thumb/v7-m/nofp\libc.a(libc_a-__call_atexit.o)
                0x20000a40                __atexit
 .bss.__malloc_current_mallinfo
                0x20000a44       0x28 c:/sysgcc/arm-eabi/bin/../lib/gcc/arm-none-eabi/12.3.1/thumb/v7-m/nofp\libc.a(libc_a-mallocr.o)
                0x20000a44                __malloc_current_mallinfo
 .bss.__malloc_max_total_mem
                0x20000a6c        0x4 c:/sysgcc/arm-eabi/bin/../lib/gcc/arm-none-eabi/12.3.1/thumb/v7-m/nofp\libc.a(libc_a-mallocr.o)
                0x20000a6c                __malloc_max_total_mem
 .bss.__malloc_max_sbrked_mem
                0x20000a70        0x4 c:/sysgcc/arm-eabi/bin/../lib/gcc/arm-none-eabi/12.3.1/thumb/v7-m/nofp\libc.a(libc_a-mallocr.o)
                0x20000a70                __malloc_max_sbrked_mem
 .bss.__malloc_top_pad
                0x20000a74        0x4 c:/sysgcc/arm-eabi/bin/../lib/gcc/arm-none-eabi/12.3.1/thumb/v7-m/nofp\libc.a(libc_a-mallocr.o)
                0x20000a74                __malloc_top_pad
 .bss.__atexit0
                0x20000a78      0x190 c:/sysgcc/arm-eabi/bin/../lib/gcc/arm-none-eabi/12.3.1/thumb/v7-m/nofp\libc.a(libc_a-__atexit.o)
                0x20000a78                __atexit0
 *(COMMON)
                0x20000c08                        . = ALIGN (0x4)
                0x20000c08                        _ebss = .
                0x20000c08                        __bss_end__ = _ebss

._user_heap_stack
                0x20000c08      0x600 load address 0x0800b7cc
                0x20000c08                        . = ALIGN (0x8)
                [!provide]                        PROVIDE (end = .)
                0x20000c08                        PROVIDE (_end = .)
                0x20000e08                        . = (. + _Min_Heap_Size)
 *fill*         0x20000c08      0x200 
                0x20001208                        . = (. + _Min_Stack_Size)
 *fill*         0x20000e08      0x400 
                0x20001208                        . = ALIGN (0x8)

/DISCARD/
 libc.a(*)
 libm.a(*)
 libgcc.a(*)

.ARM.attributes
                0x00000000       0x29
 *(.ARM.attributes)
 .ARM.attributes
                0x00000000       0x1d c:/sysgcc/arm-eabi/bin/../lib/gcc/arm-none-eabi/12.3.1/thumb/v7-m/nofp/crti.o
 .ARM.attributes
                0x0000001d       0x2d c:/sysgcc/arm-eabi/bin/../lib/gcc/arm-none-eabi/12.3.1/thumb/v7-m/nofp/crtbegin.o
 .ARM.attributes
                0x0000004a       0x2d CMakeFiles/30L_DRIVE_LIFE_RGB_FAN.elf.dir/APP/RgbLedDrive.c.obj
 .ARM.attributes
                0x00000077       0x2d CMakeFiles/30L_DRIVE_LIFE_RGB_FAN.elf.dir/APP/SmartFan.c.obj
 .ARM.attributes
                0x000000a4       0x2d CMakeFiles/30L_DRIVE_LIFE_RGB_FAN.elf.dir/APP/SysAdcValue.c.obj
 .ARM.attributes
                0x000000d1       0x2d CMakeFiles/30L_DRIVE_LIFE_RGB_FAN.elf.dir/APP/UvcDrive.c.obj
 .ARM.attributes
                0x000000fe       0x2d CMakeFiles/30L_DRIVE_LIFE_RGB_FAN.elf.dir/Core/Src/adc.c.obj
 .ARM.attributes
                0x0000012b       0x2d CMakeFiles/30L_DRIVE_LIFE_RGB_FAN.elf.dir/Core/Src/dma.c.obj
 .ARM.attributes
                0x00000158       0x2d CMakeFiles/30L_DRIVE_LIFE_RGB_FAN.elf.dir/Core/Src/gpio.c.obj
 .ARM.attributes
                0x00000185       0x2d CMakeFiles/30L_DRIVE_LIFE_RGB_FAN.elf.dir/Core/Src/i2c.c.obj
 .ARM.attributes
                0x000001b2       0x2d CMakeFiles/30L_DRIVE_LIFE_RGB_FAN.elf.dir/Core/Src/main.c.obj
 .ARM.attributes
                0x000001df       0x2d CMakeFiles/30L_DRIVE_LIFE_RGB_FAN.elf.dir/Core/Src/stm32f1xx_hal_msp.c.obj
 .ARM.attributes
                0x0000020c       0x2d CMakeFiles/30L_DRIVE_LIFE_RGB_FAN.elf.dir/Core/Src/stm32f1xx_it.c.obj
 .ARM.attributes
                0x00000239       0x2d CMakeFiles/30L_DRIVE_LIFE_RGB_FAN.elf.dir/Core/Src/syscalls.c.obj
 .ARM.attributes
                0x00000266       0x2d CMakeFiles/30L_DRIVE_LIFE_RGB_FAN.elf.dir/Core/Src/sysmem.c.obj
 .ARM.attributes
                0x00000293       0x2d CMakeFiles/30L_DRIVE_LIFE_RGB_FAN.elf.dir/Core/Src/system_stm32f1xx.c.obj
 .ARM.attributes
                0x000002c0       0x2d CMakeFiles/30L_DRIVE_LIFE_RGB_FAN.elf.dir/Core/Src/tim.c.obj
 .ARM.attributes
                0x000002ed       0x2d CMakeFiles/30L_DRIVE_LIFE_RGB_FAN.elf.dir/Core/Src/usart.c.obj
 .ARM.attributes
                0x0000031a       0x21 CMakeFiles/30L_DRIVE_LIFE_RGB_FAN.elf.dir/Core/Startup/startup_stm32f103c8tx.s.obj
 .ARM.attributes
                0x0000033b       0x2d CMakeFiles/30L_DRIVE_LIFE_RGB_FAN.elf.dir/Drivers/STM32F1xx_HAL_Driver/Src/stm32f1xx_hal.c.obj
 .ARM.attributes
                0x00000368       0x2d CMakeFiles/30L_DRIVE_LIFE_RGB_FAN.elf.dir/Drivers/STM32F1xx_HAL_Driver/Src/stm32f1xx_hal_adc.c.obj
 .ARM.attributes
                0x00000395       0x2d CMakeFiles/30L_DRIVE_LIFE_RGB_FAN.elf.dir/Drivers/STM32F1xx_HAL_Driver/Src/stm32f1xx_hal_adc_ex.c.obj
 .ARM.attributes
                0x000003c2       0x2d CMakeFiles/30L_DRIVE_LIFE_RGB_FAN.elf.dir/Drivers/STM32F1xx_HAL_Driver/Src/stm32f1xx_hal_cortex.c.obj
 .ARM.attributes
                0x000003ef       0x2d CMakeFiles/30L_DRIVE_LIFE_RGB_FAN.elf.dir/Drivers/STM32F1xx_HAL_Driver/Src/stm32f1xx_hal_dma.c.obj
 .ARM.attributes
                0x0000041c       0x2d CMakeFiles/30L_DRIVE_LIFE_RGB_FAN.elf.dir/Drivers/STM32F1xx_HAL_Driver/Src/stm32f1xx_hal_gpio.c.obj
 .ARM.attributes
                0x00000449       0x2d CMakeFiles/30L_DRIVE_LIFE_RGB_FAN.elf.dir/Drivers/STM32F1xx_HAL_Driver/Src/stm32f1xx_hal_i2c.c.obj
 .ARM.attributes
                0x00000476       0x2d CMakeFiles/30L_DRIVE_LIFE_RGB_FAN.elf.dir/Drivers/STM32F1xx_HAL_Driver/Src/stm32f1xx_hal_pwr.c.obj
 .ARM.attributes
                0x000004a3       0x2d CMakeFiles/30L_DRIVE_LIFE_RGB_FAN.elf.dir/Drivers/STM32F1xx_HAL_Driver/Src/stm32f1xx_hal_rcc.c.obj
 .ARM.attributes
                0x000004d0       0x2d CMakeFiles/30L_DRIVE_LIFE_RGB_FAN.elf.dir/Drivers/STM32F1xx_HAL_Driver/Src/stm32f1xx_hal_rcc_ex.c.obj
 .ARM.attributes
                0x000004fd       0x2d CMakeFiles/30L_DRIVE_LIFE_RGB_FAN.elf.dir/Drivers/STM32F1xx_HAL_Driver/Src/stm32f1xx_hal_tim.c.obj
 .ARM.attributes
                0x0000052a       0x2d CMakeFiles/30L_DRIVE_LIFE_RGB_FAN.elf.dir/Drivers/STM32F1xx_HAL_Driver/Src/stm32f1xx_hal_tim_ex.c.obj
 .ARM.attributes
                0x00000557       0x2d CMakeFiles/30L_DRIVE_LIFE_RGB_FAN.elf.dir/Drivers/STM32F1xx_HAL_Driver/Src/stm32f1xx_hal_uart.c.obj
 .ARM.attributes
                0x00000584       0x1d c:/sysgcc/arm-eabi/bin/../lib/gcc/arm-none-eabi/12.3.1/thumb/v7-m/nofp\libgcc.a(_arm_addsubdf3.o)
 .ARM.attributes
                0x000005a1       0x1d c:/sysgcc/arm-eabi/bin/../lib/gcc/arm-none-eabi/12.3.1/thumb/v7-m/nofp\libgcc.a(_arm_muldivdf3.o)
 .ARM.attributes
                0x000005be       0x1d c:/sysgcc/arm-eabi/bin/../lib/gcc/arm-none-eabi/12.3.1/thumb/v7-m/nofp\libgcc.a(_arm_truncdfsf2.o)
 .ARM.attributes
                0x000005db       0x1d c:/sysgcc/arm-eabi/bin/../lib/gcc/arm-none-eabi/12.3.1/thumb/v7-m/nofp\libgcc.a(_arm_addsubsf3.o)
 .ARM.attributes
                0x000005f8       0x1d c:/sysgcc/arm-eabi/bin/../lib/gcc/arm-none-eabi/12.3.1/thumb/v7-m/nofp\libgcc.a(_arm_muldivsf3.o)
 .ARM.attributes
                0x00000615       0x1d c:/sysgcc/arm-eabi/bin/../lib/gcc/arm-none-eabi/12.3.1/thumb/v7-m/nofp\libgcc.a(_arm_cmpsf2.o)
 .ARM.attributes
                0x00000632       0x2d c:/sysgcc/arm-eabi/bin/../lib/gcc/arm-none-eabi/12.3.1/thumb/v7-m/nofp\libc.a(libc_a-findfp.o)
 .ARM.attributes
                0x0000065f       0x2d c:/sysgcc/arm-eabi/bin/../lib/gcc/arm-none-eabi/12.3.1/thumb/v7-m/nofp\libc.a(libc_a-fwalk.o)
 .ARM.attributes
                0x0000068c       0x2d c:/sysgcc/arm-eabi/bin/../lib/gcc/arm-none-eabi/12.3.1/thumb/v7-m/nofp\libc.a(libc_a-printf.o)
 .ARM.attributes
                0x000006b9       0x2d c:/sysgcc/arm-eabi/bin/../lib/gcc/arm-none-eabi/12.3.1/thumb/v7-m/nofp\libc.a(libc_a-puts.o)
 .ARM.attributes
                0x000006e6       0x2d c:/sysgcc/arm-eabi/bin/../lib/gcc/arm-none-eabi/12.3.1/thumb/v7-m/nofp\libc.a(libc_a-stdio.o)
 .ARM.attributes
                0x00000713       0x2d c:/sysgcc/arm-eabi/bin/../lib/gcc/arm-none-eabi/12.3.1/thumb/v7-m/nofp\libc.a(libc_a-memset.o)
 .ARM.attributes
                0x00000740       0x2d c:/sysgcc/arm-eabi/bin/../lib/gcc/arm-none-eabi/12.3.1/thumb/v7-m/nofp\libc.a(libc_a-closer.o)
 .ARM.attributes
                0x0000076d       0x2d c:/sysgcc/arm-eabi/bin/../lib/gcc/arm-none-eabi/12.3.1/thumb/v7-m/nofp\libc.a(libc_a-reent.o)
 .ARM.attributes
                0x0000079a       0x2d c:/sysgcc/arm-eabi/bin/../lib/gcc/arm-none-eabi/12.3.1/thumb/v7-m/nofp\libc.a(libc_a-impure.o)
 .ARM.attributes
                0x000007c7       0x2d c:/sysgcc/arm-eabi/bin/../lib/gcc/arm-none-eabi/12.3.1/thumb/v7-m/nofp\libc.a(libc_a-lseekr.o)
 .ARM.attributes
                0x000007f4       0x2d c:/sysgcc/arm-eabi/bin/../lib/gcc/arm-none-eabi/12.3.1/thumb/v7-m/nofp\libc.a(libc_a-readr.o)
 .ARM.attributes
                0x00000821       0x2d c:/sysgcc/arm-eabi/bin/../lib/gcc/arm-none-eabi/12.3.1/thumb/v7-m/nofp\libc.a(libc_a-writer.o)
 .ARM.attributes
                0x0000084e       0x2d c:/sysgcc/arm-eabi/bin/../lib/gcc/arm-none-eabi/12.3.1/thumb/v7-m/nofp\libc.a(libc_a-errno.o)
 .ARM.attributes
                0x0000087b       0x2d c:/sysgcc/arm-eabi/bin/../lib/gcc/arm-none-eabi/12.3.1/thumb/v7-m/nofp\libc.a(libc_a-init.o)
 .ARM.attributes
                0x000008a8       0x2d c:/sysgcc/arm-eabi/bin/../lib/gcc/arm-none-eabi/12.3.1/thumb/v7-m/nofp\libc.a(libc_a-lock.o)
 .ARM.attributes
                0x000008d5       0x2d c:/sysgcc/arm-eabi/bin/../lib/gcc/arm-none-eabi/12.3.1/thumb/v7-m/nofp\libc.a(libc_a-strlen-stub.o)
 .ARM.attributes
                0x00000902       0x2d c:/sysgcc/arm-eabi/bin/../lib/gcc/arm-none-eabi/12.3.1/thumb/v7-m/nofp\libc.a(libc_a-__call_atexit.o)
 .ARM.attributes
                0x0000092f       0x2d c:/sysgcc/arm-eabi/bin/../lib/gcc/arm-none-eabi/12.3.1/thumb/v7-m/nofp\libc.a(libc_a-atexit.o)
 .ARM.attributes
                0x0000095c       0x2d c:/sysgcc/arm-eabi/bin/../lib/gcc/arm-none-eabi/12.3.1/thumb/v7-m/nofp\libc.a(libc_a-freer.o)
 .ARM.attributes
                0x00000989       0x2d c:/sysgcc/arm-eabi/bin/../lib/gcc/arm-none-eabi/12.3.1/thumb/v7-m/nofp\libc.a(libc_a-mallocr.o)
 .ARM.attributes
                0x000009b6       0x2d c:/sysgcc/arm-eabi/bin/../lib/gcc/arm-none-eabi/12.3.1/thumb/v7-m/nofp\libc.a(libc_a-mlock.o)
 .ARM.attributes
                0x000009e3       0x2d c:/sysgcc/arm-eabi/bin/../lib/gcc/arm-none-eabi/12.3.1/thumb/v7-m/nofp\libc.a(libc_a-vfprintf.o)
 .ARM.attributes
                0x00000a10       0x2d c:/sysgcc/arm-eabi/bin/../lib/gcc/arm-none-eabi/12.3.1/thumb/v7-m/nofp\libc.a(libc_a-vfiprintf.o)
 .ARM.attributes
                0x00000a3d       0x2d c:/sysgcc/arm-eabi/bin/../lib/gcc/arm-none-eabi/12.3.1/thumb/v7-m/nofp\libc.a(libc_a-fclose.o)
 .ARM.attributes
                0x00000a6a       0x2d c:/sysgcc/arm-eabi/bin/../lib/gcc/arm-none-eabi/12.3.1/thumb/v7-m/nofp\libc.a(libc_a-fflush.o)
 .ARM.attributes
                0x00000a97       0x2d c:/sysgcc/arm-eabi/bin/../lib/gcc/arm-none-eabi/12.3.1/thumb/v7-m/nofp\libc.a(libc_a-fvwrite.o)
 .ARM.attributes
                0x00000ac4       0x2d c:/sysgcc/arm-eabi/bin/../lib/gcc/arm-none-eabi/12.3.1/thumb/v7-m/nofp\libc.a(libc_a-wsetup.o)
 .ARM.attributes
                0x00000af1       0x2d c:/sysgcc/arm-eabi/bin/../lib/gcc/arm-none-eabi/12.3.1/thumb/v7-m/nofp\libc.a(libc_a-fputwc.o)
 .ARM.attributes
                0x00000b1e       0x2d c:/sysgcc/arm-eabi/bin/../lib/gcc/arm-none-eabi/12.3.1/thumb/v7-m/nofp\libc.a(libc_a-memmove.o)
 .ARM.attributes
                0x00000b4b       0x2d c:/sysgcc/arm-eabi/bin/../lib/gcc/arm-none-eabi/12.3.1/thumb/v7-m/nofp\libc.a(libc_a-strncpy.o)
 .ARM.attributes
                0x00000b78       0x2d c:/sysgcc/arm-eabi/bin/../lib/gcc/arm-none-eabi/12.3.1/thumb/v7-m/nofp\libc.a(libc_a-locale.o)
 .ARM.attributes
                0x00000ba5       0x2d c:/sysgcc/arm-eabi/bin/../lib/gcc/arm-none-eabi/12.3.1/thumb/v7-m/nofp\libc.a(libc_a-localeconv.o)
 .ARM.attributes
                0x00000bd2       0x2d c:/sysgcc/arm-eabi/bin/../lib/gcc/arm-none-eabi/12.3.1/thumb/v7-m/nofp\libc.a(libc_a-sbrkr.o)
 .ARM.attributes
                0x00000bff       0x2d c:/sysgcc/arm-eabi/bin/../lib/gcc/arm-none-eabi/12.3.1/thumb/v7-m/nofp\libc.a(libc_a-fini.o)
 .ARM.attributes
                0x00000c2c       0x2d c:/sysgcc/arm-eabi/bin/../lib/gcc/arm-none-eabi/12.3.1/thumb/v7-m/nofp\libc.a(libc_a-sysconf.o)
 .ARM.attributes
                0x00000c59       0x2d c:/sysgcc/arm-eabi/bin/../lib/gcc/arm-none-eabi/12.3.1/thumb/v7-m/nofp\libc.a(libc_a-memchr-stub.o)
 .ARM.attributes
                0x00000c86       0x1b c:/sysgcc/arm-eabi/bin/../lib/gcc/arm-none-eabi/12.3.1/thumb/v7-m/nofp\libc.a(libc_a-memcpy.o)
 .ARM.attributes
                0x00000ca1       0x2d c:/sysgcc/arm-eabi/bin/../lib/gcc/arm-none-eabi/12.3.1/thumb/v7-m/nofp\libc.a(libm_a-s_frexp.o)
 .ARM.attributes
                0x00000cce       0x2d c:/sysgcc/arm-eabi/bin/../lib/gcc/arm-none-eabi/12.3.1/thumb/v7-m/nofp\libc.a(libc_a-__atexit.o)
 .ARM.attributes
                0x00000cfb       0x2d c:/sysgcc/arm-eabi/bin/../lib/gcc/arm-none-eabi/12.3.1/thumb/v7-m/nofp\libc.a(libc_a-dtoa.o)
 .ARM.attributes
                0x00000d28       0x2d c:/sysgcc/arm-eabi/bin/../lib/gcc/arm-none-eabi/12.3.1/thumb/v7-m/nofp\libc.a(libc_a-mbtowc_r.o)
 .ARM.attributes
                0x00000d55       0x2d c:/sysgcc/arm-eabi/bin/../lib/gcc/arm-none-eabi/12.3.1/thumb/v7-m/nofp\libc.a(libc_a-mprec.o)
 .ARM.attributes
                0x00000d82       0x2d c:/sysgcc/arm-eabi/bin/../lib/gcc/arm-none-eabi/12.3.1/thumb/v7-m/nofp\libc.a(libc_a-reallocr.o)
 .ARM.attributes
                0x00000daf       0x2d c:/sysgcc/arm-eabi/bin/../lib/gcc/arm-none-eabi/12.3.1/thumb/v7-m/nofp\libc.a(libc_a-wctomb_r.o)
 .ARM.attributes
                0x00000ddc       0x2d c:/sysgcc/arm-eabi/bin/../lib/gcc/arm-none-eabi/12.3.1/thumb/v7-m/nofp\libc.a(libc_a-wcrtomb.o)
 .ARM.attributes
                0x00000e09       0x2d c:/sysgcc/arm-eabi/bin/../lib/gcc/arm-none-eabi/12.3.1/thumb/v7-m/nofp\libc.a(libc_a-wcsrtombs.o)
 .ARM.attributes
                0x00000e36       0x2d c:/sysgcc/arm-eabi/bin/../lib/gcc/arm-none-eabi/12.3.1/thumb/v7-m/nofp\libc.a(libc_a-ctype_.o)
 .ARM.attributes
                0x00000e63       0x2d c:/sysgcc/arm-eabi/bin/../lib/gcc/arm-none-eabi/12.3.1/thumb/v7-m/nofp\libc.a(libc_a-makebuf.o)
 .ARM.attributes
                0x00000e90       0x2d c:/sysgcc/arm-eabi/bin/../lib/gcc/arm-none-eabi/12.3.1/thumb/v7-m/nofp\libc.a(libc_a-wbuf.o)
 .ARM.attributes
                0x00000ebd       0x2d c:/sysgcc/arm-eabi/bin/../lib/gcc/arm-none-eabi/12.3.1/thumb/v7-m/nofp\libc.a(libc_a-fstatr.o)
 .ARM.attributes
                0x00000eea       0x2d c:/sysgcc/arm-eabi/bin/../lib/gcc/arm-none-eabi/12.3.1/thumb/v7-m/nofp\libc.a(libc_a-isattyr.o)
 .ARM.attributes
                0x00000f17       0x2d c:/sysgcc/arm-eabi/bin/../lib/gcc/arm-none-eabi/12.3.1/thumb/v7-m/nofp\libc.a(libc_a-assert.o)
 .ARM.attributes
                0x00000f44       0x2d c:/sysgcc/arm-eabi/bin/../lib/gcc/arm-none-eabi/12.3.1/thumb/v7-m/nofp\libc.a(libc_a-callocr.o)
 .ARM.attributes
                0x00000f71       0x2d c:/sysgcc/arm-eabi/bin/../lib/gcc/arm-none-eabi/12.3.1/thumb/v7-m/nofp\libc.a(libc_a-wcsnrtombs.o)
 .ARM.attributes
                0x00000f9e       0x2d c:/sysgcc/arm-eabi/bin/../lib/gcc/arm-none-eabi/12.3.1/thumb/v7-m/nofp\libc.a(libc_a-fiprintf.o)
 .ARM.attributes
                0x00000fcb       0x2d c:/sysgcc/arm-eabi/bin/../lib/gcc/arm-none-eabi/12.3.1/thumb/v7-m/nofp\libc.a(libc_a-abort.o)
 .ARM.attributes
                0x00000ff8       0x2d c:/sysgcc/arm-eabi/bin/../lib/gcc/arm-none-eabi/12.3.1/thumb/v7-m/nofp\libc.a(libc_a-signal.o)
 .ARM.attributes
                0x00001025       0x2d c:/sysgcc/arm-eabi/bin/../lib/gcc/arm-none-eabi/12.3.1/thumb/v7-m/nofp\libc.a(libc_a-signalr.o)
 .ARM.attributes
                0x00001052       0x1d c:/sysgcc/arm-eabi/bin/../lib/gcc/arm-none-eabi/12.3.1/thumb/v7-m/nofp\libgcc.a(_arm_cmpdf2.o)
 .ARM.attributes
                0x0000106f       0x1d c:/sysgcc/arm-eabi/bin/../lib/gcc/arm-none-eabi/12.3.1/thumb/v7-m/nofp\libgcc.a(_arm_unorddf2.o)
 .ARM.attributes
                0x0000108c       0x1d c:/sysgcc/arm-eabi/bin/../lib/gcc/arm-none-eabi/12.3.1/thumb/v7-m/nofp\libgcc.a(_arm_fixdfsi.o)
 .ARM.attributes
                0x000010a9       0x2d c:/sysgcc/arm-eabi/bin/../lib/gcc/arm-none-eabi/12.3.1/thumb/v7-m/nofp/crtend.o
 .ARM.attributes
                0x000010d6       0x1d c:/sysgcc/arm-eabi/bin/../lib/gcc/arm-none-eabi/12.3.1/thumb/v7-m/nofp/crtn.o
 .ARM.attributes
                0x000010f3       0x2d c:/sysgcc/arm-eabi/bin/../lib/gcc/arm-none-eabi/12.3.1/thumb/v7-m/nofp\libm.a(libm_a-w_log.o)
 .ARM.attributes
                0x00001120       0x2d c:/sysgcc/arm-eabi/bin/../lib/gcc/arm-none-eabi/12.3.1/thumb/v7-m/nofp\libm.a(libm_a-s_nan.o)
 .ARM.attributes
                0x0000114d       0x2d c:/sysgcc/arm-eabi/bin/../lib/gcc/arm-none-eabi/12.3.1/thumb/v7-m/nofp\libm.a(libm_a-e_log.o)
OUTPUT(30L_DRIVE_LIFE_RGB_FAN.elf elf32-littlearm)
LOAD linker stubs
LOAD c:/sysgcc/arm-eabi/bin/../lib/gcc/arm-none-eabi/12.3.1/thumb/v7-m/nofp\libc.a
LOAD c:/sysgcc/arm-eabi/bin/../lib/gcc/arm-none-eabi/12.3.1/thumb/v7-m/nofp\libm.a
LOAD c:/sysgcc/arm-eabi/bin/../lib/gcc/arm-none-eabi/12.3.1/thumb/v7-m/nofp\libgcc.a

.debug_info     0x00000000    0x19041
 .debug_info    0x00000000      0x2f7 CMakeFiles/30L_DRIVE_LIFE_RGB_FAN.elf.dir/APP/RgbLedDrive.c.obj
 .debug_info    0x000002f7      0xb80 CMakeFiles/30L_DRIVE_LIFE_RGB_FAN.elf.dir/APP/SmartFan.c.obj
 .debug_info    0x00000e77      0x695 CMakeFiles/30L_DRIVE_LIFE_RGB_FAN.elf.dir/APP/SysAdcValue.c.obj
 .debug_info    0x0000150c      0x9de CMakeFiles/30L_DRIVE_LIFE_RGB_FAN.elf.dir/APP/UvcDrive.c.obj
 .debug_info    0x00001eea      0x9e7 CMakeFiles/30L_DRIVE_LIFE_RGB_FAN.elf.dir/Core/Src/adc.c.obj
 .debug_info    0x000028d1      0x2fb CMakeFiles/30L_DRIVE_LIFE_RGB_FAN.elf.dir/Core/Src/dma.c.obj
 .debug_info    0x00002bcc      0x30e CMakeFiles/30L_DRIVE_LIFE_RGB_FAN.elf.dir/Core/Src/gpio.c.obj
 .debug_info    0x00002eda      0x8f5 CMakeFiles/30L_DRIVE_LIFE_RGB_FAN.elf.dir/Core/Src/i2c.c.obj
 .debug_info    0x000037cf      0xd2b CMakeFiles/30L_DRIVE_LIFE_RGB_FAN.elf.dir/Core/Src/main.c.obj
 .debug_info    0x000044fa      0x3a3 CMakeFiles/30L_DRIVE_LIFE_RGB_FAN.elf.dir/Core/Src/stm32f1xx_hal_msp.c.obj
 .debug_info    0x0000489d      0x39b CMakeFiles/30L_DRIVE_LIFE_RGB_FAN.elf.dir/Core/Src/stm32f1xx_it.c.obj
 .debug_info    0x00004c38      0x783 CMakeFiles/30L_DRIVE_LIFE_RGB_FAN.elf.dir/Core/Src/syscalls.c.obj
 .debug_info    0x000053bb      0x171 CMakeFiles/30L_DRIVE_LIFE_RGB_FAN.elf.dir/Core/Src/sysmem.c.obj
 .debug_info    0x0000552c      0x22d CMakeFiles/30L_DRIVE_LIFE_RGB_FAN.elf.dir/Core/Src/system_stm32f1xx.c.obj
 .debug_info    0x00005759      0xf01 CMakeFiles/30L_DRIVE_LIFE_RGB_FAN.elf.dir/Core/Src/tim.c.obj
 .debug_info    0x0000665a      0x922 CMakeFiles/30L_DRIVE_LIFE_RGB_FAN.elf.dir/Core/Src/usart.c.obj
 .debug_info    0x00006f7c       0x30 CMakeFiles/30L_DRIVE_LIFE_RGB_FAN.elf.dir/Core/Startup/startup_stm32f103c8tx.s.obj
 .debug_info    0x00006fac      0x7a2 CMakeFiles/30L_DRIVE_LIFE_RGB_FAN.elf.dir/Drivers/STM32F1xx_HAL_Driver/Src/stm32f1xx_hal.c.obj
 .debug_info    0x0000774e      0xed9 CMakeFiles/30L_DRIVE_LIFE_RGB_FAN.elf.dir/Drivers/STM32F1xx_HAL_Driver/Src/stm32f1xx_hal_adc.c.obj
 .debug_info    0x00008627      0xc3a CMakeFiles/30L_DRIVE_LIFE_RGB_FAN.elf.dir/Drivers/STM32F1xx_HAL_Driver/Src/stm32f1xx_hal_adc_ex.c.obj
 .debug_info    0x00009261      0xcad CMakeFiles/30L_DRIVE_LIFE_RGB_FAN.elf.dir/Drivers/STM32F1xx_HAL_Driver/Src/stm32f1xx_hal_cortex.c.obj
 .debug_info    0x00009f0e      0x7da CMakeFiles/30L_DRIVE_LIFE_RGB_FAN.elf.dir/Drivers/STM32F1xx_HAL_Driver/Src/stm32f1xx_hal_dma.c.obj
 .debug_info    0x0000a6e8      0x604 CMakeFiles/30L_DRIVE_LIFE_RGB_FAN.elf.dir/Drivers/STM32F1xx_HAL_Driver/Src/stm32f1xx_hal_gpio.c.obj
 .debug_info    0x0000acec     0x38b7 CMakeFiles/30L_DRIVE_LIFE_RGB_FAN.elf.dir/Drivers/STM32F1xx_HAL_Driver/Src/stm32f1xx_hal_i2c.c.obj
 .debug_info    0x0000e5a3      0x66f CMakeFiles/30L_DRIVE_LIFE_RGB_FAN.elf.dir/Drivers/STM32F1xx_HAL_Driver/Src/stm32f1xx_hal_pwr.c.obj
 .debug_info    0x0000ec12      0x9c7 CMakeFiles/30L_DRIVE_LIFE_RGB_FAN.elf.dir/Drivers/STM32F1xx_HAL_Driver/Src/stm32f1xx_hal_rcc.c.obj
 .debug_info    0x0000f5d9      0x420 CMakeFiles/30L_DRIVE_LIFE_RGB_FAN.elf.dir/Drivers/STM32F1xx_HAL_Driver/Src/stm32f1xx_hal_rcc_ex.c.obj
 .debug_info    0x0000f9f9     0x3b74 CMakeFiles/30L_DRIVE_LIFE_RGB_FAN.elf.dir/Drivers/STM32F1xx_HAL_Driver/Src/stm32f1xx_hal_tim.c.obj
 .debug_info    0x0001356d     0x1a88 CMakeFiles/30L_DRIVE_LIFE_RGB_FAN.elf.dir/Drivers/STM32F1xx_HAL_Driver/Src/stm32f1xx_hal_tim_ex.c.obj
 .debug_info    0x00014ff5     0x404c CMakeFiles/30L_DRIVE_LIFE_RGB_FAN.elf.dir/Drivers/STM32F1xx_HAL_Driver/Src/stm32f1xx_hal_uart.c.obj

.debug_abbrev   0x00000000     0x3be2
 .debug_abbrev  0x00000000      0x12f CMakeFiles/30L_DRIVE_LIFE_RGB_FAN.elf.dir/APP/RgbLedDrive.c.obj
 .debug_abbrev  0x0000012f      0x255 CMakeFiles/30L_DRIVE_LIFE_RGB_FAN.elf.dir/APP/SmartFan.c.obj
 .debug_abbrev  0x00000384      0x1e5 CMakeFiles/30L_DRIVE_LIFE_RGB_FAN.elf.dir/APP/SysAdcValue.c.obj
 .debug_abbrev  0x00000569      0x1dd CMakeFiles/30L_DRIVE_LIFE_RGB_FAN.elf.dir/APP/UvcDrive.c.obj
 .debug_abbrev  0x00000746      0x207 CMakeFiles/30L_DRIVE_LIFE_RGB_FAN.elf.dir/Core/Src/adc.c.obj
 .debug_abbrev  0x0000094d      0x119 CMakeFiles/30L_DRIVE_LIFE_RGB_FAN.elf.dir/Core/Src/dma.c.obj
 .debug_abbrev  0x00000a66      0x151 CMakeFiles/30L_DRIVE_LIFE_RGB_FAN.elf.dir/Core/Src/gpio.c.obj
 .debug_abbrev  0x00000bb7      0x221 CMakeFiles/30L_DRIVE_LIFE_RGB_FAN.elf.dir/Core/Src/i2c.c.obj
 .debug_abbrev  0x00000dd8      0x292 CMakeFiles/30L_DRIVE_LIFE_RGB_FAN.elf.dir/Core/Src/main.c.obj
 .debug_abbrev  0x0000106a      0x144 CMakeFiles/30L_DRIVE_LIFE_RGB_FAN.elf.dir/Core/Src/stm32f1xx_hal_msp.c.obj
 .debug_abbrev  0x000011ae      0x178 CMakeFiles/30L_DRIVE_LIFE_RGB_FAN.elf.dir/Core/Src/stm32f1xx_it.c.obj
 .debug_abbrev  0x00001326      0x1c1 CMakeFiles/30L_DRIVE_LIFE_RGB_FAN.elf.dir/Core/Src/syscalls.c.obj
 .debug_abbrev  0x000014e7       0xea CMakeFiles/30L_DRIVE_LIFE_RGB_FAN.elf.dir/Core/Src/sysmem.c.obj
 .debug_abbrev  0x000015d1      0x143 CMakeFiles/30L_DRIVE_LIFE_RGB_FAN.elf.dir/Core/Src/system_stm32f1xx.c.obj
 .debug_abbrev  0x00001714      0x287 CMakeFiles/30L_DRIVE_LIFE_RGB_FAN.elf.dir/Core/Src/tim.c.obj
 .debug_abbrev  0x0000199b      0x25c CMakeFiles/30L_DRIVE_LIFE_RGB_FAN.elf.dir/Core/Src/usart.c.obj
 .debug_abbrev  0x00001bf7       0x24 CMakeFiles/30L_DRIVE_LIFE_RGB_FAN.elf.dir/Core/Startup/startup_stm32f103c8tx.s.obj
 .debug_abbrev  0x00001c1b      0x22d CMakeFiles/30L_DRIVE_LIFE_RGB_FAN.elf.dir/Drivers/STM32F1xx_HAL_Driver/Src/stm32f1xx_hal.c.obj
 .debug_abbrev  0x00001e48      0x252 CMakeFiles/30L_DRIVE_LIFE_RGB_FAN.elf.dir/Drivers/STM32F1xx_HAL_Driver/Src/stm32f1xx_hal_adc.c.obj
 .debug_abbrev  0x0000209a      0x287 CMakeFiles/30L_DRIVE_LIFE_RGB_FAN.elf.dir/Drivers/STM32F1xx_HAL_Driver/Src/stm32f1xx_hal_adc_ex.c.obj
 .debug_abbrev  0x00002321      0x36d CMakeFiles/30L_DRIVE_LIFE_RGB_FAN.elf.dir/Drivers/STM32F1xx_HAL_Driver/Src/stm32f1xx_hal_cortex.c.obj
 .debug_abbrev  0x0000268e      0x244 CMakeFiles/30L_DRIVE_LIFE_RGB_FAN.elf.dir/Drivers/STM32F1xx_HAL_Driver/Src/stm32f1xx_hal_dma.c.obj
 .debug_abbrev  0x000028d2      0x1f7 CMakeFiles/30L_DRIVE_LIFE_RGB_FAN.elf.dir/Drivers/STM32F1xx_HAL_Driver/Src/stm32f1xx_hal_gpio.c.obj